Archive member included to satisfy reference by file (symbol)

.\CortexM3\ARM_GCC_541\Debug\Gaspedal_Watchdog.a(CyDmac.o)
                              .\CortexM3\ARM_GCC_541\Debug\Cm3Start.o (CyDmacConfigure)
.\CortexM3\ARM_GCC_541\Debug\Gaspedal_Watchdog.a(CyLib.o)
                              .\CortexM3\ARM_GCC_541\Debug\Cm3Start.o (CyHalt)
.\CortexM3\ARM_GCC_541\Debug\Gaspedal_Watchdog.a(cyPm.o)
                              .\CortexM3\ARM_GCC_541\Debug\Gaspedal_Watchdog.a(CyLib.o) (CyPmReadStatus)
.\CortexM3\ARM_GCC_541\Debug\Gaspedal_Watchdog.a(ErikaOS_ee_activate.o)
                              .\CortexM3\ARM_GCC_541\Debug\main.o (EE_oo_ActivateTask)
.\CortexM3\ARM_GCC_541\Debug\Gaspedal_Watchdog.a(ErikaOS_ee_alsetrel.o)
                              .\CortexM3\ARM_GCC_541\Debug\main.o (EE_oo_SetRelAlarm)
.\CortexM3\ARM_GCC_541\Debug\Gaspedal_Watchdog.a(ErikaOS_ee_altick.o)
                              .\CortexM3\ARM_GCC_541\Debug\Gaspedal_Watchdog.a(ErikaOS_ee_alsetrel.o) (EE_oo_counter_object_insert)
.\CortexM3\ARM_GCC_541\Debug\Gaspedal_Watchdog.a(ErikaOS_ee_evclear.o)
                              .\CortexM3\ARM_GCC_541\Debug\tsk_control.o (EE_oo_ClearEvent)
.\CortexM3\ARM_GCC_541\Debug\Gaspedal_Watchdog.a(ErikaOS_ee_evget.o)
                              .\CortexM3\ARM_GCC_541\Debug\tsk_control.o (EE_oo_GetEvent)
.\CortexM3\ARM_GCC_541\Debug\Gaspedal_Watchdog.a(ErikaOS_ee_evset.o)
                              .\CortexM3\ARM_GCC_541\Debug\swc_control.o (EE_oo_SetEvent)
.\CortexM3\ARM_GCC_541\Debug\Gaspedal_Watchdog.a(ErikaOS_ee_evwait.o)
                              .\CortexM3\ARM_GCC_541\Debug\tsk_control.o (EE_oo_WaitEvent)
.\CortexM3\ARM_GCC_541\Debug\Gaspedal_Watchdog.a(ErikaOS_ee_irqendin.o)
                              .\CortexM3\ARM_GCC_541\Debug\main.o (EE_IRQ_end_post_stub)
.\CortexM3\ARM_GCC_541\Debug\Gaspedal_Watchdog.a(ErikaOS_ee_lockres.o)
                              .\CortexM3\ARM_GCC_541\Debug\swc_control.o (EE_oo_GetResource)
.\CortexM3\ARM_GCC_541\Debug\Gaspedal_Watchdog.a(ErikaOS_ee_lookup.o)
                              .\CortexM3\ARM_GCC_541\Debug\Gaspedal_Watchdog.a(ErikaOS_ee_irqendin.o) (EE_oo_IRQ_disable_count)
.\CortexM3\ARM_GCC_541\Debug\Gaspedal_Watchdog.a(ErikaOS_ee_rq_exchg.o)
                              .\CortexM3\ARM_GCC_541\Debug\Gaspedal_Watchdog.a(ErikaOS_ee_activate.o) (EE_rq2stk_exchange)
.\CortexM3\ARM_GCC_541\Debug\Gaspedal_Watchdog.a(ErikaOS_ee_rq_first.o)
                              .\CortexM3\ARM_GCC_541\Debug\Gaspedal_Watchdog.a(ErikaOS_ee_activate.o) (EE_rq_queryfirst)
.\CortexM3\ARM_GCC_541\Debug\Gaspedal_Watchdog.a(ErikaOS_ee_rq_inser.o)
                              .\CortexM3\ARM_GCC_541\Debug\Gaspedal_Watchdog.a(ErikaOS_ee_activate.o) (EE_rq_insert)
.\CortexM3\ARM_GCC_541\Debug\Gaspedal_Watchdog.a(ErikaOS_ee_startos.o)
                              .\CortexM3\ARM_GCC_541\Debug\main.o (EE_oo_StartOS)
.\CortexM3\ARM_GCC_541\Debug\Gaspedal_Watchdog.a(ErikaOS_ee_terminat.o)
                              .\CortexM3\ARM_GCC_541\Debug\main.o (EE_oo_TerminateTask)
.\CortexM3\ARM_GCC_541\Debug\Gaspedal_Watchdog.a(ErikaOS_ee_ulockres.o)
                              .\CortexM3\ARM_GCC_541\Debug\swc_control.o (EE_oo_ReleaseResource)
.\CortexM3\ARM_GCC_541\Debug\Gaspedal_Watchdog.a(ErikaOS_cortex_mx_ee_utils.o)
                              .\CortexM3\ARM_GCC_541\Debug\main.o (EE_system_init)
.\CortexM3\ARM_GCC_541\Debug\Gaspedal_Watchdog.a(ErikaOS_common_ee_hal_structs.o)
                              .\CortexM3\ARM_GCC_541\Debug\Gaspedal_Watchdog.a(ErikaOS_ee_irqendin.o) (EE_std_endcycle_next_tid)
.\CortexM3\ARM_GCC_541\Debug\Gaspedal_Watchdog.a(ErikaOS_eecfg.o)
                              .\CortexM3\ARM_GCC_541\Debug\Gaspedal_Watchdog.a(ErikaOS_ee_startos.o) (EE_oo_autostart_task_data)
.\CortexM3\ARM_GCC_541\Debug\Gaspedal_Watchdog.a(UART_Logs.o)
                              .\CortexM3\ARM_GCC_541\Debug\main.o (UART_Logs_Start)
.\CortexM3\ARM_GCC_541\Debug\Gaspedal_Watchdog.a(UART_Logs_INT.o)
                              .\CortexM3\ARM_GCC_541\Debug\Gaspedal_Watchdog.a(UART_Logs.o) (UART_Logs_RXISR)
.\CortexM3\ARM_GCC_541\Debug\Gaspedal_Watchdog.a(UART_Logs_IntClock.o)
                              .\CortexM3\ARM_GCC_541\Debug\Gaspedal_Watchdog.a(UART_Logs.o) (UART_Logs_IntClock_Start)
.\CortexM3\ARM_GCC_541\Debug\Gaspedal_Watchdog.a(BUTTON_1.o)
                              .\CortexM3\ARM_GCC_541\Debug\button.o (BUTTON_1_Read)
.\CortexM3\ARM_GCC_541\Debug\Gaspedal_Watchdog.a(isr_Button.o)
                              .\CortexM3\ARM_GCC_541\Debug\button.o (isr_Button_StartEx)
.\CortexM3\ARM_GCC_541\Debug\Gaspedal_Watchdog.a(BUTTON_2.o)
                              .\CortexM3\ARM_GCC_541\Debug\button.o (BUTTON_2_Read)
.\CortexM3\ARM_GCC_541\Debug\Gaspedal_Watchdog.a(BUTTON_3.o)
                              .\CortexM3\ARM_GCC_541\Debug\button.o (BUTTON_3_Read)
.\CortexM3\ARM_GCC_541\Debug\Gaspedal_Watchdog.a(BUTTON_4.o)
[...]
Memory Configuration

Name             Origin             Length             Attributes
rom              0x00000000         0x00040000         xr
ram              0x1fff8000         0x00010000         xrw
*default*        0x00000000         0xffffffff

Linker script and memory map

LOAD c:/program files (x86)/cypress/psoc creator/4.4/psoc creator/import/gnu/arm/5.4.1/bin/../lib/gcc/arm-none-eabi/5.4.1/armv7-m/crti.o
LOAD c:/program files (x86)/cypress/psoc creator/4.4/psoc creator/import/gnu/arm/5.4.1/bin/../lib/gcc/arm-none-eabi/5.4.1/armv7-m/crtbegin.o
LOAD c:/program files (x86)/cypress/psoc creator/4.4/psoc creator/import/gnu/arm/5.4.1/bin/../lib/gcc/arm-none-eabi/5.4.1/../../../../arm-none-eabi/lib/armv7-m/crt0.o
START GROUP
LOAD .\CortexM3\ARM_GCC_541\Debug\main.o
LOAD .\CortexM3\ARM_GCC_541\Debug\swc_control.o
LOAD .\CortexM3\ARM_GCC_541\Debug\swc_output.o
LOAD .\CortexM3\ARM_GCC_541\Debug\tsk_control.o
LOAD .\CortexM3\ARM_GCC_541\Debug\swc_input.o
LOAD .\CortexM3\ARM_GCC_541\Debug\swc_logging.o
LOAD .\CortexM3\ARM_GCC_541\Debug\tsk_io.o
LOAD .\CortexM3\ARM_GCC_541\Debug\tsk_logging.o
LOAD .\CortexM3\ARM_GCC_541\Debug\tft.o
LOAD .\CortexM3\ARM_GCC_541\Debug\logging.o
LOAD .\CortexM3\ARM_GCC_541\Debug\button.o
LOAD .\CortexM3\ARM_GCC_541\Debug\joystick.o
LOAD .\CortexM3\ARM_GCC_541\Debug\led.o
LOAD .\CortexM3\ARM_GCC_541\Debug\rte.o
LOAD .\CortexM3\ARM_GCC_541\Debug\sc_brakelight.o
LOAD .\CortexM3\ARM_GCC_541\Debug\sc_joystick.o
LOAD .\CortexM3\ARM_GCC_541\Debug\sc_speed.o
LOAD .\CortexM3\ARM_GCC_541\Debug\sp_common.o
LOAD .\CortexM3\ARM_GCC_541\Debug\sc_brakelight_type.o
LOAD .\CortexM3\ARM_GCC_541\Debug\sc_engine.o
LOAD .\CortexM3\ARM_GCC_541\Debug\sc_engine_type.o
LOAD .\CortexM3\ARM_GCC_541\Debug\sc_joystick_type.o
LOAD .\CortexM3\ARM_GCC_541\Debug\sc_logging.o
LOAD .\CortexM3\ARM_GCC_541\Debug\sc_logging_type.o
LOAD .\CortexM3\ARM_GCC_541\Debug\cyfitter_cfg.o
LOAD .\CortexM3\ARM_GCC_541\Debug\cymetadata.o
LOAD .\CortexM3\ARM_GCC_541\Debug\Cm3Start.o
LOAD .\CortexM3\ARM_GCC_541\Debug\Gaspedal_Watchdog.a
LOAD C:\Program Files (x86)\Cypress\PSoC Creator\4.4\PSoC Creator\psoc\content\cycomponentlibrary\CyComponentLibrary.cylib\CortexM3\ARM_GCC_541\Debug\CyComponentLibrary.a
END GROUP
START GROUP
LOAD c:/program files (x86)/cypress/psoc creator/4.4/psoc creator/import/gnu/arm/5.4.1/bin/../lib/gcc/arm-none-eabi/5.4.1/armv7-m\libgcc.a
LOAD c:/program files (x86)/cypress/psoc creator/4.4/psoc creator/import/gnu/arm/5.4.1/bin/../lib/gcc/arm-none-eabi/5.4.1/../../../../arm-none-eabi/lib/armv7-m\libg_nano.a
LOAD c:/program files (x86)/cypress/psoc creator/4.4/psoc creator/import/gnu/arm/5.4.1/bin/../lib/gcc/arm-none-eabi/5.4.1/../../../../arm-none-eabi/lib/armv7-m\libc_nano.a
END GROUP
START GROUP
LOAD c:/program files (x86)/cypress/psoc creator/4.4/psoc creator/import/gnu/arm/5.4.1/bin/../lib/gcc/arm-none-eabi/5.4.1/armv7-m\libgcc.a
LOAD c:/program files (x86)/cypress/psoc creator/4.4/psoc creator/import/gnu/arm/5.4.1/bin/../lib/gcc/arm-none-eabi/5.4.1/../../../../arm-none-eabi/lib/armv7-m\libc_nano.a
END GROUP
LOAD c:/program files (x86)/cypress/psoc creator/4.4/psoc creator/import/gnu/arm/5.4.1/bin/../lib/gcc/arm-none-eabi/5.4.1/armv7-m/crtend.o
LOAD c:/program files (x86)/cypress/psoc creator/4.4/psoc creator/import/gnu/arm/5.4.1/bin/../lib/gcc/arm-none-eabi/5.4.1/armv7-m/crtn.o
START GROUP
LOAD c:/program files (x86)/cypress/psoc creator/4.4/psoc creator/import/gnu/arm/5.4.1/bin/../lib/gcc/arm-none-eabi/5.4.1/armv7-m\libgcc.a
LOAD c:/program files (x86)/cypress/psoc creator/4.4/psoc creator/import/gnu/arm/5.4.1/bin/../lib/gcc/arm-none-eabi/5.4.1/../../../../arm-none-eabi/lib/armv7-m\libc.a
LOAD c:/program files (x86)/cypress/psoc creator/4.4/psoc creator/import/gnu/arm/5.4.1/bin/../lib/gcc/arm-none-eabi/5.4.1/../../../../arm-none-eabi/lib/armv7-m\libnosys.a
END GROUP
                0x00000000                CY_APPL_ORIGIN = 0x0
                0x00000100                CY_FLASH_ROW_SIZE = 0x100
                0x00000020                CY_ECC_ROW_SIZE = 0x20
                0x00000000                CY_EE_IN_BTLDR = 0x0
                0x00000000                CY_APPL_LOADABLE = 0x0
                0x00000800                CY_EE_SIZE = 0x800
                0x00000001                CY_APPL_NUM = 0x1
                0x00000001                CY_APPL_MAX = 0x1
                0x00000040                CY_METADATA_SIZE = 0x40
                0x00000000                CY_APPL_LOADABLE = 0x0
                0x00000000                CY_CHECKSUM_EXCLUDE_SIZE = ALIGN (0x0, CY_FLASH_ROW_SIZE)
                [!provide]                PROVIDE (__cy_heap_start, _end)
                0x00000001                PROVIDE (__cy_region_num, ((__cy_regions_end - __cy_regions) / 0x10))
                0x20008000                PROVIDE (__cy_stack, (ORIGIN (ram) + LENGTH (ram)))
                [!provide]                PROVIDE (__cy_heap_end, (__cy_stack - 0x800))

.cybootloader   0x00000000        0x0
 *(.cybootloader)
                0x00000000                appl1_start = CY_APPL_ORIGIN?CY_APPL_ORIGIN:ALIGN (CY_FLASH_ROW_SIZE)
                0x0001ff00                appl2_start = (appl1_start + ALIGN ((((LENGTH (rom) - appl1_start) - (0x2 * CY_FLASH_ROW_SIZE)) / 0x2), CY_FLASH_ROW_SIZE))
                0x00000000                appl_start = (CY_APPL_NUM == 0x1)?appl1_start:appl2_start
                0x00000000                ecc_offset = ((appl_start / CY_FLASH_ROW_SIZE) * CY_ECC_ROW_SIZE)
                0x00000000                ee_offset = (CY_APPL_LOADABLE && ! (CY_EE_IN_BTLDR))?((CY_EE_SIZE / CY_APPL_MAX) * (CY_APPL_NUM - 0x1)):0x0
                0x00000800                ee_size = (CY_APPL_LOADABLE && ! (CY_EE_IN_BTLDR))?(CY_EE_SIZE / CY_APPL_MAX):CY_EE_SIZE
                [!provide]                PROVIDE (CY_ECC_OFFSET, ecc_offset)

.text           0x00000000     0x30ae
 CREATE_OBJECT_SYMBOLS
                0x00000000                PROVIDE (__cy_interrupt_vector, RomVectors)
 *(.romvectors)
 .romvectors    0x00000000       0x10 .\CortexM3\ARM_GCC_541\Debug\Cm3Start.o
                0x00000000                RomVectors
                0x00000001                ASSERT ((. != __cy_interrupt_vector), No interrupt vector)
                0x00000001                ASSERT (CY_APPL_ORIGIN?(SIZEOF (.cybootloader) <= CY_APPL_ORIGIN):0x1, Wrong image location)
                0x00000010                PROVIDE (__cy_reset, Reset)
 *(.text.Reset)
 .text.Reset    0x00000010       0x18 .\CortexM3\ARM_GCC_541\Debug\Cm3Start.o
                0x00000010                Reset
                0x00000001                ASSERT ((. != __cy_reset), No reset code)
 *(.dma_init)
                0x00000001                ASSERT ((((appl_start + .) <= 0x10000) || 0x1), DMA Init must be within the first 64k of flash)
 *(.text .text.* .gnu.linkonce.t.*)
 .text          0x00000028       0x5c c:/program files (x86)/cypress/psoc creator/4.4/psoc creator/import/gnu/arm/5.4.1/bin/../lib/gcc/arm-none-eabi/5.4.1/armv7-m/crtbegin.o
 .text.ISR2_systick_handler
                0x00000084        0xc .\CortexM3\ARM_GCC_541\Debug\main.o
                0x00000084                ISR2_systick_handler
 .text.systick_handler
                0x00000090       0x98 .\CortexM3\ARM_GCC_541\Debug\main.o
                0x00000090                systick_handler
 .text.main     0x00000128       0x28 .\CortexM3\ARM_GCC_541\Debug\main.o
                0x00000128                main
 .text.Functsk_init
                0x00000150       0x58 .\CortexM3\ARM_GCC_541\Debug\main.o
                0x00000150                Functsk_init
 .text.Functsk_background
                0x000001a8        0x4 .\CortexM3\ARM_GCC_541\Debug\main.o
                0x000001a8                Functsk_background
 .text.CONTROL_calcControl_run
                0x000001ac       0x74 .\CortexM3\ARM_GCC_541\Debug\swc_control.o
                0x000001ac                CONTROL_calcControl_run
 .text.OUTPUT_setEngine_run
                0x00000220       0x84 .\CortexM3\ARM_GCC_541\Debug\swc_output.o
                0x00000220                OUTPUT_setEngine_run
 .text.OUTPUT_setBrakeLight_run
                0x000002a4       0x94 .\CortexM3\ARM_GCC_541\Debug\swc_output.o
                0x000002a4                OUTPUT_setBrakeLight_run
 .text.Functsk_control
                0x00000338       0x2c .\CortexM3\ARM_GCC_541\Debug\tsk_control.o
                0x00000338                Functsk_control
 .text.INPUT_readJoystick_run
                0x00000364       0xb0 .\CortexM3\ARM_GCC_541\Debug\swc_input.o
                0x00000364                INPUT_readJoystick_run
 .text.reverseString
                0x00000414       0x20 .\CortexM3\ARM_GCC_541\Debug\swc_logging.o
                0x00000414                reverseString
 .text.convertToString
                0x00000434       0x60 .\CortexM3\ARM_GCC_541\Debug\swc_logging.o
                0x00000434                convertToString
 .text.LOGGING_logging_run
                0x00000494       0xb0 .\CortexM3\ARM_GCC_541\Debug\swc_logging.o
                0x00000494                LOGGING_logging_run
 .text.Functsk_io
                0x00000544       0x4c .\CortexM3\ARM_GCC_541\Debug\tsk_io.o
                0x00000544                Functsk_io
 .text.Functsk_logging
                0x00000590       0x2c .\CortexM3\ARM_GCC_541\Debug\tsk_logging.o
                0x00000590                Functsk_logging
 .text.__TFT_SPI_TX_ISR
                0x000005bc       0x58 .\CortexM3\ARM_GCC_541\Debug\tft.o
                0x000005bc                __TFT_SPI_TX_ISR
 .text.TFT_send
                0x00000614       0x84 .\CortexM3\ARM_GCC_541\Debug\tft.o
 .text.setAddrWindow
                0x00000698       0x88 .\CortexM3\ARM_GCC_541\Debug\tft.o
 .text.TFT_setRotation
                0x00000720       0xc0 .\CortexM3\ARM_GCC_541\Debug\tft.o
                0x00000720                TFT_setRotation
 .text.TFT_setCursor
                0x000007e0       0x10 .\CortexM3\ARM_GCC_541\Debug\tft.o
                0x000007e0                TFT_setCursor
 .text.TFT_fillRect
                0x000007f0       0x8c .\CortexM3\ARM_GCC_541\Debug\tft.o
                0x000007f0                TFT_fillRect
 .text.TFT_fillScreen
                0x0000087c       0x24 .\CortexM3\ARM_GCC_541\Debug\tft.o
                0x0000087c                TFT_fillScreen
 .text.TFT_init
                0x000008a0       0xe4 .\CortexM3\ARM_GCC_541\Debug\tft.o
                0x000008a0                TFT_init
 .text.TFT_drawPixel
                0x00000984       0x50 .\CortexM3\ARM_GCC_541\Debug\tft.o
                0x00000984                TFT_drawPixel
 .text.TFT_fastVLine
                0x000009d4       0x64 .\CortexM3\ARM_GCC_541\Debug\tft.o
                0x000009d4                TFT_fastVLine
 .text.TFT_drawChar
                0x00000a38      0x21c .\CortexM3\ARM_GCC_541\Debug\tft.o
                0x00000a38                TFT_drawChar
 .text.TFT_write
                0x00000c54      0x144 .\CortexM3\ARM_GCC_541\Debug\tft.o
                0x00000c54                TFT_write
 .text.TFT_print
                0x00000d98       0x14 .\CortexM3\ARM_GCC_541\Debug\tft.o
                0x00000d98                TFT_print
 .text.LOG_send
                0x00000dac       0x2c .\CortexM3\ARM_GCC_541\Debug\logging.o
                0x00000dac                LOG_send
 .text.JOYSTICK_Init
                0x00000dd8       0x10 .\CortexM3\ARM_GCC_541\Debug\joystick.o
                0x00000dd8                JOYSTICK_Init
 .text.JOYSTICK_ReadPosition
                0x00000de8       0x3c .\CortexM3\ARM_GCC_541\Debug\joystick.o
                0x00000de8                JOYSTICK_ReadPosition
 .text.LED_Set  0x00000e24       0x60 .\CortexM3\ARM_GCC_541\Debug\led.o
                0x00000e24                LED_Set
 .text.LED_Init
                0x00000e84       0x34 .\CortexM3\ARM_GCC_541\Debug\led.o
                0x00000e84                LED_Init
 .text.LED_RGB_Set
                0x00000eb8       0x28 .\CortexM3\ARM_GCC_541\Debug\led.o
                0x00000eb8                LED_RGB_Set
 .text.RTE_ProcessCyclicTable
                0x00000ee0       0x30 .\CortexM3\ARM_GCC_541\Debug\rte.o
                0x00000ee0                RTE_ProcessCyclicTable
 .text.RTE_ProcessEventTable
                0x00000f10       0x28 .\CortexM3\ARM_GCC_541\Debug\rte.o
                0x00000f10                RTE_ProcessEventTable
 .text.SC_BRAKELIGHT_driverOut
                0x00000f38       0x1c .\CortexM3\ARM_GCC_541\Debug\sc_brakelight_type.o
                0x00000f38                SC_BRAKELIGHT_driverOut
 .text.SC_ENGINE_driverOut
                0x00000f54       0x10 .\CortexM3\ARM_GCC_541\Debug\sc_engine_type.o
                0x00000f54                SC_ENGINE_driverOut
 .text.SC_JOYSTICK_driverIn
                0x00000f64       0x28 .\CortexM3\ARM_GCC_541\Debug\sc_joystick_type.o
                0x00000f64                SC_JOYSTICK_driverIn
 .text.SC_LOGGING_driverOut
                0x00000f8c       0x5c .\CortexM3\ARM_GCC_541\Debug\sc_logging_type.o
                0x00000f8c                SC_LOGGING_driverOut
 .text.CyClockStartupError
                0x00000fe8        0x4 .\CortexM3\ARM_GCC_541\Debug\cyfitter_cfg.o
 .text.cfg_write_bytes32
                0x00000fec       0x34 .\CortexM3\ARM_GCC_541\Debug\cyfitter_cfg.o
 .text.CYMEMZERO
                0x00001020        0xc .\CortexM3\ARM_GCC_541\Debug\cyfitter_cfg.o
 .text.ClockSetup
                0x0000102c       0xe4 .\CortexM3\ARM_GCC_541\Debug\cyfitter_cfg.o
 .text.AnalogSetDefault
                0x00001110       0x7c .\CortexM3\ARM_GCC_541\Debug\cyfitter_cfg.o
 .text.CYCONFIGCPY
                0x0000118c        0x8 .\CortexM3\ARM_GCC_541\Debug\cyfitter_cfg.o
 .text.cyfitter_cfg
                0x00001194      0x150 .\CortexM3\ARM_GCC_541\Debug\cyfitter_cfg.o
                0x00001194                cyfitter_cfg
 .text.IntDefaultHandler
                0x000012e4       0x10 .\CortexM3\ARM_GCC_541\Debug\Cm3Start.o
                0x000012e4                IntDefaultHandler
 .text.Start_c  0x000012f4       0x4c .\CortexM3\ARM_GCC_541\Debug\Cm3Start.o
                0x000012f4                Start_c
 .text.initialize_psoc
                0x00001340       0x6c .\CortexM3\ARM_GCC_541\Debug\Cm3Start.o
                0x00001340                initialize_psoc
 .text.CyDmacConfigure
                0x000013ac       0x34 .\CortexM3\ARM_GCC_541\Debug\Gaspedal_Watchdog.a(CyDmac.o)
                0x000013ac                CyDmacConfigure
 .text.CyDmaChEnable
                0x000013e0       0x38 .\CortexM3\ARM_GCC_541\Debug\Gaspedal_Watchdog.a(CyDmac.o)
                0x000013e0                CyDmaChEnable
 .text.CyDmaClearPendingDrq
                0x00001418       0x28 .\CortexM3\ARM_GCC_541\Debug\Gaspedal_Watchdog.a(CyDmac.o)
                0x00001418                CyDmaClearPendingDrq
 .text.CyDmaChPriority
                0x00001440       0x24 .\CortexM3\ARM_GCC_541\Debug\Gaspedal_Watchdog.a(CyDmac.o)
                0x00001440                CyDmaChPriority
 .text.CyDmaChSetExtendedAddress
                0x00001464       0x34 .\CortexM3\ARM_GCC_541\Debug\Gaspedal_Watchdog.a(CyDmac.o)
                0x00001464                CyDmaChSetExtendedAddress
 .text.CyDmaChSetInitialTd
                0x00001498       0x18 .\CortexM3\ARM_GCC_541\Debug\Gaspedal_Watchdog.a(CyDmac.o)
                0x00001498                CyDmaChSetInitialTd
 .text.CyDmaChSetConfiguration
                0x000014b0       0x44 .\CortexM3\ARM_GCC_541\Debug\Gaspedal_Watchdog.a(CyDmac.o)
                0x000014b0                CyDmaChSetConfiguration
 .text.CyDmaTdAllocate
                0x000014f4       0x34 .\CortexM3\ARM_GCC_541\Debug\Gaspedal_Watchdog.a(CyDmac.o)
                0x000014f4                CyDmaTdAllocate
 .text.CyDmaTdSetConfiguration
                0x00001528       0x28 .\CortexM3\ARM_GCC_541\Debug\Gaspedal_Watchdog.a(CyDmac.o)
                0x00001528                CyDmaTdSetConfiguration
 .text.CyDmaTdSetAddress
                0x00001550       0x1c .\CortexM3\ARM_GCC_541\Debug\Gaspedal_Watchdog.a(CyDmac.o)
                0x00001550                CyDmaTdSetAddress
 .text.CyHalt   0x0000156c        0x4 .\CortexM3\ARM_GCC_541\Debug\Gaspedal_Watchdog.a(CyLib.o)
                0x0000156c                CyHalt
 .text.CyDelay  0x00001570       0x2c .\CortexM3\ARM_GCC_541\Debug\Gaspedal_Watchdog.a(CyLib.o)
                0x00001570                CyDelay
 .text.CyDelayUs
                0x0000159c       0x14 .\CortexM3\ARM_GCC_541\Debug\Gaspedal_Watchdog.a(CyLib.o)
                0x0000159c                CyDelayUs
 .text.CyIntSetVector
                0x000015b0       0x28 .\CortexM3\ARM_GCC_541\Debug\Gaspedal_Watchdog.a(CyLib.o)
                0x000015b0                CyIntSetVector
 .text.CyIntSetPriority
                0x000015d8       0x30 .\CortexM3\ARM_GCC_541\Debug\Gaspedal_Watchdog.a(CyLib.o)
                0x000015d8                CyIntSetPriority
 .text.EE_oo_ActivateTask
                0x00001608       0xe8 .\CortexM3\ARM_GCC_541\Debug\Gaspedal_Watchdog.a(ErikaOS_ee_activate.o)
                0x00001608                EE_oo_ActivateTask
 .text.EE_oo_SetRelAlarm
                0x000016f0       0x80 .\CortexM3\ARM_GCC_541\Debug\Gaspedal_Watchdog.a(ErikaOS_ee_alsetrel.o)
                0x000016f0                EE_oo_SetRelAlarm
 .text.EE_oo_handle_action_callback
                0x00001770        0xc .\CortexM3\ARM_GCC_541\Debug\Gaspedal_Watchdog.a(ErikaOS_ee_altick.o)
 .text.EE_oo_handle_action_task
                0x0000177c       0x4c .\CortexM3\ARM_GCC_541\Debug\Gaspedal_Watchdog.a(ErikaOS_ee_altick.o)
 .text.EE_oo_handle_action_event
                0x000017c8       0x60 .\CortexM3\ARM_GCC_541\Debug\Gaspedal_Watchdog.a(ErikaOS_ee_altick.o)
 .text.EE_oo_handle_action
                0x00001828       0x28 .\CortexM3\ARM_GCC_541\Debug\Gaspedal_Watchdog.a(ErikaOS_ee_altick.o)
 .text.EE_oo_counter_object_insert
                0x00001850       0x9c .\CortexM3\ARM_GCC_541\Debug\Gaspedal_Watchdog.a(ErikaOS_ee_altick.o)
                0x00001850                EE_oo_counter_object_insert
 .text.EE_oo_IncrementCounterImplementation
                0x000018ec      0x100 .\CortexM3\ARM_GCC_541\Debug\Gaspedal_Watchdog.a(ErikaOS_ee_altick.o)
                0x000018ec                EE_oo_IncrementCounterImplementation
 .text.EE_oo_IncrementCounter
                0x000019ec       0xb0 .\CortexM3\ARM_GCC_541\Debug\Gaspedal_Watchdog.a(ErikaOS_ee_altick.o)
                0x000019ec                EE_oo_IncrementCounter
 .text.EE_oo_ClearEvent
                0x00001a9c       0x5c .\CortexM3\ARM_GCC_541\Debug\Gaspedal_Watchdog.a(ErikaOS_ee_evclear.o)
                0x00001a9c                EE_oo_ClearEvent
 .text.EE_oo_GetEvent
                0x00001af8       0x40 .\CortexM3\ARM_GCC_541\Debug\Gaspedal_Watchdog.a(ErikaOS_ee_evget.o)
                0x00001af8                EE_oo_GetEvent
 .text.EE_oo_SetEvent
                0x00001b38      0x100 .\CortexM3\ARM_GCC_541\Debug\Gaspedal_Watchdog.a(ErikaOS_ee_evset.o)
                0x00001b38                EE_oo_SetEvent
 .text.EE_oo_WaitEvent
                0x00001c38      0x124 .\CortexM3\ARM_GCC_541\Debug\Gaspedal_Watchdog.a(ErikaOS_ee_evwait.o)
                0x00001c38                EE_oo_WaitEvent
 .text.EE_IRQ_run_next_task
                0x00001d5c       0x30 .\CortexM3\ARM_GCC_541\Debug\Gaspedal_Watchdog.a(ErikaOS_ee_irqendin.o)
 .text.EE_IRQ_end_instance
                0x00001d8c       0x68 .\CortexM3\ARM_GCC_541\Debug\Gaspedal_Watchdog.a(ErikaOS_ee_irqendin.o)
                0x00001d8c                EE_IRQ_end_instance
 .text.EE_IRQ_end_post_stub
                0x00001df4       0x14 .\CortexM3\ARM_GCC_541\Debug\Gaspedal_Watchdog.a(ErikaOS_ee_irqendin.o)
                0x00001df4                EE_IRQ_end_post_stub
 .text.EE_oo_GetResource
                0x00001e08       0xa8 .\CortexM3\ARM_GCC_541\Debug\Gaspedal_Watchdog.a(ErikaOS_ee_lockres.o)
                0x00001e08                EE_oo_GetResource
 .text.EE_rq2stk_exchange
                0x00001eb0       0x88 .\CortexM3\ARM_GCC_541\Debug\Gaspedal_Watchdog.a(ErikaOS_ee_rq_exchg.o)
                0x00001eb0                EE_rq2stk_exchange
 .text.EE_rq_queryfirst
                0x00001f38       0x44 .\CortexM3\ARM_GCC_541\Debug\Gaspedal_Watchdog.a(ErikaOS_ee_rq_first.o)
                0x00001f38                EE_rq_queryfirst
 .text.EE_rq_insert
                0x00001f7c       0x74 .\CortexM3\ARM_GCC_541\Debug\Gaspedal_Watchdog.a(ErikaOS_ee_rq_inser.o)
                0x00001f7c                EE_rq_insert
 .text.compute_task_tid
                0x00001ff0       0x10 .\CortexM3\ARM_GCC_541\Debug\Gaspedal_Watchdog.a(ErikaOS_ee_startos.o)
 .text.EE_oo_start_os
                0x00002000        0xc .\CortexM3\ARM_GCC_541\Debug\Gaspedal_Watchdog.a(ErikaOS_ee_startos.o)
 .text.EE_oo_autostart_tasks
                0x0000200c       0x60 .\CortexM3\ARM_GCC_541\Debug\Gaspedal_Watchdog.a(ErikaOS_ee_startos.o)
 .text.EE_oo_autostart_os
                0x0000206c        0xc .\CortexM3\ARM_GCC_541\Debug\Gaspedal_Watchdog.a(ErikaOS_ee_startos.o)
 .text.EE_oo_StartOS
                0x00002078       0x8c .\CortexM3\ARM_GCC_541\Debug\Gaspedal_Watchdog.a(ErikaOS_ee_startos.o)
                0x00002078                EE_oo_StartOS
 .text.EE_oo_TerminateTask
                0x00002104       0x50 .\CortexM3\ARM_GCC_541\Debug\Gaspedal_Watchdog.a(ErikaOS_ee_terminat.o)
                0x00002104                EE_oo_TerminateTask
 .text.EE_oo_ReleaseResource
                0x00002154      0x124 .\CortexM3\ARM_GCC_541\Debug\Gaspedal_Watchdog.a(ErikaOS_ee_ulockres.o)
                0x00002154                EE_oo_ReleaseResource
 .text.EE_system_init
                0x00002278       0x20 .\CortexM3\ARM_GCC_541\Debug\Gaspedal_Watchdog.a(ErikaOS_cortex_mx_ee_utils.o)
                0x00002278                EE_system_init
 .text.UART_Logs_Init
                0x00002298       0x5c .\CortexM3\ARM_GCC_541\Debug\Gaspedal_Watchdog.a(UART_Logs.o)
                0x00002298                UART_Logs_Init
 .text.UART_Logs_Enable
                0x000022f4       0x50 .\CortexM3\ARM_GCC_541\Debug\Gaspedal_Watchdog.a(UART_Logs.o)
                0x000022f4                UART_Logs_Enable
 .text.UART_Logs_Start
                0x00002344       0x1c .\CortexM3\ARM_GCC_541\Debug\Gaspedal_Watchdog.a(UART_Logs.o)
                0x00002344                UART_Logs_Start
 .text.UART_Logs_PutChar
                0x00002360       0x70 .\CortexM3\ARM_GCC_541\Debug\Gaspedal_Watchdog.a(UART_Logs.o)
                0x00002360                UART_Logs_PutChar
 .text.UART_Logs_PutString
                0x000023d0       0x24 .\CortexM3\ARM_GCC_541\Debug\Gaspedal_Watchdog.a(UART_Logs.o)
                0x000023d0                UART_Logs_PutString
 .text.UART_Logs_RXISR
                0x000023f4       0x98 .\CortexM3\ARM_GCC_541\Debug\Gaspedal_Watchdog.a(UART_Logs_INT.o)
                0x000023f4                UART_Logs_RXISR
 .text.UART_Logs_TXISR
                0x0000248c       0x58 .\CortexM3\ARM_GCC_541\Debug\Gaspedal_Watchdog.a(UART_Logs_INT.o)
                0x0000248c                UART_Logs_TXISR
 .text.UART_Logs_IntClock_Start
                0x000024e4       0x1c .\CortexM3\ARM_GCC_541\Debug\Gaspedal_Watchdog.a(UART_Logs_IntClock.o)
                0x000024e4                UART_Logs_IntClock_Start
 .text.LED_red_Write
                0x00002500       0x18 .\CortexM3\ARM_GCC_541\Debug\Gaspedal_Watchdog.a(LED_red.o)
                0x00002500                LED_red_Write
 .text.LED_yellow_Write
                0x00002518       0x18 .\CortexM3\ARM_GCC_541\Debug\Gaspedal_Watchdog.a(LED_yellow.o)
                0x00002518                LED_yellow_Write
 .text.LED_green_Write
                0x00002530       0x18 .\CortexM3\ARM_GCC_541\Debug\Gaspedal_Watchdog.a(LED_green.o)
                0x00002530                LED_green_Write
 .text.RGB_PWM_red_Enable
                0x00002548       0x10 .\CortexM3\ARM_GCC_541\Debug\Gaspedal_Watchdog.a(RGB_PWM_red.o)
                0x00002548                RGB_PWM_red_Enable
 .text.RGB_PWM_red_WriteCounter
                0x00002558        0xc .\CortexM3\ARM_GCC_541\Debug\Gaspedal_Watchdog.a(RGB_PWM_red.o)
                0x00002558                RGB_PWM_red_WriteCounter
 .text.RGB_PWM_red_WritePeriod
                0x00002564        0xc .\CortexM3\ARM_GCC_541\Debug\Gaspedal_Watchdog.a(RGB_PWM_red.o)
                0x00002564                RGB_PWM_red_WritePeriod
 .text.RGB_PWM_red_WriteCompare
                0x00002570        0xc .\CortexM3\ARM_GCC_541\Debug\Gaspedal_Watchdog.a(RGB_PWM_red.o)
                0x00002570                RGB_PWM_red_WriteCompare
 .text.RGB_PWM_red_Init
                0x0000257c       0x40 .\CortexM3\ARM_GCC_541\Debug\Gaspedal_Watchdog.a(RGB_PWM_red.o)
                0x0000257c                RGB_PWM_red_Init
 .text.RGB_PWM_red_Start
                0x000025bc       0x1c .\CortexM3\ARM_GCC_541\Debug\Gaspedal_Watchdog.a(RGB_PWM_red.o)
                0x000025bc                RGB_PWM_red_Start
 .text.RGB_PWM_green_Enable
                0x000025d8       0x10 .\CortexM3\ARM_GCC_541\Debug\Gaspedal_Watchdog.a(RGB_PWM_green.o)
                0x000025d8                RGB_PWM_green_Enable
 .text.RGB_PWM_green_WriteCounter
                0x000025e8        0xc .\CortexM3\ARM_GCC_541\Debug\Gaspedal_Watchdog.a(RGB_PWM_green.o)
                0x000025e8                RGB_PWM_green_WriteCounter
 .text.RGB_PWM_green_WritePeriod
                0x000025f4        0xc .\CortexM3\ARM_GCC_541\Debug\Gaspedal_Watchdog.a(RGB_PWM_green.o)
                0x000025f4                RGB_PWM_green_WritePeriod
 .text.RGB_PWM_green_WriteCompare
                0x00002600        0xc .\CortexM3\ARM_GCC_541\Debug\Gaspedal_Watchdog.a(RGB_PWM_green.o)
                0x00002600                RGB_PWM_green_WriteCompare
 .text.RGB_PWM_green_Init
                0x0000260c       0x40 .\CortexM3\ARM_GCC_541\Debug\Gaspedal_Watchdog.a(RGB_PWM_green.o)
                0x0000260c                RGB_PWM_green_Init
 .text.RGB_PWM_green_Start
                0x0000264c       0x1c .\CortexM3\ARM_GCC_541\Debug\Gaspedal_Watchdog.a(RGB_PWM_green.o)
                0x0000264c                RGB_PWM_green_Start
 .text.RGB_PWM_blue_Enable
                0x00002668       0x10 .\CortexM3\ARM_GCC_541\Debug\Gaspedal_Watchdog.a(RGB_PWM_blue.o)
                0x00002668                RGB_PWM_blue_Enable
 .text.RGB_PWM_blue_WriteCounter
                0x00002678        0xc .\CortexM3\ARM_GCC_541\Debug\Gaspedal_Watchdog.a(RGB_PWM_blue.o)
                0x00002678                RGB_PWM_blue_WriteCounter
 .text.RGB_PWM_blue_WritePeriod
                0x00002684        0xc .\CortexM3\ARM_GCC_541\Debug\Gaspedal_Watchdog.a(RGB_PWM_blue.o)
                0x00002684                RGB_PWM_blue_WritePeriod
 .text.RGB_PWM_blue_WriteCompare
                0x00002690        0xc .\CortexM3\ARM_GCC_541\Debug\Gaspedal_Watchdog.a(RGB_PWM_blue.o)
                0x00002690                RGB_PWM_blue_WriteCompare
 .text.RGB_PWM_blue_Init
                0x0000269c       0x40 .\CortexM3\ARM_GCC_541\Debug\Gaspedal_Watchdog.a(RGB_PWM_blue.o)
                0x0000269c                RGB_PWM_blue_Init
 .text.RGB_PWM_blue_Start
                0x000026dc       0x1c .\CortexM3\ARM_GCC_541\Debug\Gaspedal_Watchdog.a(RGB_PWM_blue.o)
                0x000026dc                RGB_PWM_blue_Start
 .text.JOYSTICK_ADC_XY_Init
                0x000026f8       0x3c .\CortexM3\ARM_GCC_541\Debug\Gaspedal_Watchdog.a(JOYSTICK_ADC_XY.o)
                0x000026f8                JOYSTICK_ADC_XY_Init
 .text.JOYSTICK_ADC_XY_Enable
                0x00002734       0xcc .\CortexM3\ARM_GCC_541\Debug\Gaspedal_Watchdog.a(JOYSTICK_ADC_XY.o)
                0x00002734                JOYSTICK_ADC_XY_Enable
 .text.JOYSTICK_ADC_XY_Start
                0x00002800       0x28 .\CortexM3\ARM_GCC_541\Debug\Gaspedal_Watchdog.a(JOYSTICK_ADC_XY.o)
                0x00002800                JOYSTICK_ADC_XY_Start
 .text.JOYSTICK_ADC_XY_StartConvert
                0x00002828        0x8 .\CortexM3\ARM_GCC_541\Debug\Gaspedal_Watchdog.a(JOYSTICK_ADC_XY.o)
                0x00002828                JOYSTICK_ADC_XY_StartConvert
 .text.JOYSTICK_ADC_XY_IsEndConversion
                0x00002830       0x18 .\CortexM3\ARM_GCC_541\Debug\Gaspedal_Watchdog.a(JOYSTICK_ADC_XY.o)
                0x00002830                JOYSTICK_ADC_XY_IsEndConversion
 .text.JOYSTICK_ADC_XY_GetResult16
                0x00002848       0x1c .\CortexM3\ARM_GCC_541\Debug\Gaspedal_Watchdog.a(JOYSTICK_ADC_XY.o)
                0x00002848                JOYSTICK_ADC_XY_GetResult16
 .text.JOYSTICK_ADC_XY_ISR
                0x00002864        0x4 .\CortexM3\ARM_GCC_541\Debug\Gaspedal_Watchdog.a(JOYSTICK_ADC_XY_INT.o)
                0x00002864                JOYSTICK_ADC_XY_ISR
 .text.JOYSTICK_ADC_XY_SAR_CalcGain
                0x00002868       0x64 .\CortexM3\ARM_GCC_541\Debug\Gaspedal_Watchdog.a(JOYSTICK_ADC_XY_SAR.o)
 .text.JOYSTICK_ADC_XY_SAR_Enable
                0x000028cc       0x78 .\CortexM3\ARM_GCC_541\Debug\Gaspedal_Watchdog.a(JOYSTICK_ADC_XY_SAR.o)
                0x000028cc                JOYSTICK_ADC_XY_SAR_Enable
 .text.JOYSTICK_ADC_XY_SAR_SetResolution
                0x00002944       0x38 .\CortexM3\ARM_GCC_541\Debug\Gaspedal_Watchdog.a(JOYSTICK_ADC_XY_SAR.o)
                0x00002944                JOYSTICK_ADC_XY_SAR_SetResolution
 .text.JOYSTICK_ADC_XY_SAR_Init
                0x0000297c       0x24 .\CortexM3\ARM_GCC_541\Debug\Gaspedal_Watchdog.a(JOYSTICK_ADC_XY_SAR.o)
                0x0000297c                JOYSTICK_ADC_XY_SAR_Init
 .text.JOYSTICK_ADC_XY_SAR_Start
                0x000029a0       0x1c .\CortexM3\ARM_GCC_541\Debug\Gaspedal_Watchdog.a(JOYSTICK_ADC_XY_SAR.o)
                0x000029a0                JOYSTICK_ADC_XY_SAR_Start
 .text.JOYSTICK_ADC_XY_SAR_StartConvert
                0x000029bc       0x10 .\CortexM3\ARM_GCC_541\Debug\Gaspedal_Watchdog.a(JOYSTICK_ADC_XY_SAR.o)
                0x000029bc                JOYSTICK_ADC_XY_SAR_StartConvert
 .text.JOYSTICK_ADC_XY_TempBuf_DmaInitialize
                0x000029cc       0x3c .\CortexM3\ARM_GCC_541\Debug\Gaspedal_Watchdog.a(JOYSTICK_ADC_XY_TempBuf_dma.o)
                0x000029cc                JOYSTICK_ADC_XY_TempBuf_DmaInitialize
 .text.JOYSTICK_ADC_XY_FinalBuf_DmaInitialize
                0x00002a08       0x3c .\CortexM3\ARM_GCC_541\Debug\Gaspedal_Watchdog.a(JOYSTICK_ADC_XY_FinalBuf_dma.o)
                0x00002a08                JOYSTICK_ADC_XY_FinalBuf_DmaInitialize
 .text.JOYSTICK_ADC_XY_IRQ_SetVector
                0x00002a44        0xc .\CortexM3\ARM_GCC_541\Debug\Gaspedal_Watchdog.a(JOYSTICK_ADC_XY_IRQ.o)
                0x00002a44                JOYSTICK_ADC_XY_IRQ_SetVector
 .text.JOYSTICK_ADC_XY_IRQ_SetPriority
                0x00002a50       0x10 .\CortexM3\ARM_GCC_541\Debug\Gaspedal_Watchdog.a(JOYSTICK_ADC_XY_IRQ.o)
                0x00002a50                JOYSTICK_ADC_XY_IRQ_SetPriority
 .text.TFT_SPI_Enable
                0x00002a60       0x34 .\CortexM3\ARM_GCC_541\Debug\Gaspedal_Watchdog.a(TFT_SPI.o)
                0x00002a60                TFT_SPI_Enable
 .text.TFT_SPI_ReadTxStatus
                0x00002a94        0xc .\CortexM3\ARM_GCC_541\Debug\Gaspedal_Watchdog.a(TFT_SPI.o)
                0x00002a94                TFT_SPI_ReadTxStatus
 .text.TFT_SPI_ReadRxStatus
                0x00002aa0        0xc .\CortexM3\ARM_GCC_541\Debug\Gaspedal_Watchdog.a(TFT_SPI.o)
                0x00002aa0                TFT_SPI_ReadRxStatus
 .text.TFT_SPI_WriteTxData
                0x00002aac       0x18 .\CortexM3\ARM_GCC_541\Debug\Gaspedal_Watchdog.a(TFT_SPI.o)
                0x00002aac                TFT_SPI_WriteTxData
 .text.TFT_SPI_ClearFIFO
                0x00002ac4       0x3c .\CortexM3\ARM_GCC_541\Debug\Gaspedal_Watchdog.a(TFT_SPI.o)
                0x00002ac4                TFT_SPI_ClearFIFO
 .text.TFT_SPI_Init
                0x00002b00       0x28 .\CortexM3\ARM_GCC_541\Debug\Gaspedal_Watchdog.a(TFT_SPI.o)
                0x00002b00                TFT_SPI_Init
 .text.TFT_SPI_Start
                0x00002b28       0x1c .\CortexM3\ARM_GCC_541\Debug\Gaspedal_Watchdog.a(TFT_SPI.o)
                0x00002b28                TFT_SPI_Start
 .text.TFT_DC_Write
                0x00002b44       0x18 .\CortexM3\ARM_GCC_541\Debug\Gaspedal_Watchdog.a(TFT_DC.o)
                0x00002b44                TFT_DC_Write
 .text.TFT_RES_Write
                0x00002b5c       0x18 .\CortexM3\ARM_GCC_541\Debug\Gaspedal_Watchdog.a(TFT_RES.o)
                0x00002b5c                TFT_RES_Write
 .text.TFT_BackLight_Enable
                0x00002b74       0x28 .\CortexM3\ARM_GCC_541\Debug\Gaspedal_Watchdog.a(TFT_BackLight.o)
                0x00002b74                TFT_BackLight_Enable
 .text.TFT_BackLight_WritePeriod
                0x00002b9c        0xc .\CortexM3\ARM_GCC_541\Debug\Gaspedal_Watchdog.a(TFT_BackLight.o)
                0x00002b9c                TFT_BackLight_WritePeriod
 .text.TFT_BackLight_WriteCompare
                0x00002ba8        0xc .\CortexM3\ARM_GCC_541\Debug\Gaspedal_Watchdog.a(TFT_BackLight.o)
                0x00002ba8                TFT_BackLight_WriteCompare
 .text.TFT_BackLight_SetInterruptMode
                0x00002bb4        0xc .\CortexM3\ARM_GCC_541\Debug\Gaspedal_Watchdog.a(TFT_BackLight.o)
                0x00002bb4                TFT_BackLight_SetInterruptMode
 .text.TFT_BackLight_Init
                0x00002bc0       0x74 .\CortexM3\ARM_GCC_541\Debug\Gaspedal_Watchdog.a(TFT_BackLight.o)
                0x00002bc0                TFT_BackLight_Init
 .text.TFT_BackLight_Start
                0x00002c34       0x1c .\CortexM3\ARM_GCC_541\Debug\Gaspedal_Watchdog.a(TFT_BackLight.o)
                0x00002c34                TFT_BackLight_Start
 .text.TFT_SPI_IntClock_Start
                0x00002c50       0x1c .\CortexM3\ARM_GCC_541\Debug\Gaspedal_Watchdog.a(TFT_SPI_IntClock.o)
                0x00002c50                TFT_SPI_IntClock_Start
 *fill*         0x00002c6c        0x4 
 .text          0x00002c70       0x20 .\CortexM3\ARM_GCC_541\Debug\Gaspedal_Watchdog.a(CyBootAsmGnu.o)
                0x00002c70                CyDelayCycles
                0x00002c80                CyEnterCriticalSection
                0x00002c88                CyExitCriticalSection
 .text          0x00002c90       0x7c .\CortexM3\ARM_GCC_541\Debug\Gaspedal_Watchdog.a(ErikaOS_ee_gnu_change_context_isr.o)
                0x00002c90                EE_set_switch_context_pri
                0x00002caa                EE_switch_context
                0x00002cb4                EE_cortex_mx_pendsv_ISR
                0x00002cf0                EE_cortex_mx_svc_ISR
 .text          0x00002d0c       0x24 .\CortexM3\ARM_GCC_541\Debug\Gaspedal_Watchdog.a(ErikaOS_ee_gnu_irq_stack.o)
                0x00002d0c                EE_cortex_mx_change_IRQ_stack
                0x00002d1e                EE_cortex_mx_change_IRQ_stack_back
 .text          0x00002d30       0x68 .\CortexM3\ARM_GCC_541\Debug\Gaspedal_Watchdog.a(ErikaOS_ee_gnu_multi_context.o)
                0x00002d30                EE_cortex_mx_change_context
 .text          0x00002d98       0x80 .\CortexM3\ARM_GCC_541\Debug\Gaspedal_Watchdog.a(ErikaOS_ee_gnu_oo.o)
                0x00002d98                EE_hal_terminate_savestk
                0x00002de2                EE_hal_terminate_task
 .text.EE_thread_not_terminated
                0x00002e18       0x18 .\CortexM3\ARM_GCC_541\Debug\Gaspedal_Watchdog.a(ErikaOS_ee_tnterm.o)
                0x00002e18                EE_thread_not_terminated
 .text.EE_oo_thread_stub
                0x00002e30       0x10 .\CortexM3\ARM_GCC_541\Debug\Gaspedal_Watchdog.a(ErikaOS_ee_tstub.o)
                0x00002e30                EE_oo_thread_stub
 .text.EE_oo_release_all_resources
                0x00002e40       0x58 .\CortexM3\ARM_GCC_541\Debug\Gaspedal_Watchdog.a(ErikaOS_ee_ulockallres.o)
                0x00002e40                EE_oo_release_all_resources
 .text.EE_std_run_task_code
                0x00002e98       0x18 .\CortexM3\ARM_GCC_541\Debug\Gaspedal_Watchdog.a(ErikaOS_cortex_mx_ee_context.o)
                0x00002e98                EE_std_run_task_code
 .text.EE_std_need_context_change
                0x00002eb0       0x28 .\CortexM3\ARM_GCC_541\Debug\Gaspedal_Watchdog.a(ErikaOS_cortex_mx_ee_context.o)
                0x00002eb0                EE_std_need_context_change
 .text.EE_thread_rnact_max
                0x00002ed8       0x20 .\CortexM3\ARM_GCC_541\Debug\Gaspedal_Watchdog.a(ErikaOS_ee_thendin.o)
 .text.EE_thread_endcycle_next
                0x00002ef8       0x30 .\CortexM3\ARM_GCC_541\Debug\Gaspedal_Watchdog.a(ErikaOS_ee_thendin.o)
 .text.EE_thread_end_instance
                0x00002f28      0x108 .\CortexM3\ARM_GCC_541\Debug\Gaspedal_Watchdog.a(ErikaOS_ee_thendin.o)
                0x00002f28                EE_thread_end_instance
 .text.__errno  0x00003030        0xc c:/program files (x86)/cypress/psoc creator/4.4/psoc creator/import/gnu/arm/5.4.1/bin/../lib/gcc/arm-none-eabi/5.4.1/../../../../arm-none-eabi/lib/armv7-m\libg_nano.a(lib_a-errno.o)
                0x00003030                __errno
 .text.__libc_init_array
                0x0000303c       0x4c c:/program files (x86)/cypress/psoc creator/4.4/psoc creator/import/gnu/arm/5.4.1/bin/../lib/gcc/arm-none-eabi/5.4.1/../../../../arm-none-eabi/lib/armv7-m\libg_nano.a(lib_a-init.o)
                0x0000303c                __libc_init_array
 .text.memcpy   0x00003088       0x16 c:/program files (x86)/cypress/psoc creator/4.4/psoc creator/import/gnu/arm/5.4.1/bin/../lib/gcc/arm-none-eabi/5.4.1/../../../../arm-none-eabi/lib/armv7-m\libg_nano.a(lib_a-memcpy-stub.o)
                0x00003088                memcpy
 .text.memset   0x0000309e       0x10 c:/program files (x86)/cypress/psoc creator/4.4/psoc creator/import/gnu/arm/5.4.1/bin/../lib/gcc/arm-none-eabi/5.4.1/../../../../arm-none-eabi/lib/armv7-m\libg_nano.a(lib_a-memset.o)
                0x0000309e                memset
 *(.plt)
 *(.gnu.warning)
 *(.glue_7t)
 .glue_7t       0x000030ae        0x0 linker stubs
 *(.glue_7)
 .glue_7        0x000030ae        0x0 linker stubs
 *(.vfp11_veneer)
 .vfp11_veneer  0x000030ae        0x0 linker stubs
 *(.bootloader)
 *(.ARM.extab* .gnu.linkonce.armextab.*)
 *(.gcc_except_table)

.v4_bx          0x000030b0        0x0
 .v4_bx         0x000030b0        0x0 linker stubs

.iplt           0x000030b0        0x0
 .iplt          0x000030b0        0x0 c:/program files (x86)/cypress/psoc creator/4.4/psoc creator/import/gnu/arm/5.4.1/bin/../lib/gcc/arm-none-eabi/5.4.1/armv7-m/crtbegin.o

.eh_frame_hdr
 *(.eh_frame_hdr)

.eh_frame       0x000030b0        0x4
 *(.eh_frame)
 .eh_frame      0x000030b0        0x0 c:/program files (x86)/cypress/psoc creator/4.4/psoc creator/import/gnu/arm/5.4.1/bin/../lib/gcc/arm-none-eabi/5.4.1/armv7-m/crtbegin.o
 .eh_frame      0x000030b0        0x4 c:/program files (x86)/cypress/psoc creator/4.4/psoc creator/import/gnu/arm/5.4.1/bin/../lib/gcc/arm-none-eabi/5.4.1/armv7-m/crtend.o
                [!provide]                PROVIDE (__exidx_start, .)

.ARM.exidx
 *(.ARM.exidx* .gnu.linkonce.armexidx.*)
                0x000030b4                __exidx_end = .

.rodata         0x000030b4      0xbec
 *(.rodata .rodata.* .gnu.linkonce.r.*)
 .rodata.str1.4
                0x000030b4       0x10 .\CortexM3\ARM_GCC_541\Debug\main.o
 .rodata        0x000030c4        0xa .\CortexM3\ARM_GCC_541\Debug\tsk_control.o
                0x000030c4                RTE_eventActivationTable_tsk_control
                0x000030cc                RTE_eventActivation_tsk_control_size
 *fill*         0x000030ce        0x2 
 .rodata.str1.4
                0x000030d0       0x14 .\CortexM3\ARM_GCC_541\Debug\swc_logging.o
 .rodata        0x000030e4       0x1c .\CortexM3\ARM_GCC_541\Debug\tsk_io.o
                0x000030e4                RTE_cyclicActivationTable_tsk_io
                0x000030f4                RTE_eventActivationTable_tsk_io
                0x000030fc                RTE_eventActivation_tsk_io_size
                0x000030fe                RTE_cyclicActivation_tsk_io_size
 .rodata        0x00003100        0xa .\CortexM3\ARM_GCC_541\Debug\tsk_logging.o
                0x00003100                RTE_eventActivationTable_tsk_logging
                0x00003108                RTE_eventActivation_tsk_logging_size
 *fill*         0x0000310a        0x2 
 .rodata        0x0000310c      0x558 .\CortexM3\ARM_GCC_541\Debug\tft.o
 .rodata.str1.4
                0x00003664       0x14 .\CortexM3\ARM_GCC_541\Debug\tft.o
 .rodata.str1.4
                0x00003678       0x18 .\CortexM3\ARM_GCC_541\Debug\logging.o
 .rodata        0x00003690      0x200 .\CortexM3\ARM_GCC_541\Debug\led.o
 .rodata        0x00003890       0xd4 .\CortexM3\ARM_GCC_541\Debug\sp_common.o
                0x00003930                so_speed_updTasks
                0x0000395c                so_joystick_updTasks
 .rodata.str1.4
                0x00003964       0x14 .\CortexM3\ARM_GCC_541\Debug\sp_common.o
 .rodata.str1.4
                0x00003964        0x3 .\CortexM3\ARM_GCC_541\Debug\sc_logging_type.o
                                  0x6 (size before relaxing)
 *fill*         0x00003967        0x1 
 .rodata        0x00003968       0x3a .\CortexM3\ARM_GCC_541\Debug\cyfitter_cfg.o
 *fill*         0x000039a2        0x2 
 .rodata        0x000039a4      0x100 .\CortexM3\ARM_GCC_541\Debug\Gaspedal_Watchdog.a(ErikaOS_ee_lookup.o)
                0x000039a4                EE_rq_lookup
 .rodata        0x00003aa4      0x104 .\CortexM3\ARM_GCC_541\Debug\Gaspedal_Watchdog.a(ErikaOS_eecfg.o)
                0x00003aa4                EE_oo_autostart_task_data
                0x00003ab0                EE_oo_action_ROM
                0x00003ac4                EE_oo_counter_object_ROM
                0x00003ad0                EE_ALARM_ID
                0x00003ad4                EE_alarm_ROM
                0x00003ad8                EE_counter_ROM
                0x00003ae4                EE_resource_ceiling
                0x00003af8                EE_th_is_extended
                0x00003b0c                EE_th_rnact_max
                0x00003b20                EE_th_dispatch_prio
                0x00003b34                EE_EVENT_ID
                0x00003b40                EE_RESOURCE_ID
                0x00003b54                EE_th_ready_prio
                0x00003b68                EE_terminate_real_th_body
                0x00003b7c                EE_hal_thread_body
                0x00003b90                EE_std_thread_tos
 .rodata.str1.4
                0x00003ba8       0xc0 .\CortexM3\ARM_GCC_541\Debug\Gaspedal_Watchdog.a(ErikaOS_eecfg.o)
 .rodata.str1.1
                0x00003c68        0x2 c:/program files (x86)/cypress/psoc creator/4.4/psoc creator/import/gnu/arm/5.4.1/bin/../lib/gcc/arm-none-eabi/5.4.1/../../../../arm-none-eabi/lib/armv7-m\libg_nano.a(lib_a-impure.o)
                0x00003c6c                . = ALIGN (0x4)
 *fill*         0x00003c6a        0x2 
 *(.init)
 .init          0x00003c6c        0x4 c:/program files (x86)/cypress/psoc creator/4.4/psoc creator/import/gnu/arm/5.4.1/bin/../lib/gcc/arm-none-eabi/5.4.1/armv7-m/crti.o
                0x00003c6c                _init
 .init          0x00003c70        0x8 c:/program files (x86)/cypress/psoc creator/4.4/psoc creator/import/gnu/arm/5.4.1/bin/../lib/gcc/arm-none-eabi/5.4.1/armv7-m/crtn.o
                0x00003c78                . = ALIGN (0x4)
                0x00003c78                __preinit_array_start = .
 *(.preinit_array)
                0x00003c78                __preinit_array_end = .
                0x00003c78                . = ALIGN (0x4)
                0x00003c78                __init_array_start = .
 *(SORT(.init_array.*))
 *(.init_array)
 .init_array    0x00003c78        0x4 c:/program files (x86)/cypress/psoc creator/4.4/psoc creator/import/gnu/arm/5.4.1/bin/../lib/gcc/arm-none-eabi/5.4.1/armv7-m/crtbegin.o
 .init_array    0x00003c7c        0x4 .\CortexM3\ARM_GCC_541\Debug\Cm3Start.o
                0x00003c80                __init_array_end = .
                0x00003c80                . = ALIGN (0x4)
 *(.fini)
 .fini          0x00003c80        0x4 c:/program files (x86)/cypress/psoc creator/4.4/psoc creator/import/gnu/arm/5.4.1/bin/../lib/gcc/arm-none-eabi/5.4.1/armv7-m/crti.o
                0x00003c80                _fini
 .fini          0x00003c84        0x8 c:/program files (x86)/cypress/psoc creator/4.4/psoc creator/import/gnu/arm/5.4.1/bin/../lib/gcc/arm-none-eabi/5.4.1/armv7-m/crtn.o
                0x00003c8c                . = ALIGN (0x4)
                0x00003c8c                __fini_array_start = .
 *(.fini_array)
 .fini_array    0x00003c8c        0x4 c:/program files (x86)/cypress/psoc creator/4.4/psoc creator/import/gnu/arm/5.4.1/bin/../lib/gcc/arm-none-eabi/5.4.1/armv7-m/crtbegin.o
 *(SORT(.fini_array.*))
                0x00003c90                __fini_array_end = .
                0x00003c90                . = ALIGN (0x4)
 *crtbegin.o(.ctors)
 *(EXCLUDE_FILE(*crtend.o) .ctors)
 *(SORT(.ctors.*))
 *crtend.o(.ctors)
                0x00003c90                . = ALIGN (0x4)
 *crtbegin.o(.dtors)
 *(EXCLUDE_FILE(*crtend.o) .dtors)
 *(SORT(.dtors.*))
 *crtend.o(.dtors)
                0x00003c90                . = ALIGN (0x4)
                0x00003c90                __cy_regions = .
                0x00003c90        0x4 LONG 0x3ca0 __cy_region_init_ram
                0x00003c94        0x4 LONG 0x1fff80c8 __cy_region_start_data
                0x00003c98        0x4 LONG 0x250 __cy_region_init_size_ram
                0x00003c9c        0x4 LONG 0x1078 __cy_region_zero_size_ram
                0x00003ca0                __cy_regions_end = .
                0x00003ca0                . = ALIGN (0x8)
                0x00003ca0                _etext = .

.cy_checksum_exclude
                0x00003ca0        0x0
 *(.cy_checksum_exclude)

.ramvectors     0x1fff8000       0xc0
                0x1fff8000                __cy_region_start_ram = .
 *(.ramvectors)
 .ramvectors    0x1fff8000       0xc0 .\CortexM3\ARM_GCC_541\Debug\Cm3Start.o
                0x1fff8000                CyRamVectors

.noinit         0x1fff80c0        0x1
 *(.noinit)
 .noinit        0x1fff80c0        0x1 .\CortexM3\ARM_GCC_541\Debug\Gaspedal_Watchdog.a(CyLib.o)
                0x1fff80c0                CyResetStatus

.data           0x1fff80c8      0x250 load address 0x00003ca0
                0x1fff80c8                __cy_region_start_data = .
 *(.jcr)
 .jcr           0x1fff80c8        0x0 c:/program files (x86)/cypress/psoc creator/4.4/psoc creator/import/gnu/arm/5.4.1/bin/../lib/gcc/arm-none-eabi/5.4.1/armv7-m/crtbegin.o
 .jcr           0x1fff80c8        0x4 c:/program files (x86)/cypress/psoc creator/4.4/psoc creator/import/gnu/arm/5.4.1/bin/../lib/gcc/arm-none-eabi/5.4.1/armv7-m/crtend.o
 *(.got.plt)
 *(.got)
 *(.shdata)
 *(.data .data.* .gnu.linkonce.d.*)
 .data          0x1fff80cc       0x48 .\CortexM3\ARM_GCC_541\Debug\sp_common.o
                0x1fff80cc                SO_JOYSTICK_signal
                0x1fff80d8                SO_SPEED_signal
                0x1fff80e4                SO_ENGINE_signal
                0x1fff80f0                SO_BRAKELIGHT_signal
                0x1fff80fc                SO_LOGGING_signal
 .data          0x1fff8114        0x1 .\CortexM3\ARM_GCC_541\Debug\sc_logging_type.o
 *fill*         0x1fff8115        0x3 
 .data          0x1fff8118        0x8 .\CortexM3\ARM_GCC_541\Debug\Gaspedal_Watchdog.a(CyDmac.o)
 .data          0x1fff8120       0x10 .\CortexM3\ARM_GCC_541\Debug\Gaspedal_Watchdog.a(CyLib.o)
                0x1fff8120                cydelay_32k_ms
                0x1fff8124                cydelay_freq_khz
                0x1fff8128                cydelay_freq_mhz
                0x1fff812c                cydelay_freq_hz
 .data          0x1fff8130      0x178 .\CortexM3\ARM_GCC_541\Debug\Gaspedal_Watchdog.a(ErikaOS_eecfg.o)
                0x1fff8130                EE_ALARM_NAME
                0x1fff8134                EE_counter_RAM
                0x1fff813c                EE_resource_stack
                0x1fff8150                EE_th_resource_last
                0x1fff8164                EE_th_terminate_nextask
                0x1fff8178                EE_rq_pairs_next
                0x1fff818c                EE_rq_link
                0x1fff81a0                EE_th_rnact
                0x1fff81b4                EE_rq_queues_tail
                0x1fff81f4                EE_rq_queues_head
                0x1fff8234                EE_stkfirst
                0x1fff8238                EE_th_next
                0x1fff824c                EE_th_status
                0x1fff8260                EE_EVENT_NAME
                0x1fff826c                EE_RESOURCE_NAME
                0x1fff8280                EE_TASK_NAME
                0x1fff8294                EE_cortex_mx_IRQ_tos
                0x1fff8298                EE_cortex_mx_system_tos
 .data          0x1fff82a8        0x2 .\CortexM3\ARM_GCC_541\Debug\Gaspedal_Watchdog.a(JOYSTICK_ADC_XY.o)
 .data          0x1fff82aa        0x1 .\CortexM3\ARM_GCC_541\Debug\Gaspedal_Watchdog.a(JOYSTICK_ADC_XY_TempBuf_dma.o)
                0x1fff82aa                JOYSTICK_ADC_XY_TempBuf_DmaHandle
 .data          0x1fff82ab        0x1 .\CortexM3\ARM_GCC_541\Debug\Gaspedal_Watchdog.a(JOYSTICK_ADC_XY_FinalBuf_dma.o)
                0x1fff82ab                JOYSTICK_ADC_XY_FinalBuf_DmaHandle
 .data          0x1fff82ac        0x4 .\CortexM3\ARM_GCC_541\Debug\Gaspedal_Watchdog.a(ErikaOS_ee_gnu_irq_stack.o)
 .data.impure_data
                0x1fff82b0       0x60 c:/program files (x86)/cypress/psoc creator/4.4/psoc creator/import/gnu/arm/5.4.1/bin/../lib/gcc/arm-none-eabi/5.4.1/../../../../arm-none-eabi/lib/armv7-m\libg_nano.a(lib_a-impure.o)
 .data._impure_ptr
                0x1fff8310        0x4 c:/program files (x86)/cypress/psoc creator/4.4/psoc creator/import/gnu/arm/5.4.1/bin/../lib/gcc/arm-none-eabi/5.4.1/../../../../arm-none-eabi/lib/armv7-m\libg_nano.a(lib_a-impure.o)
                0x1fff8310                _impure_ptr
                0x1fff8318                . = ALIGN (0x8)
 *fill*         0x1fff8314        0x4 
 *(.ram)
                0x1fff8318                _edata = .

.igot.plt       0x1fff8318        0x0 load address 0x00003ef0
 .igot.plt      0x1fff8318        0x0 c:/program files (x86)/cypress/psoc creator/4.4/psoc creator/import/gnu/arm/5.4.1/bin/../lib/gcc/arm-none-eabi/5.4.1/armv7-m/crtbegin.o

.bss            0x1fff8318     0x1078 load address 0x00003ef0
                0x1fff8318                PROVIDE (__bss_start__, .)
 *(.shbss)
 *(.bss .bss.* .gnu.linkonce.b.*)
 .bss           0x1fff8318       0x1c c:/program files (x86)/cypress/psoc creator/4.4/psoc creator/import/gnu/arm/5.4.1/bin/../lib/gcc/arm-none-eabi/5.4.1/armv7-m/crtbegin.o
 .bss           0x1fff8334       0xe6 .\CortexM3\ARM_GCC_541\Debug\tft.o
 *fill*         0x1fff841a        0x2 
 .bss           0x1fff841c        0x3 .\CortexM3\ARM_GCC_541\Debug\led.o
 *fill*         0x1fff841f        0x1 
 .bss           0x1fff8420       0x60 .\CortexM3\ARM_GCC_541\Debug\Gaspedal_Watchdog.a(ErikaOS_eecfg.o)
                0x1fff8420                EE_resource_locked
                0x1fff8434                EE_th_waswaiting
                0x1fff8448                EE_th_event_waitmask
                0x1fff845c                EE_th_event_active
                0x1fff8470                EE_rq_free
                0x1fff8474                EE_rq_bitmask
                0x1fff8478                EE_sys_ceiling
                0x1fff847c                EE_cortex_mx_active_tos
 .bss           0x1fff8480        0x9 .\CortexM3\ARM_GCC_541\Debug\Gaspedal_Watchdog.a(UART_Logs.o)
                0x1fff8480                UART_Logs_errorStatus
                0x1fff8481                UART_Logs_initVar
                0x1fff8482                UART_Logs_rxBufferRead
                0x1fff8483                UART_Logs_rxBufferWrite
                0x1fff8484                UART_Logs_rxBufferLoopDetect
                0x1fff8485                UART_Logs_rxBufferOverflow
                0x1fff8486                UART_Logs_txBufferRead
                0x1fff8487                UART_Logs_txBufferWrite
 .bss           0x1fff8489        0x1 .\CortexM3\ARM_GCC_541\Debug\Gaspedal_Watchdog.a(RGB_PWM_red.o)
                0x1fff8489                RGB_PWM_red_initVar
 .bss           0x1fff848a        0x1 .\CortexM3\ARM_GCC_541\Debug\Gaspedal_Watchdog.a(RGB_PWM_green.o)
                0x1fff848a                RGB_PWM_green_initVar
 .bss           0x1fff848b        0x1 .\CortexM3\ARM_GCC_541\Debug\Gaspedal_Watchdog.a(RGB_PWM_blue.o)
                0x1fff848b                RGB_PWM_blue_initVar
 .bss           0x1fff848c        0xc .\CortexM3\ARM_GCC_541\Debug\Gaspedal_Watchdog.a(JOYSTICK_ADC_XY.o)
                0x1fff8494                JOYSTICK_ADC_XY_initVar
 .bss           0x1fff8498        0x1 .\CortexM3\ARM_GCC_541\Debug\Gaspedal_Watchdog.a(JOYSTICK_ADC_XY_SAR.o)
                0x1fff8498                JOYSTICK_ADC_XY_SAR_initVar
 .bss           0x1fff8499        0x1 .\CortexM3\ARM_GCC_541\Debug\Gaspedal_Watchdog.a(TFT_SPI.o)
                0x1fff8499                TFT_SPI_initVar
 .bss           0x1fff849a        0x1 .\CortexM3\ARM_GCC_541\Debug\Gaspedal_Watchdog.a(TFT_BackLight.o)
                0x1fff849a                TFT_BackLight_initVar
 *(COMMON)
 *fill*         0x1fff849b        0x1 
 COMMON         0x1fff849c        0x8 .\CortexM3\ARM_GCC_541\Debug\Gaspedal_Watchdog.a(ErikaOS_ee_lookup.o)
                0x1fff849c                EE_oo_IRQ_disable_count
                0x1fff84a0                EE_oo_IRQ_suspend_status
 COMMON         0x1fff84a4        0x4 .\CortexM3\ARM_GCC_541\Debug\Gaspedal_Watchdog.a(ErikaOS_ee_startos.o)
                0x1fff84a4                EE_oo_started
 COMMON         0x1fff84a8        0x8 .\CortexM3\ARM_GCC_541\Debug\Gaspedal_Watchdog.a(ErikaOS_common_ee_hal_structs.o)
                0x1fff84a8                EE_IRQ_nesting_level
                0x1fff84ac                EE_std_endcycle_next_tid
 COMMON         0x1fff84b0      0xe08 .\CortexM3\ARM_GCC_541\Debug\Gaspedal_Watchdog.a(ErikaOS_eecfg.o)
                0x1fff84b0                EE_cortex_mx_stack_3
                0x1fff8898                EE_rq_pairs_tid
                0x1fff88ac                EE_terminate_data
                0x1fff88c0                EE_oo_counter_object_RAM
                0x1fff88d0                EE_resource_oldceiling
                0x1fff88e4                EE_cortex_mx_stack_5
                0x1fff8ccc                EE_ApplicationMode
                0x1fff8cd0                EE_cortex_mx_stack_4
                0x1fff90b8                EE_cortex_mx_stack_9
 COMMON         0x1fff92b8       0xc8 .\CortexM3\ARM_GCC_541\Debug\Gaspedal_Watchdog.a(UART_Logs.o)
                0x1fff92b8                UART_Logs_txBuffer
                0x1fff931c                UART_Logs_rxBuffer
 COMMON         0x1fff9380        0x4 .\CortexM3\ARM_GCC_541\Debug\Gaspedal_Watchdog.a(JOYSTICK_ADC_XY.o)
                0x1fff9380                JOYSTICK_ADC_XY_finalArray
 COMMON         0x1fff9384        0xc .\CortexM3\ARM_GCC_541\Debug\Gaspedal_Watchdog.a(JOYSTICK_ADC_XY_SAR.o)
                0x1fff9384                JOYSTICK_ADC_XY_SAR_offset
                0x1fff9386                JOYSTICK_ADC_XY_SAR_countsPerVolt
                0x1fff9388                JOYSTICK_ADC_XY_SAR_shift
                0x1fff938c                JOYSTICK_ADC_XY_SAR_countsPer10Volt
                0x1fff9390                . = ALIGN (0x8)
 *(.ram.b)
                0x1fff9390                _end = .
                0x1fff9390                __end = .
                0x1fff9390                PROVIDE (end, .)
                0x1fff9390                PROVIDE (__bss_end__, .)
                0x00003ca0                __cy_region_init_ram = LOADADDR (.data)
                0x00000250                __cy_region_init_size_ram = (_edata - ADDR (.data))
                0x00001078                __cy_region_zero_size_ram = (_end - _edata)

.heap           0x1fff9390       0x80 load address 0x00003ef0
                0x1fff9390                . = _end
                0x1fff9410                . = (. + 0x80)
 *fill*         0x1fff9390       0x80 
                0x1fff9410                __cy_heap_limit = .

.stack          0x20007800      0x800
                0x20007800                __cy_stack_limit = .
                0x20008000                . = (. + 0x800)
 *fill*         0x20007800      0x800 
                0x00000001                ASSERT ((__cy_stack_limit >= __cy_heap_limit), region RAM overflowed with stack)
                0x00000000                cy_checksum_exclude_size = (CY_APPL_LOADABLE == 0x1)?SIZEOF (.cy_checksum_exclude):0x0
                0x00000001                ASSERT ((cy_checksum_exclude_size <= CY_CHECKSUM_EXCLUDE_SIZE), CY_BOOT: Section .cy_checksum_exclude size exceedes specified limit.)

.cyloadermeta
 *(.cyloadermeta)

.cyloadablemeta
 *(.cyloadablemeta)

.cyconfigecc    0x80000000      0xd4c
 *(.cyconfigecc)
 .cyconfigecc   0x80000000      0xd4c .\CortexM3\ARM_GCC_541\Debug\cymetadata.o
                0x80000000                cy_meta_configecc

.cycustnvl      0x90000000        0x4
 *(.cycustnvl)
 .cycustnvl     0x90000000        0x4 .\CortexM3\ARM_GCC_541\Debug\cymetadata.o
                0x90000000                cy_meta_custnvl

.cywolatch      0x90100000        0x4
 *(.cywolatch)
 .cywolatch     0x90100000        0x4 .\CortexM3\ARM_GCC_541\Debug\cymetadata.o
                0x90100000                cy_meta_wonvl

.cyeeprom       0x90200000        0x0
 *(.cyeeprom)
                0x00000001                ASSERT ((. <= ((0x90200000 + ee_offset) + ee_size)), .cyeeprom data will not fit in EEPROM)

.cyflashprotect
                0x90400000      0x100
 *(.cyflashprotect)
 .cyflashprotect
                0x90400000      0x100 .\CortexM3\ARM_GCC_541\Debug\cymetadata.o
                0x90400000                cy_meta_flashprotect

.cymeta         0x90500000        0xc
 *(.cymeta)
 .cymeta        0x90500000        0xc .\CortexM3\ARM_GCC_541\Debug\cymetadata.o
                0x90500000                cy_metadata

.rel.dyn        0x00003ef0        0x0 load address 0x9050000c
 .rel.iplt      0x00003ef0        0x0 c:/program files (x86)/cypress/psoc creator/4.4/psoc creator/import/gnu/arm/5.4.1/bin/../lib/gcc/arm-none-eabi/5.4.1/armv7-m/crtbegin.o

.stab
 *(.stab)

.stabstr
 *(.stabstr)

.debug
 *(.debug)

.line
 *(.line)

.debug_srcinfo
 *(.debug_srcinfo)

.debug_sfnames
 *(.debug_sfnames)

.debug_aranges  0x00000000     0x1790
 *(.debug_aranges)
 .debug_aranges
                0x00000000       0x48 .\CortexM3\ARM_GCC_541\Debug\main.o
 .debug_aranges
                0x00000048       0x20 .\CortexM3\ARM_GCC_541\Debug\swc_control.o
 .debug_aranges
                0x00000068       0x28 .\CortexM3\ARM_GCC_541\Debug\swc_output.o
 .debug_aranges
                0x00000090       0x20 .\CortexM3\ARM_GCC_541\Debug\tsk_control.o
 .debug_aranges
                0x000000b0       0x20 .\CortexM3\ARM_GCC_541\Debug\swc_input.o
 .debug_aranges
                0x000000d0       0x38 .\CortexM3\ARM_GCC_541\Debug\swc_logging.o
 .debug_aranges
                0x00000108       0x20 .\CortexM3\ARM_GCC_541\Debug\tsk_io.o
 .debug_aranges
                0x00000128       0x20 .\CortexM3\ARM_GCC_541\Debug\tsk_logging.o
 .debug_aranges
                0x00000148      0x178 .\CortexM3\ARM_GCC_541\Debug\tft.o
 .debug_aranges
                0x000002c0       0x28 .\CortexM3\ARM_GCC_541\Debug\logging.o
 .debug_aranges
                0x000002e8       0x28 .\CortexM3\ARM_GCC_541\Debug\button.o
 .debug_aranges
                0x00000310       0x28 .\CortexM3\ARM_GCC_541\Debug\joystick.o
 .debug_aranges
                0x00000338       0x38 .\CortexM3\ARM_GCC_541\Debug\led.o
 .debug_aranges
                0x00000370       0x28 .\CortexM3\ARM_GCC_541\Debug\rte.o
 .debug_aranges
                0x00000398       0x28 .\CortexM3\ARM_GCC_541\Debug\sp_common.o
 .debug_aranges
                0x000003c0       0x20 .\CortexM3\ARM_GCC_541\Debug\sc_brakelight_type.o
 .debug_aranges
                0x000003e0       0x20 .\CortexM3\ARM_GCC_541\Debug\sc_engine_type.o
 .debug_aranges
                0x00000400       0x20 .\CortexM3\ARM_GCC_541\Debug\sc_joystick_type.o
 .debug_aranges
                0x00000420       0x20 .\CortexM3\ARM_GCC_541\Debug\sc_logging_type.o
 .debug_aranges
                0x00000440       0x58 .\CortexM3\ARM_GCC_541\Debug\cyfitter_cfg.o
 .debug_aranges
                0x00000498       0x18 .\CortexM3\ARM_GCC_541\Debug\cymetadata.o
 .debug_aranges
                0x000004b0       0x48 .\CortexM3\ARM_GCC_541\Debug\Cm3Start.o
 .debug_aranges
                0x000004f8       0xd8 .\CortexM3\ARM_GCC_541\Debug\Gaspedal_Watchdog.a(CyDmac.o)
 .debug_aranges
                0x000005d0      0x2a0 .\CortexM3\ARM_GCC_541\Debug\Gaspedal_Watchdog.a(CyLib.o)
 .debug_aranges
                0x00000870       0x98 .\CortexM3\ARM_GCC_541\Debug\Gaspedal_Watchdog.a(cyPm.o)
 .debug_aranges
                0x00000908       0x20 .\CortexM3\ARM_GCC_541\Debug\Gaspedal_Watchdog.a(ErikaOS_ee_activate.o)
 .debug_aranges
                0x00000928       0x20 .\CortexM3\ARM_GCC_541\Debug\Gaspedal_Watchdog.a(ErikaOS_ee_alsetrel.o)
 .debug_aranges
                0x00000948       0x58 .\CortexM3\ARM_GCC_541\Debug\Gaspedal_Watchdog.a(ErikaOS_ee_altick.o)
 .debug_aranges
                0x000009a0       0x20 .\CortexM3\ARM_GCC_541\Debug\Gaspedal_Watchdog.a(ErikaOS_ee_evclear.o)
 .debug_aranges
                0x000009c0       0x20 .\CortexM3\ARM_GCC_541\Debug\Gaspedal_Watchdog.a(ErikaOS_ee_evget.o)
 .debug_aranges
                0x000009e0       0x20 .\CortexM3\ARM_GCC_541\Debug\Gaspedal_Watchdog.a(ErikaOS_ee_evset.o)
 .debug_aranges
                0x00000a00       0x20 .\CortexM3\ARM_GCC_541\Debug\Gaspedal_Watchdog.a(ErikaOS_ee_evwait.o)
 .debug_aranges
                0x00000a20       0x30 .\CortexM3\ARM_GCC_541\Debug\Gaspedal_Watchdog.a(ErikaOS_ee_irqendin.o)
 .debug_aranges
                0x00000a50       0x20 .\CortexM3\ARM_GCC_541\Debug\Gaspedal_Watchdog.a(ErikaOS_ee_lockres.o)
 .debug_aranges
                0x00000a70       0x18 .\CortexM3\ARM_GCC_541\Debug\Gaspedal_Watchdog.a(ErikaOS_ee_lookup.o)
 .debug_aranges
                0x00000a88       0x20 .\CortexM3\ARM_GCC_541\Debug\Gaspedal_Watchdog.a(ErikaOS_ee_rq_exchg.o)
 .debug_aranges
                0x00000aa8       0x20 .\CortexM3\ARM_GCC_541\Debug\Gaspedal_Watchdog.a(ErikaOS_ee_rq_first.o)
 .debug_aranges
                0x00000ac8       0x20 .\CortexM3\ARM_GCC_541\Debug\Gaspedal_Watchdog.a(ErikaOS_ee_rq_inser.o)
 .debug_aranges
                0x00000ae8       0x40 .\CortexM3\ARM_GCC_541\Debug\Gaspedal_Watchdog.a(ErikaOS_ee_startos.o)
 .debug_aranges
                0x00000b28       0x20 .\CortexM3\ARM_GCC_541\Debug\Gaspedal_Watchdog.a(ErikaOS_ee_terminat.o)
 .debug_aranges
                0x00000b48       0x20 .\CortexM3\ARM_GCC_541\Debug\Gaspedal_Watchdog.a(ErikaOS_ee_ulockres.o)
 .debug_aranges
                0x00000b68       0x20 .\CortexM3\ARM_GCC_541\Debug\Gaspedal_Watchdog.a(ErikaOS_cortex_mx_ee_utils.o)
 .debug_aranges
                0x00000b88       0x18 .\CortexM3\ARM_GCC_541\Debug\Gaspedal_Watchdog.a(ErikaOS_common_ee_hal_structs.o)
 .debug_aranges
                0x00000ba0       0x18 .\CortexM3\ARM_GCC_541\Debug\Gaspedal_Watchdog.a(ErikaOS_eecfg.o)
 .debug_aranges
                0x00000bb8       0xf0 .\CortexM3\ARM_GCC_541\Debug\Gaspedal_Watchdog.a(UART_Logs.o)
 .debug_aranges
                0x00000ca8       0x28 .\CortexM3\ARM_GCC_541\Debug\Gaspedal_Watchdog.a(UART_Logs_INT.o)
 .debug_aranges
                0x00000cd0       0x70 .\CortexM3\ARM_GCC_541\Debug\Gaspedal_Watchdog.a(UART_Logs_IntClock.o)
 .debug_aranges
                0x00000d40       0x38 .\CortexM3\ARM_GCC_541\Debug\Gaspedal_Watchdog.a(BUTTON_1.o)
 .debug_aranges
                0x00000d78       0x80 .\CortexM3\ARM_GCC_541\Debug\Gaspedal_Watchdog.a(isr_Button.o)
 .debug_aranges
                0x00000df8       0x38 .\CortexM3\ARM_GCC_541\Debug\Gaspedal_Watchdog.a(BUTTON_2.o)
 .debug_aranges
                0x00000e30       0x38 .\CortexM3\ARM_GCC_541\Debug\Gaspedal_Watchdog.a(BUTTON_3.o)
 .debug_aranges
                0x00000e68       0x38 .\CortexM3\ARM_GCC_541\Debug\Gaspedal_Watchdog.a(BUTTON_4.o)
 .debug_aranges
                0x00000ea0       0x38 .\CortexM3\ARM_GCC_541\Debug\Gaspedal_Watchdog.a(LED_red.o)
 .debug_aranges
                0x00000ed8       0x38 .\CortexM3\ARM_GCC_541\Debug\Gaspedal_Watchdog.a(LED_yellow.o)
 .debug_aranges
                0x00000f10       0x38 .\CortexM3\ARM_GCC_541\Debug\Gaspedal_Watchdog.a(LED_green.o)
 .debug_aranges
                0x00000f48       0x80 .\CortexM3\ARM_GCC_541\Debug\Gaspedal_Watchdog.a(RGB_PWM_red.o)
 .debug_aranges
                0x00000fc8       0x80 .\CortexM3\ARM_GCC_541\Debug\Gaspedal_Watchdog.a(RGB_PWM_green.o)
 .debug_aranges
                0x00001048       0x80 .\CortexM3\ARM_GCC_541\Debug\Gaspedal_Watchdog.a(RGB_PWM_blue.o)
 .debug_aranges
                0x000010c8       0xa0 .\CortexM3\ARM_GCC_541\Debug\Gaspedal_Watchdog.a(JOYSTICK_ADC_XY.o)
 .debug_aranges
                0x00001168       0x20 .\CortexM3\ARM_GCC_541\Debug\Gaspedal_Watchdog.a(JOYSTICK_ADC_XY_INT.o)
 .debug_aranges
                0x00001188       0xa8 .\CortexM3\ARM_GCC_541\Debug\Gaspedal_Watchdog.a(JOYSTICK_ADC_XY_SAR.o)
 .debug_aranges
                0x00001230       0x28 .\CortexM3\ARM_GCC_541\Debug\Gaspedal_Watchdog.a(JOYSTICK_ADC_XY_TempBuf_dma.o)
 .debug_aranges
                0x00001258       0x28 .\CortexM3\ARM_GCC_541\Debug\Gaspedal_Watchdog.a(JOYSTICK_ADC_XY_FinalBuf_dma.o)
 .debug_aranges
                0x00001280       0x80 .\CortexM3\ARM_GCC_541\Debug\Gaspedal_Watchdog.a(JOYSTICK_ADC_XY_IRQ.o)
 .debug_aranges
                0x00001300       0xd8 .\CortexM3\ARM_GCC_541\Debug\Gaspedal_Watchdog.a(TFT_SPI.o)
 .debug_aranges
                0x000013d8       0x38 .\CortexM3\ARM_GCC_541\Debug\Gaspedal_Watchdog.a(TFT_DC.o)
 .debug_aranges
                0x00001410       0x38 .\CortexM3\ARM_GCC_541\Debug\Gaspedal_Watchdog.a(TFT_RES.o)
 .debug_aranges
                0x00001448       0x78 .\CortexM3\ARM_GCC_541\Debug\Gaspedal_Watchdog.a(TFT_BackLight.o)
 .debug_aranges
                0x000014c0       0x70 .\CortexM3\ARM_GCC_541\Debug\Gaspedal_Watchdog.a(TFT_SPI_IntClock.o)
 .debug_aranges
                0x00001530       0x20 .\CortexM3\ARM_GCC_541\Debug\Gaspedal_Watchdog.a(CyBootAsmGnu.o)
 .debug_aranges
                0x00001550       0x20 .\CortexM3\ARM_GCC_541\Debug\Gaspedal_Watchdog.a(ErikaOS_ee_gnu_change_context_isr.o)
 .debug_aranges
                0x00001570       0x20 .\CortexM3\ARM_GCC_541\Debug\Gaspedal_Watchdog.a(ErikaOS_ee_gnu_irq_stack.o)
 .debug_aranges
                0x00001590       0x20 .\CortexM3\ARM_GCC_541\Debug\Gaspedal_Watchdog.a(ErikaOS_ee_gnu_multi_context.o)
 .debug_aranges
                0x000015b0       0x20 .\CortexM3\ARM_GCC_541\Debug\Gaspedal_Watchdog.a(ErikaOS_ee_gnu_oo.o)
 .debug_aranges
                0x000015d0       0x88 .\CortexM3\ARM_GCC_541\Debug\Gaspedal_Watchdog.a(CyFlash.o)
 .debug_aranges
                0x00001658       0x80 .\CortexM3\ARM_GCC_541\Debug\Gaspedal_Watchdog.a(CySpc.o)
 .debug_aranges
                0x000016d8       0x20 .\CortexM3\ARM_GCC_541\Debug\Gaspedal_Watchdog.a(ErikaOS_ee_tnterm.o)
 .debug_aranges
                0x000016f8       0x20 .\CortexM3\ARM_GCC_541\Debug\Gaspedal_Watchdog.a(ErikaOS_ee_tstub.o)
 .debug_aranges
                0x00001718       0x20 .\CortexM3\ARM_GCC_541\Debug\Gaspedal_Watchdog.a(ErikaOS_ee_ulockallres.o)
 .debug_aranges
                0x00001738       0x28 .\CortexM3\ARM_GCC_541\Debug\Gaspedal_Watchdog.a(ErikaOS_cortex_mx_ee_context.o)
 .debug_aranges
                0x00001760       0x30 .\CortexM3\ARM_GCC_541\Debug\Gaspedal_Watchdog.a(ErikaOS_ee_thendin.o)

.debug_pubnames
 *(.debug_pubnames)

.debug_info     0x00000000    0x1aae2
 *(.debug_info .gnu.linkonce.wi.*)
 .debug_info    0x00000000      0x581 .\CortexM3\ARM_GCC_541\Debug\main.o
 .debug_info    0x00000581      0x712 .\CortexM3\ARM_GCC_541\Debug\swc_control.o
 .debug_info    0x00000c93      0xae7 .\CortexM3\ARM_GCC_541\Debug\swc_output.o
 .debug_info    0x0000177a      0x279 .\CortexM3\ARM_GCC_541\Debug\tsk_control.o
 .debug_info    0x000019f3      0x670 .\CortexM3\ARM_GCC_541\Debug\swc_input.o
 .debug_info    0x00002063      0x947 .\CortexM3\ARM_GCC_541\Debug\swc_logging.o
 .debug_info    0x000029aa      0x333 .\CortexM3\ARM_GCC_541\Debug\tsk_io.o
 .debug_info    0x00002cdd      0x279 .\CortexM3\ARM_GCC_541\Debug\tsk_logging.o
 .debug_info    0x00002f56     0x2733 .\CortexM3\ARM_GCC_541\Debug\tft.o
 .debug_info    0x00005689      0x3b5 .\CortexM3\ARM_GCC_541\Debug\logging.o
 .debug_info    0x00005a3e      0x2f7 .\CortexM3\ARM_GCC_541\Debug\button.o
 .debug_info    0x00005d35      0x2de .\CortexM3\ARM_GCC_541\Debug\joystick.o
 .debug_info    0x00006013      0x58b .\CortexM3\ARM_GCC_541\Debug\led.o
 .debug_info    0x0000659e      0x375 .\CortexM3\ARM_GCC_541\Debug\rte.o
 .debug_info    0x00006913      0xe7c .\CortexM3\ARM_GCC_541\Debug\sp_common.o
 .debug_info    0x0000778f      0x2b9 .\CortexM3\ARM_GCC_541\Debug\sc_brakelight_type.o
 .debug_info    0x00007a48      0x266 .\CortexM3\ARM_GCC_541\Debug\sc_engine_type.o
 .debug_info    0x00007cae      0x294 .\CortexM3\ARM_GCC_541\Debug\sc_joystick_type.o
 .debug_info    0x00007f42      0x33a .\CortexM3\ARM_GCC_541\Debug\sc_logging_type.o
 .debug_info    0x0000827c      0x659 .\CortexM3\ARM_GCC_541\Debug\cyfitter_cfg.o
 .debug_info    0x000088d5      0x139 .\CortexM3\ARM_GCC_541\Debug\cymetadata.o
 .debug_info    0x00008a0e      0x3cf .\CortexM3\ARM_GCC_541\Debug\Cm3Start.o
 .debug_info    0x00008ddd      0x94e .\CortexM3\ARM_GCC_541\Debug\Gaspedal_Watchdog.a(CyDmac.o)
 .debug_info    0x0000972b     0x1374 .\CortexM3\ARM_GCC_541\Debug\Gaspedal_Watchdog.a(CyLib.o)
 .debug_info    0x0000aa9f      0xa2a .\CortexM3\ARM_GCC_541\Debug\Gaspedal_Watchdog.a(cyPm.o)
 .debug_info    0x0000b4c9      0x80d .\CortexM3\ARM_GCC_541\Debug\Gaspedal_Watchdog.a(ErikaOS_ee_activate.o)
 .debug_info    0x0000bcd6      0x5e5 .\CortexM3\ARM_GCC_541\Debug\Gaspedal_Watchdog.a(ErikaOS_ee_alsetrel.o)
 .debug_info    0x0000c2bb      0xc3b .\CortexM3\ARM_GCC_541\Debug\Gaspedal_Watchdog.a(ErikaOS_ee_altick.o)
 .debug_info    0x0000cef6      0x5a7 .\CortexM3\ARM_GCC_541\Debug\Gaspedal_Watchdog.a(ErikaOS_ee_evclear.o)
 .debug_info    0x0000d49d      0x4ca .\CortexM3\ARM_GCC_541\Debug\Gaspedal_Watchdog.a(ErikaOS_ee_evget.o)
 .debug_info    0x0000d967      0x7c3 .\CortexM3\ARM_GCC_541\Debug\Gaspedal_Watchdog.a(ErikaOS_ee_evset.o)
 .debug_info    0x0000e12a      0x85a .\CortexM3\ARM_GCC_541\Debug\Gaspedal_Watchdog.a(ErikaOS_ee_evwait.o)
 .debug_info    0x0000e984      0x5cb .\CortexM3\ARM_GCC_541\Debug\Gaspedal_Watchdog.a(ErikaOS_ee_irqendin.o)
 .debug_info    0x0000ef4f      0x5dd .\CortexM3\ARM_GCC_541\Debug\Gaspedal_Watchdog.a(ErikaOS_ee_lockres.o)
 .debug_info    0x0000f52c      0x3d0 .\CortexM3\ARM_GCC_541\Debug\Gaspedal_Watchdog.a(ErikaOS_ee_lookup.o)
 .debug_info    0x0000f8fc      0x46f .\CortexM3\ARM_GCC_541\Debug\Gaspedal_Watchdog.a(ErikaOS_ee_rq_exchg.o)
 .debug_info    0x0000fd6b      0x421 .\CortexM3\ARM_GCC_541\Debug\Gaspedal_Watchdog.a(ErikaOS_ee_rq_first.o)
 .debug_info    0x0001018c      0x475 .\CortexM3\ARM_GCC_541\Debug\Gaspedal_Watchdog.a(ErikaOS_ee_rq_inser.o)
 .debug_info    0x00010601     0x2040 .\CortexM3\ARM_GCC_541\Debug\Gaspedal_Watchdog.a(ErikaOS_ee_startos.o)
 .debug_info    0x00012641      0x595 .\CortexM3\ARM_GCC_541\Debug\Gaspedal_Watchdog.a(ErikaOS_ee_terminat.o)
 .debug_info    0x00012bd6      0x7cb .\CortexM3\ARM_GCC_541\Debug\Gaspedal_Watchdog.a(ErikaOS_ee_ulockres.o)
 .debug_info    0x000133a1      0x4cc .\CortexM3\ARM_GCC_541\Debug\Gaspedal_Watchdog.a(ErikaOS_cortex_mx_ee_utils.o)
 .debug_info    0x0001386d      0x3cb .\CortexM3\ARM_GCC_541\Debug\Gaspedal_Watchdog.a(ErikaOS_common_ee_hal_structs.o)
 .debug_info    0x00013c38      0x970 .\CortexM3\ARM_GCC_541\Debug\Gaspedal_Watchdog.a(ErikaOS_eecfg.o)
 .debug_info    0x000145a8      0x7ae .\CortexM3\ARM_GCC_541\Debug\Gaspedal_Watchdog.a(UART_Logs.o)
 .debug_info    0x00014d56      0x186 .\CortexM3\ARM_GCC_541\Debug\Gaspedal_Watchdog.a(UART_Logs_INT.o)
 .debug_info    0x00014edc      0x283 .\CortexM3\ARM_GCC_541\Debug\Gaspedal_Watchdog.a(UART_Logs_IntClock.o)
 .debug_info    0x0001515f      0x11f .\CortexM3\ARM_GCC_541\Debug\Gaspedal_Watchdog.a(BUTTON_1.o)
 .debug_info    0x0001527e      0x2d2 .\CortexM3\ARM_GCC_541\Debug\Gaspedal_Watchdog.a(isr_Button.o)
 .debug_info    0x00015550      0x11f .\CortexM3\ARM_GCC_541\Debug\Gaspedal_Watchdog.a(BUTTON_2.o)
 .debug_info    0x0001566f      0x11f .\CortexM3\ARM_GCC_541\Debug\Gaspedal_Watchdog.a(BUTTON_3.o)
 .debug_info    0x0001578e      0x11f .\CortexM3\ARM_GCC_541\Debug\Gaspedal_Watchdog.a(BUTTON_4.o)
 .debug_info    0x000158ad      0x11f .\CortexM3\ARM_GCC_541\Debug\Gaspedal_Watchdog.a(LED_red.o)
 .debug_info    0x000159cc      0x11f .\CortexM3\ARM_GCC_541\Debug\Gaspedal_Watchdog.a(LED_yellow.o)
 .debug_info    0x00015aeb      0x11f .\CortexM3\ARM_GCC_541\Debug\Gaspedal_Watchdog.a(LED_green.o)
 .debug_info    0x00015c0a      0x295 .\CortexM3\ARM_GCC_541\Debug\Gaspedal_Watchdog.a(RGB_PWM_red.o)
 .debug_info    0x00015e9f      0x295 .\CortexM3\ARM_GCC_541\Debug\Gaspedal_Watchdog.a(RGB_PWM_green.o)
 .debug_info    0x00016134      0x295 .\CortexM3\ARM_GCC_541\Debug\Gaspedal_Watchdog.a(RGB_PWM_blue.o)
 .debug_info    0x000163c9      0x6f2 .\CortexM3\ARM_GCC_541\Debug\Gaspedal_Watchdog.a(JOYSTICK_ADC_XY.o)
 .debug_info    0x00016abb       0xa0 .\CortexM3\ARM_GCC_541\Debug\Gaspedal_Watchdog.a(JOYSTICK_ADC_XY_INT.o)
 .debug_info    0x00016b5b      0x544 .\CortexM3\ARM_GCC_541\Debug\Gaspedal_Watchdog.a(JOYSTICK_ADC_XY_SAR.o)
 .debug_info    0x0001709f      0x1a8 .\CortexM3\ARM_GCC_541\Debug\Gaspedal_Watchdog.a(JOYSTICK_ADC_XY_TempBuf_dma.o)
 .debug_info    0x00017247      0x1aa .\CortexM3\ARM_GCC_541\Debug\Gaspedal_Watchdog.a(JOYSTICK_ADC_XY_FinalBuf_dma.o)
 .debug_info    0x000173f1      0x2d2 .\CortexM3\ARM_GCC_541\Debug\Gaspedal_Watchdog.a(JOYSTICK_ADC_XY_IRQ.o)
 .debug_info    0x000176c3      0x4bb .\CortexM3\ARM_GCC_541\Debug\Gaspedal_Watchdog.a(TFT_SPI.o)
 .debug_info    0x00017b7e      0x11f .\CortexM3\ARM_GCC_541\Debug\Gaspedal_Watchdog.a(TFT_DC.o)
 .debug_info    0x00017c9d      0x11f .\CortexM3\ARM_GCC_541\Debug\Gaspedal_Watchdog.a(TFT_RES.o)
 .debug_info    0x00017dbc      0x27e .\CortexM3\ARM_GCC_541\Debug\Gaspedal_Watchdog.a(TFT_BackLight.o)
 .debug_info    0x0001803a      0x283 .\CortexM3\ARM_GCC_541\Debug\Gaspedal_Watchdog.a(TFT_SPI_IntClock.o)
 .debug_info    0x000182bd       0xa0 .\CortexM3\ARM_GCC_541\Debug\Gaspedal_Watchdog.a(CyBootAsmGnu.o)
 .debug_info    0x0001835d       0xb5 .\CortexM3\ARM_GCC_541\Debug\Gaspedal_Watchdog.a(ErikaOS_ee_gnu_change_context_isr.o)
 .debug_info    0x00018412       0xac .\CortexM3\ARM_GCC_541\Debug\Gaspedal_Watchdog.a(ErikaOS_ee_gnu_irq_stack.o)
 .debug_info    0x000184be       0xb0 .\CortexM3\ARM_GCC_541\Debug\Gaspedal_Watchdog.a(ErikaOS_ee_gnu_multi_context.o)
 .debug_info    0x0001856e       0xa5 .\CortexM3\ARM_GCC_541\Debug\Gaspedal_Watchdog.a(ErikaOS_ee_gnu_oo.o)
 .debug_info    0x00018613      0x64d .\CortexM3\ARM_GCC_541\Debug\Gaspedal_Watchdog.a(CyFlash.o)
 .debug_info    0x00018c60      0x550 .\CortexM3\ARM_GCC_541\Debug\Gaspedal_Watchdog.a(CySpc.o)
 .debug_info    0x000191b0      0x473 .\CortexM3\ARM_GCC_541\Debug\Gaspedal_Watchdog.a(ErikaOS_ee_tnterm.o)
 .debug_info    0x00019623      0x487 .\CortexM3\ARM_GCC_541\Debug\Gaspedal_Watchdog.a(ErikaOS_ee_tstub.o)
 .debug_info    0x00019aaa      0x43e .\CortexM3\ARM_GCC_541\Debug\Gaspedal_Watchdog.a(ErikaOS_ee_ulockallres.o)
 .debug_info    0x00019ee8      0x501 .\CortexM3\ARM_GCC_541\Debug\Gaspedal_Watchdog.a(ErikaOS_cortex_mx_ee_context.o)
 .debug_info    0x0001a3e9      0x6f9 .\CortexM3\ARM_GCC_541\Debug\Gaspedal_Watchdog.a(ErikaOS_ee_thendin.o)

.debug_abbrev   0x00000000     0x6ebb
 *(.debug_abbrev)
 .debug_abbrev  0x00000000      0x1fc .\CortexM3\ARM_GCC_541\Debug\main.o
 .debug_abbrev  0x000001fc      0x1df .\CortexM3\ARM_GCC_541\Debug\swc_control.o
 .debug_abbrev  0x000003db      0x221 .\CortexM3\ARM_GCC_541\Debug\swc_output.o
 .debug_abbrev  0x000005fc      0x158 .\CortexM3\ARM_GCC_541\Debug\tsk_control.o
 .debug_abbrev  0x00000754      0x21f .\CortexM3\ARM_GCC_541\Debug\swc_input.o
 .debug_abbrev  0x00000973      0x259 .\CortexM3\ARM_GCC_541\Debug\swc_logging.o
 .debug_abbrev  0x00000bcc      0x167 .\CortexM3\ARM_GCC_541\Debug\tsk_io.o
 .debug_abbrev  0x00000d33      0x158 .\CortexM3\ARM_GCC_541\Debug\tsk_logging.o
 .debug_abbrev  0x00000e8b      0x2bf .\CortexM3\ARM_GCC_541\Debug\tft.o
 .debug_abbrev  0x0000114a      0x14a .\CortexM3\ARM_GCC_541\Debug\logging.o
 .debug_abbrev  0x00001294      0x11c .\CortexM3\ARM_GCC_541\Debug\button.o
 .debug_abbrev  0x000013b0      0x11e .\CortexM3\ARM_GCC_541\Debug\joystick.o
 .debug_abbrev  0x000014ce      0x1c5 .\CortexM3\ARM_GCC_541\Debug\led.o
 .debug_abbrev  0x00001693      0x16b .\CortexM3\ARM_GCC_541\Debug\rte.o
 .debug_abbrev  0x000017fe      0x1f0 .\CortexM3\ARM_GCC_541\Debug\sp_common.o
 .debug_abbrev  0x000019ee      0x11e .\CortexM3\ARM_GCC_541\Debug\sc_brakelight_type.o
 .debug_abbrev  0x00001b0c      0x100 .\CortexM3\ARM_GCC_541\Debug\sc_engine_type.o
 .debug_abbrev  0x00001c0c      0x12d .\CortexM3\ARM_GCC_541\Debug\sc_joystick_type.o
 .debug_abbrev  0x00001d39      0x12d .\CortexM3\ARM_GCC_541\Debug\sc_logging_type.o
 .debug_abbrev  0x00001e66      0x20d .\CortexM3\ARM_GCC_541\Debug\cyfitter_cfg.o
 .debug_abbrev  0x00002073       0x77 .\CortexM3\ARM_GCC_541\Debug\cymetadata.o
 .debug_abbrev  0x000020ea      0x1e8 .\CortexM3\ARM_GCC_541\Debug\Cm3Start.o
 .debug_abbrev  0x000022d2      0x1b2 .\CortexM3\ARM_GCC_541\Debug\Gaspedal_Watchdog.a(CyDmac.o)
 .debug_abbrev  0x00002484      0x254 .\CortexM3\ARM_GCC_541\Debug\Gaspedal_Watchdog.a(CyLib.o)
 .debug_abbrev  0x000026d8      0x1ab .\CortexM3\ARM_GCC_541\Debug\Gaspedal_Watchdog.a(cyPm.o)
 .debug_abbrev  0x00002883      0x284 .\CortexM3\ARM_GCC_541\Debug\Gaspedal_Watchdog.a(ErikaOS_ee_activate.o)
 .debug_abbrev  0x00002b07      0x1f7 .\CortexM3\ARM_GCC_541\Debug\Gaspedal_Watchdog.a(ErikaOS_ee_alsetrel.o)
 .debug_abbrev  0x00002cfe      0x362 .\CortexM3\ARM_GCC_541\Debug\Gaspedal_Watchdog.a(ErikaOS_ee_altick.o)
 .debug_abbrev  0x00003060      0x1e0 .\CortexM3\ARM_GCC_541\Debug\Gaspedal_Watchdog.a(ErikaOS_ee_evclear.o)
 .debug_abbrev  0x00003240      0x150 .\CortexM3\ARM_GCC_541\Debug\Gaspedal_Watchdog.a(ErikaOS_ee_evget.o)
 .debug_abbrev  0x00003390      0x27f .\CortexM3\ARM_GCC_541\Debug\Gaspedal_Watchdog.a(ErikaOS_ee_evset.o)
 .debug_abbrev  0x0000360f      0x25d .\CortexM3\ARM_GCC_541\Debug\Gaspedal_Watchdog.a(ErikaOS_ee_evwait.o)
 .debug_abbrev  0x0000386c      0x1da .\CortexM3\ARM_GCC_541\Debug\Gaspedal_Watchdog.a(ErikaOS_ee_irqendin.o)
 .debug_abbrev  0x00003a46      0x1ef .\CortexM3\ARM_GCC_541\Debug\Gaspedal_Watchdog.a(ErikaOS_ee_lockres.o)
 .debug_abbrev  0x00003c35       0xcf .\CortexM3\ARM_GCC_541\Debug\Gaspedal_Watchdog.a(ErikaOS_ee_lookup.o)
 .debug_abbrev  0x00003d04       0xfc .\CortexM3\ARM_GCC_541\Debug\Gaspedal_Watchdog.a(ErikaOS_ee_rq_exchg.o)
 .debug_abbrev  0x00003e00       0xed .\CortexM3\ARM_GCC_541\Debug\Gaspedal_Watchdog.a(ErikaOS_ee_rq_first.o)
 .debug_abbrev  0x00003eed      0x109 .\CortexM3\ARM_GCC_541\Debug\Gaspedal_Watchdog.a(ErikaOS_ee_rq_inser.o)
 .debug_abbrev  0x00003ff6      0x4a7 .\CortexM3\ARM_GCC_541\Debug\Gaspedal_Watchdog.a(ErikaOS_ee_startos.o)
 .debug_abbrev  0x0000449d      0x1de .\CortexM3\ARM_GCC_541\Debug\Gaspedal_Watchdog.a(ErikaOS_ee_terminat.o)
 .debug_abbrev  0x0000467b      0x277 .\CortexM3\ARM_GCC_541\Debug\Gaspedal_Watchdog.a(ErikaOS_ee_ulockres.o)
 .debug_abbrev  0x000048f2      0x1ad .\CortexM3\ARM_GCC_541\Debug\Gaspedal_Watchdog.a(ErikaOS_cortex_mx_ee_utils.o)
 .debug_abbrev  0x00004a9f       0xcf .\CortexM3\ARM_GCC_541\Debug\Gaspedal_Watchdog.a(ErikaOS_common_ee_hal_structs.o)
 .debug_abbrev  0x00004b6e      0x127 .\CortexM3\ARM_GCC_541\Debug\Gaspedal_Watchdog.a(ErikaOS_eecfg.o)
 .debug_abbrev  0x00004c95      0x16f .\CortexM3\ARM_GCC_541\Debug\Gaspedal_Watchdog.a(UART_Logs.o)
 .debug_abbrev  0x00004e04       0xa2 .\CortexM3\ARM_GCC_541\Debug\Gaspedal_Watchdog.a(UART_Logs_INT.o)
 .debug_abbrev  0x00004ea6      0x139 .\CortexM3\ARM_GCC_541\Debug\Gaspedal_Watchdog.a(UART_Logs_IntClock.o)
 .debug_abbrev  0x00004fdf       0x90 .\CortexM3\ARM_GCC_541\Debug\Gaspedal_Watchdog.a(BUTTON_1.o)
 .debug_abbrev  0x0000506f      0x173 .\CortexM3\ARM_GCC_541\Debug\Gaspedal_Watchdog.a(isr_Button.o)
 .debug_abbrev  0x000051e2       0x90 .\CortexM3\ARM_GCC_541\Debug\Gaspedal_Watchdog.a(BUTTON_2.o)
 .debug_abbrev  0x00005272       0x90 .\CortexM3\ARM_GCC_541\Debug\Gaspedal_Watchdog.a(BUTTON_3.o)
 .debug_abbrev  0x00005302       0x90 .\CortexM3\ARM_GCC_541\Debug\Gaspedal_Watchdog.a(BUTTON_4.o)
 .debug_abbrev  0x00005392       0x90 .\CortexM3\ARM_GCC_541\Debug\Gaspedal_Watchdog.a(LED_red.o)
 .debug_abbrev  0x00005422       0x90 .\CortexM3\ARM_GCC_541\Debug\Gaspedal_Watchdog.a(LED_yellow.o)
 .debug_abbrev  0x000054b2       0x90 .\CortexM3\ARM_GCC_541\Debug\Gaspedal_Watchdog.a(LED_green.o)
 .debug_abbrev  0x00005542      0x12d .\CortexM3\ARM_GCC_541\Debug\Gaspedal_Watchdog.a(RGB_PWM_red.o)
 .debug_abbrev  0x0000566f      0x12d .\CortexM3\ARM_GCC_541\Debug\Gaspedal_Watchdog.a(RGB_PWM_green.o)
 .debug_abbrev  0x0000579c      0x12d .\CortexM3\ARM_GCC_541\Debug\Gaspedal_Watchdog.a(RGB_PWM_blue.o)
 .debug_abbrev  0x000058c9      0x13e .\CortexM3\ARM_GCC_541\Debug\Gaspedal_Watchdog.a(JOYSTICK_ADC_XY.o)
 .debug_abbrev  0x00005a07       0x42 .\CortexM3\ARM_GCC_541\Debug\Gaspedal_Watchdog.a(JOYSTICK_ADC_XY_INT.o)
 .debug_abbrev  0x00005a49      0x1ac .\CortexM3\ARM_GCC_541\Debug\Gaspedal_Watchdog.a(JOYSTICK_ADC_XY_SAR.o)
 .debug_abbrev  0x00005bf5       0xcd .\CortexM3\ARM_GCC_541\Debug\Gaspedal_Watchdog.a(JOYSTICK_ADC_XY_TempBuf_dma.o)
 .debug_abbrev  0x00005cc2       0xcd .\CortexM3\ARM_GCC_541\Debug\Gaspedal_Watchdog.a(JOYSTICK_ADC_XY_FinalBuf_dma.o)
 .debug_abbrev  0x00005d8f      0x173 .\CortexM3\ARM_GCC_541\Debug\Gaspedal_Watchdog.a(JOYSTICK_ADC_XY_IRQ.o)
 .debug_abbrev  0x00005f02      0x146 .\CortexM3\ARM_GCC_541\Debug\Gaspedal_Watchdog.a(TFT_SPI.o)
 .debug_abbrev  0x00006048       0x90 .\CortexM3\ARM_GCC_541\Debug\Gaspedal_Watchdog.a(TFT_DC.o)
 .debug_abbrev  0x000060d8       0x90 .\CortexM3\ARM_GCC_541\Debug\Gaspedal_Watchdog.a(TFT_RES.o)
 .debug_abbrev  0x00006168      0x12d .\CortexM3\ARM_GCC_541\Debug\Gaspedal_Watchdog.a(TFT_BackLight.o)
 .debug_abbrev  0x00006295      0x139 .\CortexM3\ARM_GCC_541\Debug\Gaspedal_Watchdog.a(TFT_SPI_IntClock.o)
 .debug_abbrev  0x000063ce       0x14 .\CortexM3\ARM_GCC_541\Debug\Gaspedal_Watchdog.a(CyBootAsmGnu.o)
 .debug_abbrev  0x000063e2       0x14 .\CortexM3\ARM_GCC_541\Debug\Gaspedal_Watchdog.a(ErikaOS_ee_gnu_change_context_isr.o)
 .debug_abbrev  0x000063f6       0x14 .\CortexM3\ARM_GCC_541\Debug\Gaspedal_Watchdog.a(ErikaOS_ee_gnu_irq_stack.o)
 .debug_abbrev  0x0000640a       0x14 .\CortexM3\ARM_GCC_541\Debug\Gaspedal_Watchdog.a(ErikaOS_ee_gnu_multi_context.o)
 .debug_abbrev  0x0000641e       0x14 .\CortexM3\ARM_GCC_541\Debug\Gaspedal_Watchdog.a(ErikaOS_ee_gnu_oo.o)
 .debug_abbrev  0x00006432      0x1a7 .\CortexM3\ARM_GCC_541\Debug\Gaspedal_Watchdog.a(CyFlash.o)
 .debug_abbrev  0x000065d9      0x194 .\CortexM3\ARM_GCC_541\Debug\Gaspedal_Watchdog.a(CySpc.o)
 .debug_abbrev  0x0000676d      0x190 .\CortexM3\ARM_GCC_541\Debug\Gaspedal_Watchdog.a(ErikaOS_ee_tnterm.o)
 .debug_abbrev  0x000068fd      0x143 .\CortexM3\ARM_GCC_541\Debug\Gaspedal_Watchdog.a(ErikaOS_ee_tstub.o)
 .debug_abbrev  0x00006a40       0xfc .\CortexM3\ARM_GCC_541\Debug\Gaspedal_Watchdog.a(ErikaOS_ee_ulockallres.o)
 .debug_abbrev  0x00006b3c      0x156 .\CortexM3\ARM_GCC_541\Debug\Gaspedal_Watchdog.a(ErikaOS_cortex_mx_ee_context.o)
 .debug_abbrev  0x00006c92      0x229 .\CortexM3\ARM_GCC_541\Debug\Gaspedal_Watchdog.a(ErikaOS_ee_thendin.o)

.debug_line     0x00000000     0x9c7e
 *(.debug_line)
 .debug_line    0x00000000      0x421 .\CortexM3\ARM_GCC_541\Debug\main.o
 .debug_line    0x00000421      0x370 .\CortexM3\ARM_GCC_541\Debug\swc_control.o
 .debug_line    0x00000791      0x3e8 .\CortexM3\ARM_GCC_541\Debug\swc_output.o
 .debug_line    0x00000b79      0x283 .\CortexM3\ARM_GCC_541\Debug\tsk_control.o
 .debug_line    0x00000dfc      0x36b .\CortexM3\ARM_GCC_541\Debug\swc_input.o
 .debug_line    0x00001167      0x3e1 .\CortexM3\ARM_GCC_541\Debug\swc_logging.o
 .debug_line    0x00001548      0x273 .\CortexM3\ARM_GCC_541\Debug\tsk_io.o
 .debug_line    0x000017bb      0x283 .\CortexM3\ARM_GCC_541\Debug\tsk_logging.o
 .debug_line    0x00001a3e      0x8bd .\CortexM3\ARM_GCC_541\Debug\tft.o
 .debug_line    0x000022fb      0x262 .\CortexM3\ARM_GCC_541\Debug\logging.o
 .debug_line    0x0000255d      0x29c .\CortexM3\ARM_GCC_541\Debug\button.o
 .debug_line    0x000027f9      0x245 .\CortexM3\ARM_GCC_541\Debug\joystick.o
 .debug_line    0x00002a3e      0x352 .\CortexM3\ARM_GCC_541\Debug\led.o
 .debug_line    0x00002d90      0x287 .\CortexM3\ARM_GCC_541\Debug\rte.o
 .debug_line    0x00003017        0x0 .\CortexM3\ARM_GCC_541\Debug\sc_brakelight.o
 .debug_line    0x00003017        0x0 .\CortexM3\ARM_GCC_541\Debug\sc_joystick.o
 .debug_line    0x00003017        0x0 .\CortexM3\ARM_GCC_541\Debug\sc_speed.o
 .debug_line    0x00003017      0x3d9 .\CortexM3\ARM_GCC_541\Debug\sp_common.o
 .debug_line    0x000033f0      0x253 .\CortexM3\ARM_GCC_541\Debug\sc_brakelight_type.o
 .debug_line    0x00003643        0x0 .\CortexM3\ARM_GCC_541\Debug\sc_engine.o
 .debug_line    0x00003643      0x24b .\CortexM3\ARM_GCC_541\Debug\sc_engine_type.o
 .debug_line    0x0000388e      0x255 .\CortexM3\ARM_GCC_541\Debug\sc_joystick_type.o
 .debug_line    0x00003ae3        0x0 .\CortexM3\ARM_GCC_541\Debug\sc_logging.o
 .debug_line    0x00003ae3      0x277 .\CortexM3\ARM_GCC_541\Debug\sc_logging_type.o
 .debug_line    0x00003d5a      0x20b .\CortexM3\ARM_GCC_541\Debug\cyfitter_cfg.o
 .debug_line    0x00003f65      0x141 .\CortexM3\ARM_GCC_541\Debug\cymetadata.o
 .debug_line    0x000040a6      0x241 .\CortexM3\ARM_GCC_541\Debug\Cm3Start.o
 .debug_line    0x000042e7      0x2e4 .\CortexM3\ARM_GCC_541\Debug\Gaspedal_Watchdog.a(CyDmac.o)
 .debug_line    0x000045cb      0x816 .\CortexM3\ARM_GCC_541\Debug\Gaspedal_Watchdog.a(CyLib.o)
 .debug_line    0x00004de1      0x367 .\CortexM3\ARM_GCC_541\Debug\Gaspedal_Watchdog.a(cyPm.o)
 .debug_line    0x00005148      0x1e6 .\CortexM3\ARM_GCC_541\Debug\Gaspedal_Watchdog.a(ErikaOS_ee_activate.o)
 .debug_line    0x0000532e      0x1bd .\CortexM3\ARM_GCC_541\Debug\Gaspedal_Watchdog.a(ErikaOS_ee_alsetrel.o)
 .debug_line    0x000054eb      0x2f1 .\CortexM3\ARM_GCC_541\Debug\Gaspedal_Watchdog.a(ErikaOS_ee_altick.o)
 .debug_line    0x000057dc      0x1c1 .\CortexM3\ARM_GCC_541\Debug\Gaspedal_Watchdog.a(ErikaOS_ee_evclear.o)
 .debug_line    0x0000599d      0x14b .\CortexM3\ARM_GCC_541\Debug\Gaspedal_Watchdog.a(ErikaOS_ee_evget.o)
 .debug_line    0x00005ae8      0x1e3 .\CortexM3\ARM_GCC_541\Debug\Gaspedal_Watchdog.a(ErikaOS_ee_evset.o)
 .debug_line    0x00005ccb      0x1f1 .\CortexM3\ARM_GCC_541\Debug\Gaspedal_Watchdog.a(ErikaOS_ee_evwait.o)
 .debug_line    0x00005ebc      0x190 .\CortexM3\ARM_GCC_541\Debug\Gaspedal_Watchdog.a(ErikaOS_ee_irqendin.o)
 .debug_line    0x0000604c      0x1dd .\CortexM3\ARM_GCC_541\Debug\Gaspedal_Watchdog.a(ErikaOS_ee_lockres.o)
 .debug_line    0x00006229      0x10b .\CortexM3\ARM_GCC_541\Debug\Gaspedal_Watchdog.a(ErikaOS_ee_lookup.o)
 .debug_line    0x00006334      0x14b .\CortexM3\ARM_GCC_541\Debug\Gaspedal_Watchdog.a(ErikaOS_ee_rq_exchg.o)
 .debug_line    0x0000647f      0x142 .\CortexM3\ARM_GCC_541\Debug\Gaspedal_Watchdog.a(ErikaOS_ee_rq_first.o)
 .debug_line    0x000065c1      0x146 .\CortexM3\ARM_GCC_541\Debug\Gaspedal_Watchdog.a(ErikaOS_ee_rq_inser.o)
 .debug_line    0x00006707      0x3e8 .\CortexM3\ARM_GCC_541\Debug\Gaspedal_Watchdog.a(ErikaOS_ee_startos.o)
 .debug_line    0x00006aef      0x1b0 .\CortexM3\ARM_GCC_541\Debug\Gaspedal_Watchdog.a(ErikaOS_ee_terminat.o)
 .debug_line    0x00006c9f      0x201 .\CortexM3\ARM_GCC_541\Debug\Gaspedal_Watchdog.a(ErikaOS_ee_ulockres.o)
 .debug_line    0x00006ea0      0x156 .\CortexM3\ARM_GCC_541\Debug\Gaspedal_Watchdog.a(ErikaOS_cortex_mx_ee_utils.o)
 .debug_line    0x00006ff6       0xed .\CortexM3\ARM_GCC_541\Debug\Gaspedal_Watchdog.a(ErikaOS_common_ee_hal_structs.o)
 .debug_line    0x000070e3      0x12c .\CortexM3\ARM_GCC_541\Debug\Gaspedal_Watchdog.a(ErikaOS_eecfg.o)
 .debug_line    0x0000720f      0x345 .\CortexM3\ARM_GCC_541\Debug\Gaspedal_Watchdog.a(UART_Logs.o)
 .debug_line    0x00007554       0xaf .\CortexM3\ARM_GCC_541\Debug\Gaspedal_Watchdog.a(UART_Logs_INT.o)
 .debug_line    0x00007603      0x181 .\CortexM3\ARM_GCC_541\Debug\Gaspedal_Watchdog.a(UART_Logs_IntClock.o)
 .debug_line    0x00007784       0x95 .\CortexM3\ARM_GCC_541\Debug\Gaspedal_Watchdog.a(BUTTON_1.o)
 .debug_line    0x00007819      0x137 .\CortexM3\ARM_GCC_541\Debug\Gaspedal_Watchdog.a(isr_Button.o)
 .debug_line    0x00007950       0x95 .\CortexM3\ARM_GCC_541\Debug\Gaspedal_Watchdog.a(BUTTON_2.o)
 .debug_line    0x000079e5       0x95 .\CortexM3\ARM_GCC_541\Debug\Gaspedal_Watchdog.a(BUTTON_3.o)
 .debug_line    0x00007a7a       0x95 .\CortexM3\ARM_GCC_541\Debug\Gaspedal_Watchdog.a(BUTTON_4.o)
 .debug_line    0x00007b0f       0x94 .\CortexM3\ARM_GCC_541\Debug\Gaspedal_Watchdog.a(LED_red.o)
 .debug_line    0x00007ba3       0x97 .\CortexM3\ARM_GCC_541\Debug\Gaspedal_Watchdog.a(LED_yellow.o)
 .debug_line    0x00007c3a       0x96 .\CortexM3\ARM_GCC_541\Debug\Gaspedal_Watchdog.a(LED_green.o)
 .debug_line    0x00007cd0      0x143 .\CortexM3\ARM_GCC_541\Debug\Gaspedal_Watchdog.a(RGB_PWM_red.o)
 .debug_line    0x00007e13      0x145 .\CortexM3\ARM_GCC_541\Debug\Gaspedal_Watchdog.a(RGB_PWM_green.o)
 .debug_line    0x00007f58      0x144 .\CortexM3\ARM_GCC_541\Debug\Gaspedal_Watchdog.a(RGB_PWM_blue.o)
 .debug_line    0x0000809c      0x23e .\CortexM3\ARM_GCC_541\Debug\Gaspedal_Watchdog.a(JOYSTICK_ADC_XY.o)
 .debug_line    0x000082da       0x5c .\CortexM3\ARM_GCC_541\Debug\Gaspedal_Watchdog.a(JOYSTICK_ADC_XY_INT.o)
 .debug_line    0x00008336      0x20f .\CortexM3\ARM_GCC_541\Debug\Gaspedal_Watchdog.a(JOYSTICK_ADC_XY_SAR.o)
 .debug_line    0x00008545       0x94 .\CortexM3\ARM_GCC_541\Debug\Gaspedal_Watchdog.a(JOYSTICK_ADC_XY_TempBuf_dma.o)
 .debug_line    0x000085d9       0x95 .\CortexM3\ARM_GCC_541\Debug\Gaspedal_Watchdog.a(JOYSTICK_ADC_XY_FinalBuf_dma.o)
 .debug_line    0x0000866e      0x140 .\CortexM3\ARM_GCC_541\Debug\Gaspedal_Watchdog.a(JOYSTICK_ADC_XY_IRQ.o)
 .debug_line    0x000087ae      0x249 .\CortexM3\ARM_GCC_541\Debug\Gaspedal_Watchdog.a(TFT_SPI.o)
 .debug_line    0x000089f7       0x93 .\CortexM3\ARM_GCC_541\Debug\Gaspedal_Watchdog.a(TFT_DC.o)
 .debug_line    0x00008a8a       0x94 .\CortexM3\ARM_GCC_541\Debug\Gaspedal_Watchdog.a(TFT_RES.o)
 .debug_line    0x00008b1e      0x13b .\CortexM3\ARM_GCC_541\Debug\Gaspedal_Watchdog.a(TFT_BackLight.o)
 .debug_line    0x00008c59      0x17f .\CortexM3\ARM_GCC_541\Debug\Gaspedal_Watchdog.a(TFT_SPI_IntClock.o)
 .debug_line    0x00008dd8       0x66 .\CortexM3\ARM_GCC_541\Debug\Gaspedal_Watchdog.a(CyBootAsmGnu.o)
 .debug_line    0x00008e3e       0xac .\CortexM3\ARM_GCC_541\Debug\Gaspedal_Watchdog.a(ErikaOS_ee_gnu_change_context_isr.o)
 .debug_line    0x00008eea       0x72 .\CortexM3\ARM_GCC_541\Debug\Gaspedal_Watchdog.a(ErikaOS_ee_gnu_irq_stack.o)
 .debug_line    0x00008f5c       0x9b .\CortexM3\ARM_GCC_541\Debug\Gaspedal_Watchdog.a(ErikaOS_ee_gnu_multi_context.o)
 .debug_line    0x00008ff7       0x97 .\CortexM3\ARM_GCC_541\Debug\Gaspedal_Watchdog.a(ErikaOS_ee_gnu_oo.o)
 .debug_line    0x0000908e      0x21a .\CortexM3\ARM_GCC_541\Debug\Gaspedal_Watchdog.a(CyFlash.o)
 .debug_line    0x000092a8      0x260 .\CortexM3\ARM_GCC_541\Debug\Gaspedal_Watchdog.a(CySpc.o)
 .debug_line    0x00009508      0x171 .\CortexM3\ARM_GCC_541\Debug\Gaspedal_Watchdog.a(ErikaOS_ee_tnterm.o)
 .debug_line    0x00009679      0x160 .\CortexM3\ARM_GCC_541\Debug\Gaspedal_Watchdog.a(ErikaOS_ee_tstub.o)
 .debug_line    0x000097d9      0x154 .\CortexM3\ARM_GCC_541\Debug\Gaspedal_Watchdog.a(ErikaOS_ee_ulockallres.o)
 .debug_line    0x0000992d      0x19a .\CortexM3\ARM_GCC_541\Debug\Gaspedal_Watchdog.a(ErikaOS_cortex_mx_ee_context.o)
 .debug_line    0x00009ac7      0x1b7 .\CortexM3\ARM_GCC_541\Debug\Gaspedal_Watchdog.a(ErikaOS_ee_thendin.o)

.debug_frame    0x00000000     0x34c4
 *(.debug_frame)
 .debug_frame   0x00000000       0xb4 .\CortexM3\ARM_GCC_541\Debug\main.o
 .debug_frame   0x000000b4       0x30 .\CortexM3\ARM_GCC_541\Debug\swc_control.o
 .debug_frame   0x000000e4       0x54 .\CortexM3\ARM_GCC_541\Debug\swc_output.o
 .debug_frame   0x00000138       0x2c .\CortexM3\ARM_GCC_541\Debug\tsk_control.o
 .debug_frame   0x00000164       0x3c .\CortexM3\ARM_GCC_541\Debug\swc_input.o
 .debug_frame   0x000001a0       0x80 .\CortexM3\ARM_GCC_541\Debug\swc_logging.o
 .debug_frame   0x00000220       0x2c .\CortexM3\ARM_GCC_541\Debug\tsk_io.o
 .debug_frame   0x0000024c       0x2c .\CortexM3\ARM_GCC_541\Debug\tsk_logging.o
 .debug_frame   0x00000278      0x5bc .\CortexM3\ARM_GCC_541\Debug\tft.o
 .debug_frame   0x00000834       0x48 .\CortexM3\ARM_GCC_541\Debug\logging.o
 .debug_frame   0x0000087c       0x4c .\CortexM3\ARM_GCC_541\Debug\button.o
 .debug_frame   0x000008c8       0x4c .\CortexM3\ARM_GCC_541\Debug\joystick.o
 .debug_frame   0x00000914       0x8c .\CortexM3\ARM_GCC_541\Debug\led.o
 .debug_frame   0x000009a0       0x60 .\CortexM3\ARM_GCC_541\Debug\rte.o
 .debug_frame   0x00000a00       0x30 .\CortexM3\ARM_GCC_541\Debug\sp_common.o
 .debug_frame   0x00000a30       0x2c .\CortexM3\ARM_GCC_541\Debug\sc_brakelight_type.o
 .debug_frame   0x00000a5c       0x2c .\CortexM3\ARM_GCC_541\Debug\sc_engine_type.o
 .debug_frame   0x00000a88       0x34 .\CortexM3\ARM_GCC_541\Debug\sc_joystick_type.o
 .debug_frame   0x00000abc       0x2c .\CortexM3\ARM_GCC_541\Debug\sc_logging_type.o
 .debug_frame   0x00000ae8       0xfc .\CortexM3\ARM_GCC_541\Debug\cyfitter_cfg.o
 .debug_frame   0x00000be4       0xb8 .\CortexM3\ARM_GCC_541\Debug\Cm3Start.o