Archive member included to satisfy reference by file (symbol)

.\CortexM3\ARM_GCC_541\Debug\Gaspedal_Watchdog.a(CyLib.o)
                              .\CortexM3\ARM_GCC_541\Debug\Cm3Start.o (CyHalt)
.\CortexM3\ARM_GCC_541\Debug\Gaspedal_Watchdog.a(cyPm.o)
                              .\CortexM3\ARM_GCC_541\Debug\Gaspedal_Watchdog.a(CyLib.o) (CyPmReadStatus)
.\CortexM3\ARM_GCC_541\Debug\Gaspedal_Watchdog.a(ErikaOS_ee_activate.o)
                              .\CortexM3\ARM_GCC_541\Debug\main.o (EE_oo_ActivateTask)
.\CortexM3\ARM_GCC_541\Debug\Gaspedal_Watchdog.a(ErikaOS_ee_alsetrel.o)
                              .\CortexM3\ARM_GCC_541\Debug\main.o (EE_oo_SetRelAlarm)
.\CortexM3\ARM_GCC_541\Debug\Gaspedal_Watchdog.a(ErikaOS_ee_altick.o)
                              .\CortexM3\ARM_GCC_541\Debug\Gaspedal_Watchdog.a(ErikaOS_ee_alsetrel.o) (EE_oo_counter_object_insert)
.\CortexM3\ARM_GCC_541\Debug\Gaspedal_Watchdog.a(ErikaOS_ee_evclear.o)
                              .\CortexM3\ARM_GCC_541\Debug\tsk_control.o (EE_oo_ClearEvent)
.\CortexM3\ARM_GCC_541\Debug\Gaspedal_Watchdog.a(ErikaOS_ee_evget.o)
                              .\CortexM3\ARM_GCC_541\Debug\tsk_control.o (EE_oo_GetEvent)
.\CortexM3\ARM_GCC_541\Debug\Gaspedal_Watchdog.a(ErikaOS_ee_evset.o)
                              .\CortexM3\ARM_GCC_541\Debug\swc_control.o (EE_oo_SetEvent)
.\CortexM3\ARM_GCC_541\Debug\Gaspedal_Watchdog.a(ErikaOS_ee_evwait.o)
                              .\CortexM3\ARM_GCC_541\Debug\tsk_control.o (EE_oo_WaitEvent)
.\CortexM3\ARM_GCC_541\Debug\Gaspedal_Watchdog.a(ErikaOS_ee_irqendin.o)
                              .\CortexM3\ARM_GCC_541\Debug\main.o (EE_IRQ_end_post_stub)
.\CortexM3\ARM_GCC_541\Debug\Gaspedal_Watchdog.a(ErikaOS_ee_lookup.o)
                              .\CortexM3\ARM_GCC_541\Debug\Gaspedal_Watchdog.a(ErikaOS_ee_irqendin.o) (EE_oo_IRQ_disable_count)
.\CortexM3\ARM_GCC_541\Debug\Gaspedal_Watchdog.a(ErikaOS_ee_rq_exchg.o)
                              .\CortexM3\ARM_GCC_541\Debug\Gaspedal_Watchdog.a(ErikaOS_ee_activate.o) (EE_rq2stk_exchange)
.\CortexM3\ARM_GCC_541\Debug\Gaspedal_Watchdog.a(ErikaOS_ee_rq_first.o)
                              .\CortexM3\ARM_GCC_541\Debug\Gaspedal_Watchdog.a(ErikaOS_ee_activate.o) (EE_rq_queryfirst)
.\CortexM3\ARM_GCC_541\Debug\Gaspedal_Watchdog.a(ErikaOS_ee_rq_inser.o)
                              .\CortexM3\ARM_GCC_541\Debug\Gaspedal_Watchdog.a(ErikaOS_ee_activate.o) (EE_rq_insert)
.\CortexM3\ARM_GCC_541\Debug\Gaspedal_Watchdog.a(ErikaOS_ee_startos.o)
                              .\CortexM3\ARM_GCC_541\Debug\main.o (EE_oo_StartOS)
.\CortexM3\ARM_GCC_541\Debug\Gaspedal_Watchdog.a(ErikaOS_ee_terminat.o)
                              .\CortexM3\ARM_GCC_541\Debug\main.o (EE_oo_TerminateTask)
.\CortexM3\ARM_GCC_541\Debug\Gaspedal_Watchdog.a(ErikaOS_cortex_mx_ee_utils.o)
                              .\CortexM3\ARM_GCC_541\Debug\main.o (EE_system_init)
.\CortexM3\ARM_GCC_541\Debug\Gaspedal_Watchdog.a(ErikaOS_common_ee_hal_structs.o)
                              .\CortexM3\ARM_GCC_541\Debug\Gaspedal_Watchdog.a(ErikaOS_ee_irqendin.o) (EE_std_endcycle_next_tid)
.\CortexM3\ARM_GCC_541\Debug\Gaspedal_Watchdog.a(ErikaOS_eecfg.o)
                              .\CortexM3\ARM_GCC_541\Debug\Gaspedal_Watchdog.a(ErikaOS_ee_startos.o) (EE_oo_autostart_task_data)
.\CortexM3\ARM_GCC_541\Debug\Gaspedal_Watchdog.a(UART_Logs.o)
                              .\CortexM3\ARM_GCC_541\Debug\main.o (UART_Logs_Start)
.\CortexM3\ARM_GCC_541\Debug\Gaspedal_Watchdog.a(UART_Logs_INT.o)
                              .\CortexM3\ARM_GCC_541\Debug\Gaspedal_Watchdog.a(UART_Logs.o) (UART_Logs_RXISR)
.\CortexM3\ARM_GCC_541\Debug\Gaspedal_Watchdog.a(UART_Logs_IntClock.o)
                              .\CortexM3\ARM_GCC_541\Debug\Gaspedal_Watchdog.a(UART_Logs.o) (UART_Logs_IntClock_Start)
.\CortexM3\ARM_GCC_541\Debug\Gaspedal_Watchdog.a(CyBootAsmGnu.o)
                              .\CortexM3\ARM_GCC_541\Debug\cyfitter_cfg.o (CyDelayCycles)
.\CortexM3\ARM_GCC_541\Debug\Gaspedal_Watchdog.a(ErikaOS_ee_gnu_change_context_isr.o)
                              .\CortexM3\ARM_GCC_541\Debug\main.o (EE_switch_context)
.\CortexM3\ARM_GCC_541\Debug\Gaspedal_Watchdog.a(ErikaOS_ee_gnu_irq_stack.o)
                              .\CortexM3\ARM_GCC_541\Debug\main.o (EE_cortex_mx_change_IRQ_stack)
.\CortexM3\ARM_GCC_541\Debug\Gaspedal_Watchdog.a(ErikaOS_ee_gnu_multi_context.o)
                              .\CortexM3\ARM_GCC_541\Debug\Gaspedal_Watchdog.a(ErikaOS_ee_activate.o) (EE_cortex_mx_change_context)
.\CortexM3\ARM_GCC_541\Debug\Gaspedal_Watchdog.a(ErikaOS_ee_gnu_oo.o)
                              .\CortexM3\ARM_GCC_541\Debug\Gaspedal_Watchdog.a(ErikaOS_ee_terminat.o) (EE_hal_terminate_task)
.\CortexM3\ARM_GCC_541\Debug\Gaspedal_Watchdog.a(CyFlash.o)
                              .\CortexM3\ARM_GCC_541\Debug\Gaspedal_Watchdog.a(cyPm.o) (CyFlash_SetWaitCycles)
.\CortexM3\ARM_GCC_541\Debug\Gaspedal_Watchdog.a(CySpc.o)
[...]
Memory Configuration

Name             Origin             Length             Attributes
rom              0x00000000         0x00040000         xr
ram              0x1fff8000         0x00010000         xrw
*default*        0x00000000         0xffffffff

Linker script and memory map

LOAD c:/program files (x86)/cypress/psoc creator/4.4/psoc creator/import/gnu/arm/5.4.1/bin/../lib/gcc/arm-none-eabi/5.4.1/armv7-m/crti.o
LOAD c:/program files (x86)/cypress/psoc creator/4.4/psoc creator/import/gnu/arm/5.4.1/bin/../lib/gcc/arm-none-eabi/5.4.1/armv7-m/crtbegin.o
LOAD c:/program files (x86)/cypress/psoc creator/4.4/psoc creator/import/gnu/arm/5.4.1/bin/../lib/gcc/arm-none-eabi/5.4.1/../../../../arm-none-eabi/lib/armv7-m/crt0.o
START GROUP
LOAD .\CortexM3\ARM_GCC_541\Debug\main.o
LOAD .\CortexM3\ARM_GCC_541\Debug\swc_control.o
LOAD .\CortexM3\ARM_GCC_541\Debug\swc_output.o
LOAD .\CortexM3\ARM_GCC_541\Debug\tsk_control.o
LOAD .\CortexM3\ARM_GCC_541\Debug\tsk_output.o
LOAD .\CortexM3\ARM_GCC_541\Debug\swc_input.o
LOAD .\CortexM3\ARM_GCC_541\Debug\tsk_input.o
LOAD .\CortexM3\ARM_GCC_541\Debug\rte.o
LOAD .\CortexM3\ARM_GCC_541\Debug\sc_brakelight.o
LOAD .\CortexM3\ARM_GCC_541\Debug\sc_joystick.o
LOAD .\CortexM3\ARM_GCC_541\Debug\sc_speed.o
LOAD .\CortexM3\ARM_GCC_541\Debug\sc_speed_type.o
LOAD .\CortexM3\ARM_GCC_541\Debug\sp_common.o
LOAD .\CortexM3\ARM_GCC_541\Debug\sc_brakelight_type.o
LOAD .\CortexM3\ARM_GCC_541\Debug\sc_engine.o
LOAD .\CortexM3\ARM_GCC_541\Debug\sc_engine_type.o
LOAD .\CortexM3\ARM_GCC_541\Debug\sc_joystick_type.o
LOAD .\CortexM3\ARM_GCC_541\Debug\cyfitter_cfg.o
LOAD .\CortexM3\ARM_GCC_541\Debug\cymetadata.o
LOAD .\CortexM3\ARM_GCC_541\Debug\Cm3Start.o
LOAD .\CortexM3\ARM_GCC_541\Debug\Gaspedal_Watchdog.a
LOAD C:\Program Files (x86)\Cypress\PSoC Creator\4.4\PSoC Creator\psoc\content\cycomponentlibrary\CyComponentLibrary.cylib\CortexM3\ARM_GCC_541\Debug\CyComponentLibrary.a
END GROUP
START GROUP
LOAD c:/program files (x86)/cypress/psoc creator/4.4/psoc creator/import/gnu/arm/5.4.1/bin/../lib/gcc/arm-none-eabi/5.4.1/armv7-m\libgcc.a
LOAD c:/program files (x86)/cypress/psoc creator/4.4/psoc creator/import/gnu/arm/5.4.1/bin/../lib/gcc/arm-none-eabi/5.4.1/../../../../arm-none-eabi/lib/armv7-m\libg_nano.a
LOAD c:/program files (x86)/cypress/psoc creator/4.4/psoc creator/import/gnu/arm/5.4.1/bin/../lib/gcc/arm-none-eabi/5.4.1/../../../../arm-none-eabi/lib/armv7-m\libc_nano.a
END GROUP
START GROUP
LOAD c:/program files (x86)/cypress/psoc creator/4.4/psoc creator/import/gnu/arm/5.4.1/bin/../lib/gcc/arm-none-eabi/5.4.1/armv7-m\libgcc.a
LOAD c:/program files (x86)/cypress/psoc creator/4.4/psoc creator/import/gnu/arm/5.4.1/bin/../lib/gcc/arm-none-eabi/5.4.1/../../../../arm-none-eabi/lib/armv7-m\libc_nano.a
END GROUP
LOAD c:/program files (x86)/cypress/psoc creator/4.4/psoc creator/import/gnu/arm/5.4.1/bin/../lib/gcc/arm-none-eabi/5.4.1/armv7-m/crtend.o
LOAD c:/program files (x86)/cypress/psoc creator/4.4/psoc creator/import/gnu/arm/5.4.1/bin/../lib/gcc/arm-none-eabi/5.4.1/armv7-m/crtn.o
START GROUP
LOAD c:/program files (x86)/cypress/psoc creator/4.4/psoc creator/import/gnu/arm/5.4.1/bin/../lib/gcc/arm-none-eabi/5.4.1/armv7-m\libgcc.a
LOAD c:/program files (x86)/cypress/psoc creator/4.4/psoc creator/import/gnu/arm/5.4.1/bin/../lib/gcc/arm-none-eabi/5.4.1/../../../../arm-none-eabi/lib/armv7-m\libc.a
LOAD c:/program files (x86)/cypress/psoc creator/4.4/psoc creator/import/gnu/arm/5.4.1/bin/../lib/gcc/arm-none-eabi/5.4.1/../../../../arm-none-eabi/lib/armv7-m\libnosys.a
END GROUP
                0x00000000                CY_APPL_ORIGIN = 0x0
                0x00000100                CY_FLASH_ROW_SIZE = 0x100
                0x00000020                CY_ECC_ROW_SIZE = 0x20
                0x00000000                CY_EE_IN_BTLDR = 0x0
                0x00000000                CY_APPL_LOADABLE = 0x0
                0x00000800                CY_EE_SIZE = 0x800
                0x00000001                CY_APPL_NUM = 0x1
                0x00000001                CY_APPL_MAX = 0x1
                0x00000040                CY_METADATA_SIZE = 0x40
                0x00000000                CY_APPL_LOADABLE = 0x0
                0x00000000                CY_CHECKSUM_EXCLUDE_SIZE = ALIGN (0x0, CY_FLASH_ROW_SIZE)
                [!provide]                PROVIDE (__cy_heap_start, _end)
                0x00000001                PROVIDE (__cy_region_num, ((__cy_regions_end - __cy_regions) / 0x10))
                0x20008000                PROVIDE (__cy_stack, (ORIGIN (ram) + LENGTH (ram)))
                [!provide]                PROVIDE (__cy_heap_end, (__cy_stack - 0x800))

.cybootloader   0x00000000        0x0
 *(.cybootloader)
                0x00000000                appl1_start = CY_APPL_ORIGIN?CY_APPL_ORIGIN:ALIGN (CY_FLASH_ROW_SIZE)
                0x0001ff00                appl2_start = (appl1_start + ALIGN ((((LENGTH (rom) - appl1_start) - (0x2 * CY_FLASH_ROW_SIZE)) / 0x2), CY_FLASH_ROW_SIZE))
                0x00000000                appl_start = (CY_APPL_NUM == 0x1)?appl1_start:appl2_start
                0x00000000                ecc_offset = ((appl_start / CY_FLASH_ROW_SIZE) * CY_ECC_ROW_SIZE)
                0x00000000                ee_offset = (CY_APPL_LOADABLE && ! (CY_EE_IN_BTLDR))?((CY_EE_SIZE / CY_APPL_MAX) * (CY_APPL_NUM - 0x1)):0x0
                0x00000800                ee_size = (CY_APPL_LOADABLE && ! (CY_EE_IN_BTLDR))?(CY_EE_SIZE / CY_APPL_MAX):CY_EE_SIZE
                [!provide]                PROVIDE (CY_ECC_OFFSET, ecc_offset)

.text           0x00000000     0x17ce
 CREATE_OBJECT_SYMBOLS
                0x00000000                PROVIDE (__cy_interrupt_vector, RomVectors)
 *(.romvectors)
 .romvectors    0x00000000       0x10 .\CortexM3\ARM_GCC_541\Debug\Cm3Start.o
                0x00000000                RomVectors
                0x00000001                ASSERT ((. != __cy_interrupt_vector), No interrupt vector)
                0x00000001                ASSERT (CY_APPL_ORIGIN?(SIZEOF (.cybootloader) <= CY_APPL_ORIGIN):0x1, Wrong image location)
                0x00000010                PROVIDE (__cy_reset, Reset)
 *(.text.Reset)
 .text.Reset    0x00000010       0x18 .\CortexM3\ARM_GCC_541\Debug\Cm3Start.o
                0x00000010                Reset
                0x00000001                ASSERT ((. != __cy_reset), No reset code)
 *(.dma_init)
                0x00000001                ASSERT ((((appl_start + .) <= 0x10000) || 0x1), DMA Init must be within the first 64k of flash)
 *(.text .text.* .gnu.linkonce.t.*)
 .text          0x00000028       0x5c c:/program files (x86)/cypress/psoc creator/4.4/psoc creator/import/gnu/arm/5.4.1/bin/../lib/gcc/arm-none-eabi/5.4.1/armv7-m/crtbegin.o
 .text.ISR2_systick_handler
                0x00000084        0xc .\CortexM3\ARM_GCC_541\Debug\main.o
                0x00000084                ISR2_systick_handler
 .text.systick_handler
                0x00000090       0x98 .\CortexM3\ARM_GCC_541\Debug\main.o
                0x00000090                systick_handler
 .text.main     0x00000128       0x28 .\CortexM3\ARM_GCC_541\Debug\main.o
                0x00000128                main
 .text.Functsk_init
                0x00000150       0x54 .\CortexM3\ARM_GCC_541\Debug\main.o
                0x00000150                Functsk_init
 .text.Functsk_background
                0x000001a4        0x4 .\CortexM3\ARM_GCC_541\Debug\main.o
                0x000001a4                Functsk_background
 .text.CONTROL_calcControl_run
                0x000001a8       0x58 .\CortexM3\ARM_GCC_541\Debug\swc_control.o
                0x000001a8                CONTROL_calcControl_run
 .text.OUTPUT_setEngine_run
                0x00000200       0x10 .\CortexM3\ARM_GCC_541\Debug\swc_output.o
                0x00000200                OUTPUT_setEngine_run
 .text.OUTPUT_setBrakeLight_run
                0x00000210       0x10 .\CortexM3\ARM_GCC_541\Debug\swc_output.o
                0x00000210                OUTPUT_setBrakeLight_run
 .text.Functsk_control
                0x00000220       0x2c .\CortexM3\ARM_GCC_541\Debug\tsk_control.o
                0x00000220                Functsk_control
 .text.Functsk_output
                0x0000024c       0x28 .\CortexM3\ARM_GCC_541\Debug\tsk_output.o
                0x0000024c                Functsk_output
 .text.INPUT_readJoystick_run
                0x00000274       0x94 .\CortexM3\ARM_GCC_541\Debug\swc_input.o
                0x00000274                INPUT_readJoystick_run
 .text.Functsk_input
                0x00000308       0x2c .\CortexM3\ARM_GCC_541\Debug\tsk_input.o
                0x00000308                Functsk_input
 .text.RTE_ProcessCyclicTable
                0x00000334       0x30 .\CortexM3\ARM_GCC_541\Debug\rte.o
                0x00000334                RTE_ProcessCyclicTable
 .text.RTE_ProcessEventTable
                0x00000364       0x28 .\CortexM3\ARM_GCC_541\Debug\rte.o
                0x00000364                RTE_ProcessEventTable
 .text.SC_BRAKELIGHT_driverOut
                0x0000038c        0x4 .\CortexM3\ARM_GCC_541\Debug\sc_brakelight_type.o
                0x0000038c                SC_BRAKELIGHT_driverOut
 .text.SC_ENGINE_driverOut
                0x00000390        0x4 .\CortexM3\ARM_GCC_541\Debug\sc_engine_type.o
                0x00000390                SC_ENGINE_driverOut
 .text.SC_JOYSTICK_driverIn
                0x00000394        0x8 .\CortexM3\ARM_GCC_541\Debug\sc_joystick_type.o
                0x00000394                SC_JOYSTICK_driverIn
 .text.CyClockStartupError
                0x0000039c        0x4 .\CortexM3\ARM_GCC_541\Debug\cyfitter_cfg.o
 .text.cfg_write_bytes32
                0x000003a0       0x34 .\CortexM3\ARM_GCC_541\Debug\cyfitter_cfg.o
 .text.AnalogSetDefault
                0x000003d4       0x28 .\CortexM3\ARM_GCC_541\Debug\cyfitter_cfg.o
 .text.CYMEMZERO
                0x000003fc        0xc .\CortexM3\ARM_GCC_541\Debug\cyfitter_cfg.o
 .text.ClockSetup
                0x00000408       0xb8 .\CortexM3\ARM_GCC_541\Debug\cyfitter_cfg.o
 .text.CYCONFIGCPY
                0x000004c0        0x8 .\CortexM3\ARM_GCC_541\Debug\cyfitter_cfg.o
 .text.cyfitter_cfg
                0x000004c8      0x100 .\CortexM3\ARM_GCC_541\Debug\cyfitter_cfg.o
                0x000004c8                cyfitter_cfg
 .text.IntDefaultHandler
                0x000005c8       0x10 .\CortexM3\ARM_GCC_541\Debug\Cm3Start.o
                0x000005c8                IntDefaultHandler
 .text.Start_c  0x000005d8       0x4c .\CortexM3\ARM_GCC_541\Debug\Cm3Start.o
                0x000005d8                Start_c
 .text.initialize_psoc
                0x00000624       0x68 .\CortexM3\ARM_GCC_541\Debug\Cm3Start.o
                0x00000624                initialize_psoc
 .text.CyHalt   0x0000068c        0x4 .\CortexM3\ARM_GCC_541\Debug\Gaspedal_Watchdog.a(CyLib.o)
                0x0000068c                CyHalt
 .text.CyIntSetVector
                0x00000690       0x28 .\CortexM3\ARM_GCC_541\Debug\Gaspedal_Watchdog.a(CyLib.o)
                0x00000690                CyIntSetVector
 .text.CyIntSetPriority
                0x000006b8       0x30 .\CortexM3\ARM_GCC_541\Debug\Gaspedal_Watchdog.a(CyLib.o)
                0x000006b8                CyIntSetPriority
 .text.EE_oo_ActivateTask
                0x000006e8       0xe8 .\CortexM3\ARM_GCC_541\Debug\Gaspedal_Watchdog.a(ErikaOS_ee_activate.o)
                0x000006e8                EE_oo_ActivateTask
 .text.EE_oo_SetRelAlarm
                0x000007d0       0x80 .\CortexM3\ARM_GCC_541\Debug\Gaspedal_Watchdog.a(ErikaOS_ee_alsetrel.o)
                0x000007d0                EE_oo_SetRelAlarm
 .text.EE_oo_handle_action_callback
                0x00000850        0xc .\CortexM3\ARM_GCC_541\Debug\Gaspedal_Watchdog.a(ErikaOS_ee_altick.o)
 .text.EE_oo_handle_action_task
                0x0000085c       0x4c .\CortexM3\ARM_GCC_541\Debug\Gaspedal_Watchdog.a(ErikaOS_ee_altick.o)
 .text.EE_oo_handle_action_event
                0x000008a8       0x60 .\CortexM3\ARM_GCC_541\Debug\Gaspedal_Watchdog.a(ErikaOS_ee_altick.o)
 .text.EE_oo_handle_action
                0x00000908       0x28 .\CortexM3\ARM_GCC_541\Debug\Gaspedal_Watchdog.a(ErikaOS_ee_altick.o)
 .text.EE_oo_counter_object_insert
                0x00000930       0x9c .\CortexM3\ARM_GCC_541\Debug\Gaspedal_Watchdog.a(ErikaOS_ee_altick.o)
                0x00000930                EE_oo_counter_object_insert
 .text.EE_oo_IncrementCounterImplementation
                0x000009cc      0x100 .\CortexM3\ARM_GCC_541\Debug\Gaspedal_Watchdog.a(ErikaOS_ee_altick.o)
                0x000009cc                EE_oo_IncrementCounterImplementation
 .text.EE_oo_IncrementCounter
                0x00000acc       0xb0 .\CortexM3\ARM_GCC_541\Debug\Gaspedal_Watchdog.a(ErikaOS_ee_altick.o)
                0x00000acc                EE_oo_IncrementCounter
 .text.EE_oo_ClearEvent
                0x00000b7c       0x5c .\CortexM3\ARM_GCC_541\Debug\Gaspedal_Watchdog.a(ErikaOS_ee_evclear.o)
                0x00000b7c                EE_oo_ClearEvent
 .text.EE_oo_GetEvent
                0x00000bd8       0x40 .\CortexM3\ARM_GCC_541\Debug\Gaspedal_Watchdog.a(ErikaOS_ee_evget.o)
                0x00000bd8                EE_oo_GetEvent
 .text.EE_oo_SetEvent
                0x00000c18      0x100 .\CortexM3\ARM_GCC_541\Debug\Gaspedal_Watchdog.a(ErikaOS_ee_evset.o)
                0x00000c18                EE_oo_SetEvent
 .text.EE_oo_WaitEvent
                0x00000d18      0x110 .\CortexM3\ARM_GCC_541\Debug\Gaspedal_Watchdog.a(ErikaOS_ee_evwait.o)
                0x00000d18                EE_oo_WaitEvent
 .text.EE_IRQ_run_next_task
                0x00000e28       0x30 .\CortexM3\ARM_GCC_541\Debug\Gaspedal_Watchdog.a(ErikaOS_ee_irqendin.o)
 .text.EE_IRQ_end_instance
                0x00000e58       0x68 .\CortexM3\ARM_GCC_541\Debug\Gaspedal_Watchdog.a(ErikaOS_ee_irqendin.o)
                0x00000e58                EE_IRQ_end_instance
 .text.EE_IRQ_end_post_stub
                0x00000ec0       0x14 .\CortexM3\ARM_GCC_541\Debug\Gaspedal_Watchdog.a(ErikaOS_ee_irqendin.o)
                0x00000ec0                EE_IRQ_end_post_stub
 .text.EE_rq2stk_exchange
                0x00000ed4       0x88 .\CortexM3\ARM_GCC_541\Debug\Gaspedal_Watchdog.a(ErikaOS_ee_rq_exchg.o)
                0x00000ed4                EE_rq2stk_exchange
 .text.EE_rq_queryfirst
                0x00000f5c       0x44 .\CortexM3\ARM_GCC_541\Debug\Gaspedal_Watchdog.a(ErikaOS_ee_rq_first.o)
                0x00000f5c                EE_rq_queryfirst
 .text.EE_rq_insert
                0x00000fa0       0x74 .\CortexM3\ARM_GCC_541\Debug\Gaspedal_Watchdog.a(ErikaOS_ee_rq_inser.o)
                0x00000fa0                EE_rq_insert
 .text.compute_task_tid
                0x00001014       0x10 .\CortexM3\ARM_GCC_541\Debug\Gaspedal_Watchdog.a(ErikaOS_ee_startos.o)
 .text.EE_oo_start_os
                0x00001024        0xc .\CortexM3\ARM_GCC_541\Debug\Gaspedal_Watchdog.a(ErikaOS_ee_startos.o)
 .text.EE_oo_autostart_tasks
                0x00001030       0x60 .\CortexM3\ARM_GCC_541\Debug\Gaspedal_Watchdog.a(ErikaOS_ee_startos.o)
 .text.EE_oo_autostart_os
                0x00001090        0xc .\CortexM3\ARM_GCC_541\Debug\Gaspedal_Watchdog.a(ErikaOS_ee_startos.o)
 .text.EE_oo_StartOS
                0x0000109c       0x8c .\CortexM3\ARM_GCC_541\Debug\Gaspedal_Watchdog.a(ErikaOS_ee_startos.o)
                0x0000109c                EE_oo_StartOS
 .text.EE_oo_TerminateTask
                0x00001128       0x3c .\CortexM3\ARM_GCC_541\Debug\Gaspedal_Watchdog.a(ErikaOS_ee_terminat.o)
                0x00001128                EE_oo_TerminateTask
 .text.EE_system_init
                0x00001164       0x20 .\CortexM3\ARM_GCC_541\Debug\Gaspedal_Watchdog.a(ErikaOS_cortex_mx_ee_utils.o)
                0x00001164                EE_system_init
 .text.UART_Logs_Init
                0x00001184       0x5c .\CortexM3\ARM_GCC_541\Debug\Gaspedal_Watchdog.a(UART_Logs.o)
                0x00001184                UART_Logs_Init
 .text.UART_Logs_Enable
                0x000011e0       0x50 .\CortexM3\ARM_GCC_541\Debug\Gaspedal_Watchdog.a(UART_Logs.o)
                0x000011e0                UART_Logs_Enable
 .text.UART_Logs_Start
                0x00001230       0x1c .\CortexM3\ARM_GCC_541\Debug\Gaspedal_Watchdog.a(UART_Logs.o)
                0x00001230                UART_Logs_Start
 .text.UART_Logs_PutChar
                0x0000124c       0x70 .\CortexM3\ARM_GCC_541\Debug\Gaspedal_Watchdog.a(UART_Logs.o)
                0x0000124c                UART_Logs_PutChar
 .text.UART_Logs_PutString
                0x000012bc       0x24 .\CortexM3\ARM_GCC_541\Debug\Gaspedal_Watchdog.a(UART_Logs.o)
                0x000012bc                UART_Logs_PutString
 .text.UART_Logs_RXISR
                0x000012e0       0x98 .\CortexM3\ARM_GCC_541\Debug\Gaspedal_Watchdog.a(UART_Logs_INT.o)
                0x000012e0                UART_Logs_RXISR
 .text.UART_Logs_TXISR
                0x00001378       0x58 .\CortexM3\ARM_GCC_541\Debug\Gaspedal_Watchdog.a(UART_Logs_INT.o)
                0x00001378                UART_Logs_TXISR
 .text.UART_Logs_IntClock_Start
                0x000013d0       0x1c .\CortexM3\ARM_GCC_541\Debug\Gaspedal_Watchdog.a(UART_Logs_IntClock.o)
                0x000013d0                UART_Logs_IntClock_Start
 *fill*         0x000013ec        0x4 
 .text          0x000013f0       0x20 .\CortexM3\ARM_GCC_541\Debug\Gaspedal_Watchdog.a(CyBootAsmGnu.o)
                0x000013f0                CyDelayCycles
                0x00001400                CyEnterCriticalSection
                0x00001408                CyExitCriticalSection
 .text          0x00001410       0x7c .\CortexM3\ARM_GCC_541\Debug\Gaspedal_Watchdog.a(ErikaOS_ee_gnu_change_context_isr.o)
                0x00001410                EE_set_switch_context_pri
                0x0000142a                EE_switch_context
                0x00001434                EE_cortex_mx_pendsv_ISR
                0x00001470                EE_cortex_mx_svc_ISR
 .text          0x0000148c       0x24 .\CortexM3\ARM_GCC_541\Debug\Gaspedal_Watchdog.a(ErikaOS_ee_gnu_irq_stack.o)
                0x0000148c                EE_cortex_mx_change_IRQ_stack
                0x0000149e                EE_cortex_mx_change_IRQ_stack_back
 .text          0x000014b0       0x68 .\CortexM3\ARM_GCC_541\Debug\Gaspedal_Watchdog.a(ErikaOS_ee_gnu_multi_context.o)
                0x000014b0                EE_cortex_mx_change_context
 .text          0x00001518       0x80 .\CortexM3\ARM_GCC_541\Debug\Gaspedal_Watchdog.a(ErikaOS_ee_gnu_oo.o)
                0x00001518                EE_hal_terminate_savestk
                0x00001562                EE_hal_terminate_task
 .text.EE_thread_not_terminated
                0x00001598       0x10 .\CortexM3\ARM_GCC_541\Debug\Gaspedal_Watchdog.a(ErikaOS_ee_tnterm.o)
                0x00001598                EE_thread_not_terminated
 .text.EE_oo_thread_stub
                0x000015a8       0x10 .\CortexM3\ARM_GCC_541\Debug\Gaspedal_Watchdog.a(ErikaOS_ee_tstub.o)
                0x000015a8                EE_oo_thread_stub
 .text.EE_std_run_task_code
                0x000015b8       0x18 .\CortexM3\ARM_GCC_541\Debug\Gaspedal_Watchdog.a(ErikaOS_cortex_mx_ee_context.o)
                0x000015b8                EE_std_run_task_code
 .text.EE_std_need_context_change
                0x000015d0       0x28 .\CortexM3\ARM_GCC_541\Debug\Gaspedal_Watchdog.a(ErikaOS_cortex_mx_ee_context.o)
                0x000015d0                EE_std_need_context_change
 .text.EE_thread_rnact_max
                0x000015f8       0x20 .\CortexM3\ARM_GCC_541\Debug\Gaspedal_Watchdog.a(ErikaOS_ee_thendin.o)
 .text.EE_thread_endcycle_next
                0x00001618       0x30 .\CortexM3\ARM_GCC_541\Debug\Gaspedal_Watchdog.a(ErikaOS_ee_thendin.o)
 .text.EE_thread_end_instance
                0x00001648      0x108 .\CortexM3\ARM_GCC_541\Debug\Gaspedal_Watchdog.a(ErikaOS_ee_thendin.o)
                0x00001648                EE_thread_end_instance
 .text.__errno  0x00001750        0xc c:/program files (x86)/cypress/psoc creator/4.4/psoc creator/import/gnu/arm/5.4.1/bin/../lib/gcc/arm-none-eabi/5.4.1/../../../../arm-none-eabi/lib/armv7-m\libg_nano.a(lib_a-errno.o)
                0x00001750                __errno
 .text.__libc_init_array
                0x0000175c       0x4c c:/program files (x86)/cypress/psoc creator/4.4/psoc creator/import/gnu/arm/5.4.1/bin/../lib/gcc/arm-none-eabi/5.4.1/../../../../arm-none-eabi/lib/armv7-m\libg_nano.a(lib_a-init.o)
                0x0000175c                __libc_init_array
 .text.memcpy   0x000017a8       0x16 c:/program files (x86)/cypress/psoc creator/4.4/psoc creator/import/gnu/arm/5.4.1/bin/../lib/gcc/arm-none-eabi/5.4.1/../../../../arm-none-eabi/lib/armv7-m\libg_nano.a(lib_a-memcpy-stub.o)
                0x000017a8                memcpy
 .text.memset   0x000017be       0x10 c:/program files (x86)/cypress/psoc creator/4.4/psoc creator/import/gnu/arm/5.4.1/bin/../lib/gcc/arm-none-eabi/5.4.1/../../../../arm-none-eabi/lib/armv7-m\libg_nano.a(lib_a-memset.o)
                0x000017be                memset
 *(.plt)
 *(.gnu.warning)
 *(.glue_7t)
 .glue_7t       0x000017ce        0x0 linker stubs
 *(.glue_7)
 .glue_7        0x000017ce        0x0 linker stubs
 *(.vfp11_veneer)
 .vfp11_veneer  0x000017ce        0x0 linker stubs
 *(.bootloader)
 *(.ARM.extab* .gnu.linkonce.armextab.*)
 *(.gcc_except_table)

.v4_bx          0x000017d0        0x0
 .v4_bx         0x000017d0        0x0 linker stubs

.iplt           0x000017d0        0x0
 .iplt          0x000017d0        0x0 c:/program files (x86)/cypress/psoc creator/4.4/psoc creator/import/gnu/arm/5.4.1/bin/../lib/gcc/arm-none-eabi/5.4.1/armv7-m/crtbegin.o

.eh_frame_hdr
 *(.eh_frame_hdr)

.eh_frame       0x000017d0        0x4
 *(.eh_frame)
 .eh_frame      0x000017d0        0x0 c:/program files (x86)/cypress/psoc creator/4.4/psoc creator/import/gnu/arm/5.4.1/bin/../lib/gcc/arm-none-eabi/5.4.1/armv7-m/crtbegin.o
 .eh_frame      0x000017d0        0x4 c:/program files (x86)/cypress/psoc creator/4.4/psoc creator/import/gnu/arm/5.4.1/bin/../lib/gcc/arm-none-eabi/5.4.1/armv7-m/crtend.o
                [!provide]                PROVIDE (__exidx_start, .)

.ARM.exidx
 *(.ARM.exidx* .gnu.linkonce.armexidx.*)
                0x000017d4                __exidx_end = .

.rodata         0x000017d4      0x434
 *(.rodata .rodata.* .gnu.linkonce.r.*)
 .rodata.str1.4
                0x000017d4       0x10 .\CortexM3\ARM_GCC_541\Debug\main.o
 .rodata.str1.4
                0x000017e4       0x4b .\CortexM3\ARM_GCC_541\Debug\swc_output.o
 *fill*         0x0000182f        0x1 
 .rodata        0x00001830        0xa .\CortexM3\ARM_GCC_541\Debug\tsk_control.o
                0x00001830                RTE_eventActivationTable_tsk_control
                0x00001838                RTE_eventActivation_tsk_control_size
 *fill*         0x0000183a        0x2 
 .rodata        0x0000183c       0x14 .\CortexM3\ARM_GCC_541\Debug\tsk_output.o
                0x0000183c                RTE_eventActivationTable_tsk_output
                0x00001844                RTE_eventActivation_tsk_output_size
                0x00001846                RTE_cyclicActivation_tsk_output_size
                0x00001848                RTE_cyclicActivationTable_tsk_output
 .rodata        0x00001850        0xa .\CortexM3\ARM_GCC_541\Debug\tsk_input.o
                0x00001850                RTE_cyclicActivationTable_tsk_input
                0x00001858                RTE_cyclicActivation_tsk_input_size
 *fill*         0x0000185a        0x2 
 .rodata        0x0000185c       0xa8 .\CortexM3\ARM_GCC_541\Debug\sp_common.o
                0x000018d4                so_speed_updTasks
                0x00001900                so_joystick_updTasks
 .rodata        0x00001904       0x4c .\CortexM3\ARM_GCC_541\Debug\cyfitter_cfg.o
 .rodata        0x00001950      0x100 .\CortexM3\ARM_GCC_541\Debug\Gaspedal_Watchdog.a(ErikaOS_ee_lookup.o)
                0x00001950                EE_rq_lookup
 .rodata        0x00001a50      0x100 .\CortexM3\ARM_GCC_541\Debug\Gaspedal_Watchdog.a(ErikaOS_eecfg.o)
                0x00001a50                EE_oo_autostart_task_data
                0x00001a5c                EE_oo_action_ROM
                0x00001a84                EE_oo_counter_object_ROM
                0x00001a9c                EE_ALARM_ID
                0x00001aa4                EE_alarm_ROM
                0x00001aac                EE_counter_ROM
                0x00001ab8                EE_th_is_extended
                0x00001acc                EE_th_rnact_max
                0x00001ae0                EE_th_dispatch_prio
                0x00001af4                EE_EVENT_ID
                0x00001afc                EE_th_ready_prio
                0x00001b10                EE_terminate_real_th_body
                0x00001b24                EE_hal_thread_body
                0x00001b38                EE_std_thread_tos
 .rodata.str1.4
                0x00001b50       0x80 .\CortexM3\ARM_GCC_541\Debug\Gaspedal_Watchdog.a(ErikaOS_eecfg.o)
                                 0x7e (size before relaxing)
 .rodata.str1.1
                0x00001bd0        0x2 c:/program files (x86)/cypress/psoc creator/4.4/psoc creator/import/gnu/arm/5.4.1/bin/../lib/gcc/arm-none-eabi/5.4.1/../../../../arm-none-eabi/lib/armv7-m\libg_nano.a(lib_a-impure.o)
                0x00001bd4                . = ALIGN (0x4)
 *fill*         0x00001bd2        0x2 
 *(.init)
 .init          0x00001bd4        0x4 c:/program files (x86)/cypress/psoc creator/4.4/psoc creator/import/gnu/arm/5.4.1/bin/../lib/gcc/arm-none-eabi/5.4.1/armv7-m/crti.o
                0x00001bd4                _init
 .init          0x00001bd8        0x8 c:/program files (x86)/cypress/psoc creator/4.4/psoc creator/import/gnu/arm/5.4.1/bin/../lib/gcc/arm-none-eabi/5.4.1/armv7-m/crtn.o
                0x00001be0                . = ALIGN (0x4)
                0x00001be0                __preinit_array_start = .
 *(.preinit_array)
                0x00001be0                __preinit_array_end = .
                0x00001be0                . = ALIGN (0x4)
                0x00001be0                __init_array_start = .
 *(SORT(.init_array.*))
 *(.init_array)
 .init_array    0x00001be0        0x4 c:/program files (x86)/cypress/psoc creator/4.4/psoc creator/import/gnu/arm/5.4.1/bin/../lib/gcc/arm-none-eabi/5.4.1/armv7-m/crtbegin.o
 .init_array    0x00001be4        0x4 .\CortexM3\ARM_GCC_541\Debug\Cm3Start.o
                0x00001be8                __init_array_end = .
                0x00001be8                . = ALIGN (0x4)
 *(.fini)
 .fini          0x00001be8        0x4 c:/program files (x86)/cypress/psoc creator/4.4/psoc creator/import/gnu/arm/5.4.1/bin/../lib/gcc/arm-none-eabi/5.4.1/armv7-m/crti.o
                0x00001be8                _fini
 .fini          0x00001bec        0x8 c:/program files (x86)/cypress/psoc creator/4.4/psoc creator/import/gnu/arm/5.4.1/bin/../lib/gcc/arm-none-eabi/5.4.1/armv7-m/crtn.o
                0x00001bf4                . = ALIGN (0x4)
                0x00001bf4                __fini_array_start = .
 *(.fini_array)
 .fini_array    0x00001bf4        0x4 c:/program files (x86)/cypress/psoc creator/4.4/psoc creator/import/gnu/arm/5.4.1/bin/../lib/gcc/arm-none-eabi/5.4.1/armv7-m/crtbegin.o
 *(SORT(.fini_array.*))
                0x00001bf8                __fini_array_end = .
                0x00001bf8                . = ALIGN (0x4)
 *crtbegin.o(.ctors)
 *(EXCLUDE_FILE(*crtend.o) .ctors)
 *(SORT(.ctors.*))
 *crtend.o(.ctors)
                0x00001bf8                . = ALIGN (0x4)
 *crtbegin.o(.dtors)
 *(EXCLUDE_FILE(*crtend.o) .dtors)
 *(SORT(.dtors.*))
 *crtend.o(.dtors)
                0x00001bf8                . = ALIGN (0x4)
                0x00001bf8                __cy_regions = .
                0x00001bf8        0x4 LONG 0x1c08 __cy_region_init_ram
                0x00001bfc        0x4 LONG 0x1fff80c8 __cy_region_start_data
                0x00001c00        0x4 LONG 0x1d8 __cy_region_init_size_ram
                0x00001c04        0x4 LONG 0xf58 __cy_region_zero_size_ram
                0x00001c08                __cy_regions_end = .
                0x00001c08                . = ALIGN (0x8)
                0x00001c08                _etext = .

.cy_checksum_exclude
                0x00001c08        0x0
 *(.cy_checksum_exclude)

.ramvectors     0x1fff8000       0xc0
                0x1fff8000                __cy_region_start_ram = .
 *(.ramvectors)
 .ramvectors    0x1fff8000       0xc0 .\CortexM3\ARM_GCC_541\Debug\Cm3Start.o
                0x1fff8000                CyRamVectors

.noinit         0x1fff80c0        0x1
 *(.noinit)
 .noinit        0x1fff80c0        0x1 .\CortexM3\ARM_GCC_541\Debug\Gaspedal_Watchdog.a(CyLib.o)
                0x1fff80c0                CyResetStatus

.data           0x1fff80c8      0x1d8 load address 0x00001c08
                0x1fff80c8                __cy_region_start_data = .
 *(.jcr)
 .jcr           0x1fff80c8        0x0 c:/program files (x86)/cypress/psoc creator/4.4/psoc creator/import/gnu/arm/5.4.1/bin/../lib/gcc/arm-none-eabi/5.4.1/armv7-m/crtbegin.o
 .jcr           0x1fff80c8        0x4 c:/program files (x86)/cypress/psoc creator/4.4/psoc creator/import/gnu/arm/5.4.1/bin/../lib/gcc/arm-none-eabi/5.4.1/armv7-m/crtend.o
 *(.got.plt)
 *(.got)
 *(.shdata)
 *(.data .data.* .gnu.linkonce.d.*)
 .data          0x1fff80cc       0x30 .\CortexM3\ARM_GCC_541\Debug\sp_common.o
                0x1fff80cc                SO_JOYSTICK_signal
                0x1fff80d8                SO_SPEED_signal
                0x1fff80e4                SO_ENGINE_signal
                0x1fff80f0                SO_BRAKELIGHT_signal
 .data          0x1fff80fc      0x13c .\CortexM3\ARM_GCC_541\Debug\Gaspedal_Watchdog.a(ErikaOS_eecfg.o)
                0x1fff80fc                EE_ALARM_NAME
                0x1fff8104                EE_counter_RAM
                0x1fff810c                EE_th_terminate_nextask
                0x1fff8120                EE_rq_pairs_next
                0x1fff8134                EE_rq_link
                0x1fff8148                EE_th_rnact
                0x1fff815c                EE_rq_queues_tail
                0x1fff819c                EE_rq_queues_head
                0x1fff81dc                EE_stkfirst
                0x1fff81e0                EE_th_next
                0x1fff81f4                EE_th_status
                0x1fff8208                EE_EVENT_NAME
                0x1fff8210                EE_TASK_NAME
                0x1fff8224                EE_cortex_mx_IRQ_tos
                0x1fff8228                EE_cortex_mx_system_tos
 .data          0x1fff8238        0x4 .\CortexM3\ARM_GCC_541\Debug\Gaspedal_Watchdog.a(ErikaOS_ee_gnu_irq_stack.o)
 .data.impure_data
                0x1fff823c       0x60 c:/program files (x86)/cypress/psoc creator/4.4/psoc creator/import/gnu/arm/5.4.1/bin/../lib/gcc/arm-none-eabi/5.4.1/../../../../arm-none-eabi/lib/armv7-m\libg_nano.a(lib_a-impure.o)
 .data._impure_ptr
                0x1fff829c        0x4 c:/program files (x86)/cypress/psoc creator/4.4/psoc creator/import/gnu/arm/5.4.1/bin/../lib/gcc/arm-none-eabi/5.4.1/../../../../arm-none-eabi/lib/armv7-m\libg_nano.a(lib_a-impure.o)
                0x1fff829c                _impure_ptr
                0x1fff82a0                . = ALIGN (0x8)
 *(.ram)
                0x1fff82a0                _edata = .

.igot.plt       0x1fff82a0        0x0 load address 0x00001de0
 .igot.plt      0x1fff82a0        0x0 c:/program files (x86)/cypress/psoc creator/4.4/psoc creator/import/gnu/arm/5.4.1/bin/../lib/gcc/arm-none-eabi/5.4.1/armv7-m/crtbegin.o

.bss            0x1fff82a0      0xf58 load address 0x00001de0
                0x1fff82a0                PROVIDE (__bss_start__, .)
 *(.shbss)
 *(.bss .bss.* .gnu.linkonce.b.*)
 .bss           0x1fff82a0       0x1c c:/program files (x86)/cypress/psoc creator/4.4/psoc creator/import/gnu/arm/5.4.1/bin/../lib/gcc/arm-none-eabi/5.4.1/armv7-m/crtbegin.o
 .bss           0x1fff82bc        0x4 .\CortexM3\ARM_GCC_541\Debug\tsk_input.o
 .bss           0x1fff82c0       0x4c .\CortexM3\ARM_GCC_541\Debug\Gaspedal_Watchdog.a(ErikaOS_eecfg.o)
                0x1fff82c0                EE_th_waswaiting
                0x1fff82d4                EE_th_event_waitmask
                0x1fff82e8                EE_th_event_active
                0x1fff82fc                EE_rq_free
                0x1fff8300                EE_rq_bitmask
                0x1fff8304                EE_sys_ceiling
                0x1fff8308                EE_cortex_mx_active_tos
 .bss           0x1fff830c        0x9 .\CortexM3\ARM_GCC_541\Debug\Gaspedal_Watchdog.a(UART_Logs.o)
                0x1fff830c                UART_Logs_errorStatus
                0x1fff830d                UART_Logs_initVar
                0x1fff830e                UART_Logs_rxBufferRead
                0x1fff830f                UART_Logs_rxBufferWrite
                0x1fff8310                UART_Logs_rxBufferLoopDetect
                0x1fff8311                UART_Logs_rxBufferOverflow
                0x1fff8312                UART_Logs_txBufferRead
                0x1fff8313                UART_Logs_txBufferWrite
 *(COMMON)
 *fill*         0x1fff8315        0x3 
 COMMON         0x1fff8318        0x8 .\CortexM3\ARM_GCC_541\Debug\Gaspedal_Watchdog.a(ErikaOS_ee_lookup.o)
                0x1fff8318                EE_oo_IRQ_disable_count
                0x1fff831c                EE_oo_IRQ_suspend_status
 COMMON         0x1fff8320        0x4 .\CortexM3\ARM_GCC_541\Debug\Gaspedal_Watchdog.a(ErikaOS_ee_startos.o)
                0x1fff8320                EE_oo_started
 COMMON         0x1fff8324        0x8 .\CortexM3\ARM_GCC_541\Debug\Gaspedal_Watchdog.a(ErikaOS_common_ee_hal_structs.o)
                0x1fff8324                EE_IRQ_nesting_level
                0x1fff8328                EE_std_endcycle_next_tid
 COMMON         0x1fff832c      0xe04 .\CortexM3\ARM_GCC_541\Debug\Gaspedal_Watchdog.a(ErikaOS_eecfg.o)
                0x1fff832c                EE_cortex_mx_stack_3
                0x1fff8714                EE_rq_pairs_tid
                0x1fff8728                EE_terminate_data
                0x1fff873c                EE_oo_counter_object_RAM
                0x1fff875c                EE_cortex_mx_stack_5
                0x1fff8b44                EE_ApplicationMode
                0x1fff8b48                EE_cortex_mx_stack_4
                0x1fff8f30                EE_cortex_mx_stack_9
 COMMON         0x1fff9130       0xc8 .\CortexM3\ARM_GCC_541\Debug\Gaspedal_Watchdog.a(UART_Logs.o)
                0x1fff9130                UART_Logs_txBuffer
                0x1fff9194                UART_Logs_rxBuffer
                0x1fff91f8                . = ALIGN (0x8)
 *(.ram.b)
                0x1fff91f8                _end = .
                0x1fff91f8                __end = .
                0x1fff91f8                PROVIDE (end, .)
                0x1fff91f8                PROVIDE (__bss_end__, .)
                0x00001c08                __cy_region_init_ram = LOADADDR (.data)
                0x000001d8                __cy_region_init_size_ram = (_edata - ADDR (.data))
                0x00000f58                __cy_region_zero_size_ram = (_end - _edata)

.heap           0x1fff91f8       0x80 load address 0x00001de0
                0x1fff91f8                . = _end
                0x1fff9278                . = (. + 0x80)
 *fill*         0x1fff91f8       0x80 
                0x1fff9278                __cy_heap_limit = .

.stack          0x20007800      0x800
                0x20007800                __cy_stack_limit = .
                0x20008000                . = (. + 0x800)
 *fill*         0x20007800      0x800 
                0x00000001                ASSERT ((__cy_stack_limit >= __cy_heap_limit), region RAM overflowed with stack)
                0x00000000                cy_checksum_exclude_size = (CY_APPL_LOADABLE == 0x1)?SIZEOF (.cy_checksum_exclude):0x0
                0x00000001                ASSERT ((cy_checksum_exclude_size <= CY_CHECKSUM_EXCLUDE_SIZE), CY_BOOT: Section .cy_checksum_exclude size exceedes specified limit.)

.cyloadermeta
 *(.cyloadermeta)

.cyloadablemeta
 *(.cyloadablemeta)

.cyconfigecc    0x80000000      0x328
 *(.cyconfigecc)
 .cyconfigecc   0x80000000      0x328 .\CortexM3\ARM_GCC_541\Debug\cymetadata.o
                0x80000000                cy_meta_configecc

.cycustnvl      0x90000000        0x4
 *(.cycustnvl)
 .cycustnvl     0x90000000        0x4 .\CortexM3\ARM_GCC_541\Debug\cymetadata.o
                0x90000000                cy_meta_custnvl

.cywolatch      0x90100000        0x4
 *(.cywolatch)
 .cywolatch     0x90100000        0x4 .\CortexM3\ARM_GCC_541\Debug\cymetadata.o
                0x90100000                cy_meta_wonvl

.cyeeprom       0x90200000        0x0
 *(.cyeeprom)
                0x00000001                ASSERT ((. <= ((0x90200000 + ee_offset) + ee_size)), .cyeeprom data will not fit in EEPROM)

.cyflashprotect
                0x90400000      0x100
 *(.cyflashprotect)
 .cyflashprotect
                0x90400000      0x100 .\CortexM3\ARM_GCC_541\Debug\cymetadata.o
                0x90400000                cy_meta_flashprotect

.cymeta         0x90500000        0xc
 *(.cymeta)
 .cymeta        0x90500000        0xc .\CortexM3\ARM_GCC_541\Debug\cymetadata.o
                0x90500000                cy_metadata

.rel.dyn        0x00001de0        0x0 load address 0x9050000c
 .rel.iplt      0x00001de0        0x0 c:/program files (x86)/cypress/psoc creator/4.4/psoc creator/import/gnu/arm/5.4.1/bin/../lib/gcc/arm-none-eabi/5.4.1/armv7-m/crtbegin.o

.stab
 *(.stab)

.stabstr
 *(.stabstr)

.debug
 *(.debug)

.line
 *(.line)

.debug_srcinfo
 *(.debug_srcinfo)

.debug_sfnames
 *(.debug_sfnames)

.debug_aranges  0x00000000      0xc00
 *(.debug_aranges)
 .debug_aranges
                0x00000000       0x48 .\CortexM3\ARM_GCC_541\Debug\main.o
 .debug_aranges
                0x00000048       0x20 .\CortexM3\ARM_GCC_541\Debug\swc_control.o
 .debug_aranges
                0x00000068       0x28 .\CortexM3\ARM_GCC_541\Debug\swc_output.o
 .debug_aranges
                0x00000090       0x20 .\CortexM3\ARM_GCC_541\Debug\tsk_control.o
 .debug_aranges
                0x000000b0       0x20 .\CortexM3\ARM_GCC_541\Debug\tsk_output.o
 .debug_aranges
                0x000000d0       0x20 .\CortexM3\ARM_GCC_541\Debug\swc_input.o
 .debug_aranges
                0x000000f0       0x20 .\CortexM3\ARM_GCC_541\Debug\tsk_input.o
 .debug_aranges
                0x00000110       0x28 .\CortexM3\ARM_GCC_541\Debug\rte.o
 .debug_aranges
                0x00000138       0x18 .\CortexM3\ARM_GCC_541\Debug\sc_speed_type.o
 .debug_aranges
                0x00000150       0x28 .\CortexM3\ARM_GCC_541\Debug\sp_common.o
 .debug_aranges
                0x00000178       0x20 .\CortexM3\ARM_GCC_541\Debug\sc_brakelight_type.o
 .debug_aranges
                0x00000198       0x20 .\CortexM3\ARM_GCC_541\Debug\sc_engine_type.o
 .debug_aranges
                0x000001b8       0x20 .\CortexM3\ARM_GCC_541\Debug\sc_joystick_type.o
 .debug_aranges
                0x000001d8       0x58 .\CortexM3\ARM_GCC_541\Debug\cyfitter_cfg.o
 .debug_aranges
                0x00000230       0x18 .\CortexM3\ARM_GCC_541\Debug\cymetadata.o
 .debug_aranges
                0x00000248       0x48 .\CortexM3\ARM_GCC_541\Debug\Cm3Start.o
 .debug_aranges
                0x00000290      0x2a0 .\CortexM3\ARM_GCC_541\Debug\Gaspedal_Watchdog.a(CyLib.o)
 .debug_aranges
                0x00000530       0x98 .\CortexM3\ARM_GCC_541\Debug\Gaspedal_Watchdog.a(cyPm.o)
 .debug_aranges
                0x000005c8       0x20 .\CortexM3\ARM_GCC_541\Debug\Gaspedal_Watchdog.a(ErikaOS_ee_activate.o)
 .debug_aranges
                0x000005e8       0x20 .\CortexM3\ARM_GCC_541\Debug\Gaspedal_Watchdog.a(ErikaOS_ee_alsetrel.o)
 .debug_aranges
                0x00000608       0x58 .\CortexM3\ARM_GCC_541\Debug\Gaspedal_Watchdog.a(ErikaOS_ee_altick.o)
 .debug_aranges
                0x00000660       0x20 .\CortexM3\ARM_GCC_541\Debug\Gaspedal_Watchdog.a(ErikaOS_ee_evclear.o)
 .debug_aranges
                0x00000680       0x20 .\CortexM3\ARM_GCC_541\Debug\Gaspedal_Watchdog.a(ErikaOS_ee_evget.o)
 .debug_aranges
                0x000006a0       0x20 .\CortexM3\ARM_GCC_541\Debug\Gaspedal_Watchdog.a(ErikaOS_ee_evset.o)
 .debug_aranges
                0x000006c0       0x20 .\CortexM3\ARM_GCC_541\Debug\Gaspedal_Watchdog.a(ErikaOS_ee_evwait.o)
 .debug_aranges
                0x000006e0       0x30 .\CortexM3\ARM_GCC_541\Debug\Gaspedal_Watchdog.a(ErikaOS_ee_irqendin.o)
 .debug_aranges
                0x00000710       0x18 .\CortexM3\ARM_GCC_541\Debug\Gaspedal_Watchdog.a(ErikaOS_ee_lookup.o)
 .debug_aranges
                0x00000728       0x20 .\CortexM3\ARM_GCC_541\Debug\Gaspedal_Watchdog.a(ErikaOS_ee_rq_exchg.o)
 .debug_aranges
                0x00000748       0x20 .\CortexM3\ARM_GCC_541\Debug\Gaspedal_Watchdog.a(ErikaOS_ee_rq_first.o)
 .debug_aranges
                0x00000768       0x20 .\CortexM3\ARM_GCC_541\Debug\Gaspedal_Watchdog.a(ErikaOS_ee_rq_inser.o)
 .debug_aranges
                0x00000788       0x40 .\CortexM3\ARM_GCC_541\Debug\Gaspedal_Watchdog.a(ErikaOS_ee_startos.o)
 .debug_aranges
                0x000007c8       0x20 .\CortexM3\ARM_GCC_541\Debug\Gaspedal_Watchdog.a(ErikaOS_ee_terminat.o)
 .debug_aranges
                0x000007e8       0x20 .\CortexM3\ARM_GCC_541\Debug\Gaspedal_Watchdog.a(ErikaOS_cortex_mx_ee_utils.o)
 .debug_aranges
                0x00000808       0x18 .\CortexM3\ARM_GCC_541\Debug\Gaspedal_Watchdog.a(ErikaOS_common_ee_hal_structs.o)
 .debug_aranges
                0x00000820       0x18 .\CortexM3\ARM_GCC_541\Debug\Gaspedal_Watchdog.a(ErikaOS_eecfg.o)
 .debug_aranges
                0x00000838       0xf0 .\CortexM3\ARM_GCC_541\Debug\Gaspedal_Watchdog.a(UART_Logs.o)
 .debug_aranges
                0x00000928       0x28 .\CortexM3\ARM_GCC_541\Debug\Gaspedal_Watchdog.a(UART_Logs_INT.o)
 .debug_aranges
                0x00000950       0x70 .\CortexM3\ARM_GCC_541\Debug\Gaspedal_Watchdog.a(UART_Logs_IntClock.o)
 .debug_aranges
                0x000009c0       0x20 .\CortexM3\ARM_GCC_541\Debug\Gaspedal_Watchdog.a(CyBootAsmGnu.o)
 .debug_aranges
                0x000009e0       0x20 .\CortexM3\ARM_GCC_541\Debug\Gaspedal_Watchdog.a(ErikaOS_ee_gnu_change_context_isr.o)
 .debug_aranges
                0x00000a00       0x20 .\CortexM3\ARM_GCC_541\Debug\Gaspedal_Watchdog.a(ErikaOS_ee_gnu_irq_stack.o)
 .debug_aranges
                0x00000a20       0x20 .\CortexM3\ARM_GCC_541\Debug\Gaspedal_Watchdog.a(ErikaOS_ee_gnu_multi_context.o)
 .debug_aranges
                0x00000a40       0x20 .\CortexM3\ARM_GCC_541\Debug\Gaspedal_Watchdog.a(ErikaOS_ee_gnu_oo.o)
 .debug_aranges
                0x00000a60       0x88 .\CortexM3\ARM_GCC_541\Debug\Gaspedal_Watchdog.a(CyFlash.o)
 .debug_aranges
                0x00000ae8       0x80 .\CortexM3\ARM_GCC_541\Debug\Gaspedal_Watchdog.a(CySpc.o)
 .debug_aranges
                0x00000b68       0x20 .\CortexM3\ARM_GCC_541\Debug\Gaspedal_Watchdog.a(ErikaOS_ee_tnterm.o)
 .debug_aranges
                0x00000b88       0x20 .\CortexM3\ARM_GCC_541\Debug\Gaspedal_Watchdog.a(ErikaOS_ee_tstub.o)
 .debug_aranges
                0x00000ba8       0x28 .\CortexM3\ARM_GCC_541\Debug\Gaspedal_Watchdog.a(ErikaOS_cortex_mx_ee_context.o)
 .debug_aranges
                0x00000bd0       0x30 .\CortexM3\ARM_GCC_541\Debug\Gaspedal_Watchdog.a(ErikaOS_ee_thendin.o)

.debug_pubnames
 *(.debug_pubnames)

.debug_info     0x00000000    0x10d41
 *(.debug_info .gnu.linkonce.wi.*)
 .debug_info    0x00000000      0x562 .\CortexM3\ARM_GCC_541\Debug\main.o
 .debug_info    0x00000562      0x6f7 .\CortexM3\ARM_GCC_541\Debug\swc_control.o
 .debug_info    0x00000c59      0x1b4 .\CortexM3\ARM_GCC_541\Debug\swc_output.o
 .debug_info    0x00000e0d      0x279 .\CortexM3\ARM_GCC_541\Debug\tsk_control.o
 .debug_info    0x00001086      0x2e4 .\CortexM3\ARM_GCC_541\Debug\tsk_output.o
 .debug_info    0x0000136a      0x65d .\CortexM3\ARM_GCC_541\Debug\swc_input.o
 .debug_info    0x000019c7      0x252 .\CortexM3\ARM_GCC_541\Debug\tsk_input.o
 .debug_info    0x00001c19      0x375 .\CortexM3\ARM_GCC_541\Debug\rte.o
 .debug_info    0x00001f8e      0x11c .\CortexM3\ARM_GCC_541\Debug\sc_speed_type.o
 .debug_info    0x000020aa      0xbfd .\CortexM3\ARM_GCC_541\Debug\sp_common.o
 .debug_info    0x00002ca7      0x23c .\CortexM3\ARM_GCC_541\Debug\sc_brakelight_type.o
 .debug_info    0x00002ee3      0x247 .\CortexM3\ARM_GCC_541\Debug\sc_engine_type.o
 .debug_info    0x0000312a      0x237 .\CortexM3\ARM_GCC_541\Debug\sc_joystick_type.o
 .debug_info    0x00003361      0x583 .\CortexM3\ARM_GCC_541\Debug\cyfitter_cfg.o
 .debug_info    0x000038e4      0x135 .\CortexM3\ARM_GCC_541\Debug\cymetadata.o
 .debug_info    0x00003a19      0x3bb .\CortexM3\ARM_GCC_541\Debug\Cm3Start.o
 .debug_info    0x00003dd4     0x1374 .\CortexM3\ARM_GCC_541\Debug\Gaspedal_Watchdog.a(CyLib.o)
 .debug_info    0x00005148      0xa2a .\CortexM3\ARM_GCC_541\Debug\Gaspedal_Watchdog.a(cyPm.o)
 .debug_info    0x00005b72      0x80d .\CortexM3\ARM_GCC_541\Debug\Gaspedal_Watchdog.a(ErikaOS_ee_activate.o)
 .debug_info    0x0000637f      0x5e5 .\CortexM3\ARM_GCC_541\Debug\Gaspedal_Watchdog.a(ErikaOS_ee_alsetrel.o)
 .debug_info    0x00006964      0xc3b .\CortexM3\ARM_GCC_541\Debug\Gaspedal_Watchdog.a(ErikaOS_ee_altick.o)
 .debug_info    0x0000759f      0x5a7 .\CortexM3\ARM_GCC_541\Debug\Gaspedal_Watchdog.a(ErikaOS_ee_evclear.o)
 .debug_info    0x00007b46      0x4ca .\CortexM3\ARM_GCC_541\Debug\Gaspedal_Watchdog.a(ErikaOS_ee_evget.o)
 .debug_info    0x00008010      0x7c3 .\CortexM3\ARM_GCC_541\Debug\Gaspedal_Watchdog.a(ErikaOS_ee_evset.o)
 .debug_info    0x000087d3      0x84e .\CortexM3\ARM_GCC_541\Debug\Gaspedal_Watchdog.a(ErikaOS_ee_evwait.o)
 .debug_info    0x00009021      0x5cb .\CortexM3\ARM_GCC_541\Debug\Gaspedal_Watchdog.a(ErikaOS_ee_irqendin.o)
 .debug_info    0x000095ec      0x3d0 .\CortexM3\ARM_GCC_541\Debug\Gaspedal_Watchdog.a(ErikaOS_ee_lookup.o)
 .debug_info    0x000099bc      0x46f .\CortexM3\ARM_GCC_541\Debug\Gaspedal_Watchdog.a(ErikaOS_ee_rq_exchg.o)
 .debug_info    0x00009e2b      0x421 .\CortexM3\ARM_GCC_541\Debug\Gaspedal_Watchdog.a(ErikaOS_ee_rq_first.o)
 .debug_info    0x0000a24c      0x475 .\CortexM3\ARM_GCC_541\Debug\Gaspedal_Watchdog.a(ErikaOS_ee_rq_inser.o)
 .debug_info    0x0000a6c1     0x2040 .\CortexM3\ARM_GCC_541\Debug\Gaspedal_Watchdog.a(ErikaOS_ee_startos.o)
 .debug_info    0x0000c701      0x589 .\CortexM3\ARM_GCC_541\Debug\Gaspedal_Watchdog.a(ErikaOS_ee_terminat.o)
 .debug_info    0x0000cc8a      0x4cc .\CortexM3\ARM_GCC_541\Debug\Gaspedal_Watchdog.a(ErikaOS_cortex_mx_ee_utils.o)
 .debug_info    0x0000d156      0x3cb .\CortexM3\ARM_GCC_541\Debug\Gaspedal_Watchdog.a(ErikaOS_common_ee_hal_structs.o)
 .debug_info    0x0000d521      0x8b8 .\CortexM3\ARM_GCC_541\Debug\Gaspedal_Watchdog.a(ErikaOS_eecfg.o)
 .debug_info    0x0000ddd9      0x7ae .\CortexM3\ARM_GCC_541\Debug\Gaspedal_Watchdog.a(UART_Logs.o)
 .debug_info    0x0000e587      0x186 .\CortexM3\ARM_GCC_541\Debug\Gaspedal_Watchdog.a(UART_Logs_INT.o)
 .debug_info    0x0000e70d      0x283 .\CortexM3\ARM_GCC_541\Debug\Gaspedal_Watchdog.a(UART_Logs_IntClock.o)
 .debug_info    0x0000e990       0xa0 .\CortexM3\ARM_GCC_541\Debug\Gaspedal_Watchdog.a(CyBootAsmGnu.o)
 .debug_info    0x0000ea30       0xb5 .\CortexM3\ARM_GCC_541\Debug\Gaspedal_Watchdog.a(ErikaOS_ee_gnu_change_context_isr.o)
 .debug_info    0x0000eae5       0xac .\CortexM3\ARM_GCC_541\Debug\Gaspedal_Watchdog.a(ErikaOS_ee_gnu_irq_stack.o)
 .debug_info    0x0000eb91       0xb0 .\CortexM3\ARM_GCC_541\Debug\Gaspedal_Watchdog.a(ErikaOS_ee_gnu_multi_context.o)
 .debug_info    0x0000ec41       0xa5 .\CortexM3\ARM_GCC_541\Debug\Gaspedal_Watchdog.a(ErikaOS_ee_gnu_oo.o)
 .debug_info    0x0000ece6      0x64d .\CortexM3\ARM_GCC_541\Debug\Gaspedal_Watchdog.a(CyFlash.o)
 .debug_info    0x0000f333      0x550 .\CortexM3\ARM_GCC_541\Debug\Gaspedal_Watchdog.a(CySpc.o)
 .debug_info    0x0000f883      0x43d .\CortexM3\ARM_GCC_541\Debug\Gaspedal_Watchdog.a(ErikaOS_ee_tnterm.o)
 .debug_info    0x0000fcc0      0x487 .\CortexM3\ARM_GCC_541\Debug\Gaspedal_Watchdog.a(ErikaOS_ee_tstub.o)
 .debug_info    0x00010147      0x501 .\CortexM3\ARM_GCC_541\Debug\Gaspedal_Watchdog.a(ErikaOS_cortex_mx_ee_context.o)
 .debug_info    0x00010648      0x6f9 .\CortexM3\ARM_GCC_541\Debug\Gaspedal_Watchdog.a(ErikaOS_ee_thendin.o)

.debug_abbrev   0x00000000     0x45e6
 *(.debug_abbrev)
 .debug_abbrev  0x00000000      0x1fc .\CortexM3\ARM_GCC_541\Debug\main.o
 .debug_abbrev  0x000001fc      0x1de .\CortexM3\ARM_GCC_541\Debug\swc_control.o
 .debug_abbrev  0x000003da       0xbe .\CortexM3\ARM_GCC_541\Debug\swc_output.o
 .debug_abbrev  0x00000498      0x158 .\CortexM3\ARM_GCC_541\Debug\tsk_control.o
 .debug_abbrev  0x000005f0      0x167 .\CortexM3\ARM_GCC_541\Debug\tsk_output.o
 .debug_abbrev  0x00000757      0x220 .\CortexM3\ARM_GCC_541\Debug\swc_input.o
 .debug_abbrev  0x00000977      0x139 .\CortexM3\ARM_GCC_541\Debug\tsk_input.o
 .debug_abbrev  0x00000ab0      0x16b .\CortexM3\ARM_GCC_541\Debug\rte.o
 .debug_abbrev  0x00000c1b       0x5c .\CortexM3\ARM_GCC_541\Debug\sc_speed_type.o
 .debug_abbrev  0x00000c77      0x1df .\CortexM3\ARM_GCC_541\Debug\sp_common.o
 .debug_abbrev  0x00000e56       0xd8 .\CortexM3\ARM_GCC_541\Debug\sc_brakelight_type.o
 .debug_abbrev  0x00000f2e       0xd8 .\CortexM3\ARM_GCC_541\Debug\sc_engine_type.o
 .debug_abbrev  0x00001006       0xd8 .\CortexM3\ARM_GCC_541\Debug\sc_joystick_type.o
 .debug_abbrev  0x000010de      0x20d .\CortexM3\ARM_GCC_541\Debug\cyfitter_cfg.o
 .debug_abbrev  0x000012eb       0x66 .\CortexM3\ARM_GCC_541\Debug\cymetadata.o
 .debug_abbrev  0x00001351      0x1e8 .\CortexM3\ARM_GCC_541\Debug\Cm3Start.o
 .debug_abbrev  0x00001539      0x254 .\CortexM3\ARM_GCC_541\Debug\Gaspedal_Watchdog.a(CyLib.o)
 .debug_abbrev  0x0000178d      0x1ab .\CortexM3\ARM_GCC_541\Debug\Gaspedal_Watchdog.a(cyPm.o)
 .debug_abbrev  0x00001938      0x284 .\CortexM3\ARM_GCC_541\Debug\Gaspedal_Watchdog.a(ErikaOS_ee_activate.o)
 .debug_abbrev  0x00001bbc      0x1f7 .\CortexM3\ARM_GCC_541\Debug\Gaspedal_Watchdog.a(ErikaOS_ee_alsetrel.o)
 .debug_abbrev  0x00001db3      0x362 .\CortexM3\ARM_GCC_541\Debug\Gaspedal_Watchdog.a(ErikaOS_ee_altick.o)
 .debug_abbrev  0x00002115      0x1e0 .\CortexM3\ARM_GCC_541\Debug\Gaspedal_Watchdog.a(ErikaOS_ee_evclear.o)
 .debug_abbrev  0x000022f5      0x150 .\CortexM3\ARM_GCC_541\Debug\Gaspedal_Watchdog.a(ErikaOS_ee_evget.o)
 .debug_abbrev  0x00002445      0x27f .\CortexM3\ARM_GCC_541\Debug\Gaspedal_Watchdog.a(ErikaOS_ee_evset.o)
 .debug_abbrev  0x000026c4      0x25d .\CortexM3\ARM_GCC_541\Debug\Gaspedal_Watchdog.a(ErikaOS_ee_evwait.o)
 .debug_abbrev  0x00002921      0x1da .\CortexM3\ARM_GCC_541\Debug\Gaspedal_Watchdog.a(ErikaOS_ee_irqendin.o)
 .debug_abbrev  0x00002afb       0xcf .\CortexM3\ARM_GCC_541\Debug\Gaspedal_Watchdog.a(ErikaOS_ee_lookup.o)
 .debug_abbrev  0x00002bca       0xfc .\CortexM3\ARM_GCC_541\Debug\Gaspedal_Watchdog.a(ErikaOS_ee_rq_exchg.o)
 .debug_abbrev  0x00002cc6       0xed .\CortexM3\ARM_GCC_541\Debug\Gaspedal_Watchdog.a(ErikaOS_ee_rq_first.o)
 .debug_abbrev  0x00002db3      0x109 .\CortexM3\ARM_GCC_541\Debug\Gaspedal_Watchdog.a(ErikaOS_ee_rq_inser.o)
 .debug_abbrev  0x00002ebc      0x4a7 .\CortexM3\ARM_GCC_541\Debug\Gaspedal_Watchdog.a(ErikaOS_ee_startos.o)
 .debug_abbrev  0x00003363      0x1de .\CortexM3\ARM_GCC_541\Debug\Gaspedal_Watchdog.a(ErikaOS_ee_terminat.o)
 .debug_abbrev  0x00003541      0x1ad .\CortexM3\ARM_GCC_541\Debug\Gaspedal_Watchdog.a(ErikaOS_cortex_mx_ee_utils.o)
 .debug_abbrev  0x000036ee       0xcf .\CortexM3\ARM_GCC_541\Debug\Gaspedal_Watchdog.a(ErikaOS_common_ee_hal_structs.o)
 .debug_abbrev  0x000037bd      0x127 .\CortexM3\ARM_GCC_541\Debug\Gaspedal_Watchdog.a(ErikaOS_eecfg.o)
 .debug_abbrev  0x000038e4      0x16f .\CortexM3\ARM_GCC_541\Debug\Gaspedal_Watchdog.a(UART_Logs.o)
 .debug_abbrev  0x00003a53       0xa2 .\CortexM3\ARM_GCC_541\Debug\Gaspedal_Watchdog.a(UART_Logs_INT.o)
 .debug_abbrev  0x00003af5      0x139 .\CortexM3\ARM_GCC_541\Debug\Gaspedal_Watchdog.a(UART_Logs_IntClock.o)
 .debug_abbrev  0x00003c2e       0x14 .\CortexM3\ARM_GCC_541\Debug\Gaspedal_Watchdog.a(CyBootAsmGnu.o)
 .debug_abbrev  0x00003c42       0x14 .\CortexM3\ARM_GCC_541\Debug\Gaspedal_Watchdog.a(ErikaOS_ee_gnu_change_context_isr.o)
 .debug_abbrev  0x00003c56       0x14 .\CortexM3\ARM_GCC_541\Debug\Gaspedal_Watchdog.a(ErikaOS_ee_gnu_irq_stack.o)
 .debug_abbrev  0x00003c6a       0x14 .\CortexM3\ARM_GCC_541\Debug\Gaspedal_Watchdog.a(ErikaOS_ee_gnu_multi_context.o)
 .debug_abbrev  0x00003c7e       0x14 .\CortexM3\ARM_GCC_541\Debug\Gaspedal_Watchdog.a(ErikaOS_ee_gnu_oo.o)
 .debug_abbrev  0x00003c92      0x1a7 .\CortexM3\ARM_GCC_541\Debug\Gaspedal_Watchdog.a(CyFlash.o)
 .debug_abbrev  0x00003e39      0x194 .\CortexM3\ARM_GCC_541\Debug\Gaspedal_Watchdog.a(CySpc.o)
 .debug_abbrev  0x00003fcd      0x157 .\CortexM3\ARM_GCC_541\Debug\Gaspedal_Watchdog.a(ErikaOS_ee_tnterm.o)
 .debug_abbrev  0x00004124      0x143 .\CortexM3\ARM_GCC_541\Debug\Gaspedal_Watchdog.a(ErikaOS_ee_tstub.o)
 .debug_abbrev  0x00004267      0x156 .\CortexM3\ARM_GCC_541\Debug\Gaspedal_Watchdog.a(ErikaOS_cortex_mx_ee_context.o)
 .debug_abbrev  0x000043bd      0x229 .\CortexM3\ARM_GCC_541\Debug\Gaspedal_Watchdog.a(ErikaOS_ee_thendin.o)

.debug_line     0x00000000     0x6410
 *(.debug_line)
 .debug_line    0x00000000      0x3e2 .\CortexM3\ARM_GCC_541\Debug\main.o
 .debug_line    0x000003e2      0x384 .\CortexM3\ARM_GCC_541\Debug\swc_control.o
 .debug_line    0x00000766      0x265 .\CortexM3\ARM_GCC_541\Debug\swc_output.o
 .debug_line    0x000009cb      0x283 .\CortexM3\ARM_GCC_541\Debug\tsk_control.o
 .debug_line    0x00000c4e      0x273 .\CortexM3\ARM_GCC_541\Debug\tsk_output.o
 .debug_line    0x00000ec1      0x36f .\CortexM3\ARM_GCC_541\Debug\swc_input.o
 .debug_line    0x00001230      0x277 .\CortexM3\ARM_GCC_541\Debug\tsk_input.o
 .debug_line    0x000014a7      0x287 .\CortexM3\ARM_GCC_541\Debug\rte.o
 .debug_line    0x0000172e        0x0 .\CortexM3\ARM_GCC_541\Debug\sc_brakelight.o
 .debug_line    0x0000172e        0x0 .\CortexM3\ARM_GCC_541\Debug\sc_joystick.o
 .debug_line    0x0000172e        0x0 .\CortexM3\ARM_GCC_541\Debug\sc_speed.o
 .debug_line    0x0000172e      0x1e3 .\CortexM3\ARM_GCC_541\Debug\sc_speed_type.o
 .debug_line    0x00001911      0x3ab .\CortexM3\ARM_GCC_541\Debug\sp_common.o
 .debug_line    0x00001cbc      0x249 .\CortexM3\ARM_GCC_541\Debug\sc_brakelight_type.o
 .debug_line    0x00001f05        0x0 .\CortexM3\ARM_GCC_541\Debug\sc_engine.o
 .debug_line    0x00001f05      0x241 .\CortexM3\ARM_GCC_541\Debug\sc_engine_type.o
 .debug_line    0x00002146      0x244 .\CortexM3\ARM_GCC_541\Debug\sc_joystick_type.o
 .debug_line    0x0000238a      0x1f2 .\CortexM3\ARM_GCC_541\Debug\cyfitter_cfg.o
 .debug_line    0x0000257c      0x141 .\CortexM3\ARM_GCC_541\Debug\cymetadata.o
 .debug_line    0x000026bd      0x234 .\CortexM3\ARM_GCC_541\Debug\Cm3Start.o
 .debug_line    0x000028f1      0x816 .\CortexM3\ARM_GCC_541\Debug\Gaspedal_Watchdog.a(CyLib.o)
 .debug_line    0x00003107      0x367 .\CortexM3\ARM_GCC_541\Debug\Gaspedal_Watchdog.a(cyPm.o)
 .debug_line    0x0000346e      0x1e6 .\CortexM3\ARM_GCC_541\Debug\Gaspedal_Watchdog.a(ErikaOS_ee_activate.o)
 .debug_line    0x00003654      0x1bd .\CortexM3\ARM_GCC_541\Debug\Gaspedal_Watchdog.a(ErikaOS_ee_alsetrel.o)
 .debug_line    0x00003811      0x2f1 .\CortexM3\ARM_GCC_541\Debug\Gaspedal_Watchdog.a(ErikaOS_ee_altick.o)
 .debug_line    0x00003b02      0x1c1 .\CortexM3\ARM_GCC_541\Debug\Gaspedal_Watchdog.a(ErikaOS_ee_evclear.o)
 .debug_line    0x00003cc3      0x14b .\CortexM3\ARM_GCC_541\Debug\Gaspedal_Watchdog.a(ErikaOS_ee_evget.o)
 .debug_line    0x00003e0e      0x1e3 .\CortexM3\ARM_GCC_541\Debug\Gaspedal_Watchdog.a(ErikaOS_ee_evset.o)
 .debug_line    0x00003ff1      0x1ef .\CortexM3\ARM_GCC_541\Debug\Gaspedal_Watchdog.a(ErikaOS_ee_evwait.o)
 .debug_line    0x000041e0      0x190 .\CortexM3\ARM_GCC_541\Debug\Gaspedal_Watchdog.a(ErikaOS_ee_irqendin.o)
 .debug_line    0x00004370      0x10b .\CortexM3\ARM_GCC_541\Debug\Gaspedal_Watchdog.a(ErikaOS_ee_lookup.o)
 .debug_line    0x0000447b      0x14b .\CortexM3\ARM_GCC_541\Debug\Gaspedal_Watchdog.a(ErikaOS_ee_rq_exchg.o)
 .debug_line    0x000045c6      0x142 .\CortexM3\ARM_GCC_541\Debug\Gaspedal_Watchdog.a(ErikaOS_ee_rq_first.o)
 .debug_line    0x00004708      0x146 .\CortexM3\ARM_GCC_541\Debug\Gaspedal_Watchdog.a(ErikaOS_ee_rq_inser.o)
 .debug_line    0x0000484e      0x3e8 .\CortexM3\ARM_GCC_541\Debug\Gaspedal_Watchdog.a(ErikaOS_ee_startos.o)
 .debug_line    0x00004c36      0x1ac .\CortexM3\ARM_GCC_541\Debug\Gaspedal_Watchdog.a(ErikaOS_ee_terminat.o)
 .debug_line    0x00004de2      0x156 .\CortexM3\ARM_GCC_541\Debug\Gaspedal_Watchdog.a(ErikaOS_cortex_mx_ee_utils.o)
 .debug_line    0x00004f38       0xed .\CortexM3\ARM_GCC_541\Debug\Gaspedal_Watchdog.a(ErikaOS_common_ee_hal_structs.o)
 .debug_line    0x00005025      0x12c .\CortexM3\ARM_GCC_541\Debug\Gaspedal_Watchdog.a(ErikaOS_eecfg.o)
 .debug_line    0x00005151      0x345 .\CortexM3\ARM_GCC_541\Debug\Gaspedal_Watchdog.a(UART_Logs.o)
 .debug_line    0x00005496       0xaf .\CortexM3\ARM_GCC_541\Debug\Gaspedal_Watchdog.a(UART_Logs_INT.o)
 .debug_line    0x00005545      0x181 .\CortexM3\ARM_GCC_541\Debug\Gaspedal_Watchdog.a(UART_Logs_IntClock.o)
 .debug_line    0x000056c6       0x66 .\CortexM3\ARM_GCC_541\Debug\Gaspedal_Watchdog.a(CyBootAsmGnu.o)
 .debug_line    0x0000572c       0xac .\CortexM3\ARM_GCC_541\Debug\Gaspedal_Watchdog.a(ErikaOS_ee_gnu_change_context_isr.o)
 .debug_line    0x000057d8       0x72 .\CortexM3\ARM_GCC_541\Debug\Gaspedal_Watchdog.a(ErikaOS_ee_gnu_irq_stack.o)
 .debug_line    0x0000584a       0x9b .\CortexM3\ARM_GCC_541\Debug\Gaspedal_Watchdog.a(ErikaOS_ee_gnu_multi_context.o)
 .debug_line    0x000058e5       0x97 .\CortexM3\ARM_GCC_541\Debug\Gaspedal_Watchdog.a(ErikaOS_ee_gnu_oo.o)
 .debug_line    0x0000597c      0x21a .\CortexM3\ARM_GCC_541\Debug\Gaspedal_Watchdog.a(CyFlash.o)
 .debug_line    0x00005b96      0x260 .\CortexM3\ARM_GCC_541\Debug\Gaspedal_Watchdog.a(CySpc.o)
 .debug_line    0x00005df6      0x169 .\CortexM3\ARM_GCC_541\Debug\Gaspedal_Watchdog.a(ErikaOS_ee_tnterm.o)
 .debug_line    0x00005f5f      0x160 .\CortexM3\ARM_GCC_541\Debug\Gaspedal_Watchdog.a(ErikaOS_ee_tstub.o)
 .debug_line    0x000060bf      0x19a .\CortexM3\ARM_GCC_541\Debug\Gaspedal_Watchdog.a(ErikaOS_cortex_mx_ee_context.o)
 .debug_line    0x00006259      0x1b7 .\CortexM3\ARM_GCC_541\Debug\Gaspedal_Watchdog.a(ErikaOS_ee_thendin.o)

.debug_frame    0x00000000     0x19c4
 *(.debug_frame)
 .debug_frame   0x00000000       0xb4 .\CortexM3\ARM_GCC_541\Debug\main.o
 .debug_frame   0x000000b4       0x30 .\CortexM3\ARM_GCC_541\Debug\swc_control.o
 .debug_frame   0x000000e4       0x48 .\CortexM3\ARM_GCC_541\Debug\swc_output.o
 .debug_frame   0x0000012c       0x2c .\CortexM3\ARM_GCC_541\Debug\tsk_control.o
 .debug_frame   0x00000158       0x2c .\CortexM3\ARM_GCC_541\Debug\tsk_output.o
 .debug_frame   0x00000184       0x34 .\CortexM3\ARM_GCC_541\Debug\swc_input.o
 .debug_frame   0x000001b8       0x2c .\CortexM3\ARM_GCC_541\Debug\tsk_input.o
 .debug_frame   0x000001e4       0x60 .\CortexM3\ARM_GCC_541\Debug\rte.o
 .debug_frame   0x00000244       0x30 .\CortexM3\ARM_GCC_541\Debug\sp_common.o
 .debug_frame   0x00000274       0x20 .\CortexM3\ARM_GCC_541\Debug\sc_brakelight_type.o
 .debug_frame   0x00000294       0x20 .\CortexM3\ARM_GCC_541\Debug\sc_engine_type.o
 .debug_frame   0x000002b4       0x20 .\CortexM3\ARM_GCC_541\Debug\sc_joystick_type.o
 .debug_frame   0x000002d4       0xe4 .\CortexM3\ARM_GCC_541\Debug\cyfitter_cfg.o
 .debug_frame   0x000003b8       0xb8 .\CortexM3\ARM_GCC_541\Debug\Cm3Start.o
 .debug_frame   0x00000470      0x738 .\CortexM3\ARM_GCC_541\Debug\Gaspedal_Watchdog.a(CyLib.o)
 .debug_frame   0x00000ba8      0x1f8 .\CortexM3\ARM_GCC_541\Debug\Gaspedal_Watchdog.a(cyPm.o)
 .debug_frame   0x00000da0       0x30 .\CortexM3\ARM_GCC_541\Debug\Gaspedal_Watchdog.a(ErikaOS_ee_activate.o)
 .debug_frame   0x00000dd0       0x38 .\CortexM3\ARM_GCC_541\Debug\Gaspedal_Watchdog.a(ErikaOS_ee_alsetrel.o)
 .debug_frame   0x00000e08      0x10c .\CortexM3\ARM_GCC_541\Debug\Gaspedal_Watchdog.a(ErikaOS_ee_altick.o)
 .debug_frame   0x00000f14       0x38 .\CortexM3\ARM_GCC_541\Debug\Gaspedal_Watchdog.a(ErikaOS_ee_evclear.o)
 .debug_frame   0x00000f4c       0x20 .\CortexM3\ARM_GCC_541\Debug\Gaspedal_Watchdog.a(ErikaOS_ee_evget.o)
 .debug_frame   0x00000f6c       0x30 .\CortexM3\ARM_GCC_541\Debug\Gaspedal_Watchdog.a(ErikaOS_ee_evset.o)
 .debug_frame   0x00000f9c       0x30 .\CortexM3\ARM_GCC_541\Debug\Gaspedal_Watchdog.a(ErikaOS_ee_evwait.o)
 .debug_frame   0x00000fcc       0x58 .\CortexM3\ARM_GCC_541\Debug\Gaspedal_Watchdog.a(ErikaOS_ee_irqendin.o)
 .debug_frame   0x00001024       0x3c .\CortexM3\ARM_GCC_541\Debug\Gaspedal_Watchdog.a(ErikaOS_ee_rq_exchg.o)
 .debug_frame   0x00001060       0x20 .\CortexM3\ARM_GCC_541\Debug\Gaspedal_Watchdog.a(ErikaOS_ee_rq_first.o)
 .debug_frame   0x00001080       0x30 .\CortexM3\ARM_GCC_541\Debug\Gaspedal_Watchdog.a(ErikaOS_ee_rq_inser.o)
 .debug_frame   0x000010b0       0x90 .\CortexM3\ARM_GCC_541\Debug\Gaspedal_Watchdog.a(ErikaOS_ee_startos.o)
 .debug_frame   0x00001140       0x2c .\CortexM3\ARM_GCC_541\Debug\Gaspedal_Watchdog.a(ErikaOS_ee_terminat.o)
 .debug_frame   0x0000116c       0x2c .\CortexM3\ARM_GCC_541\Debug\Gaspedal_Watchdog.a(ErikaOS_cortex_mx_ee_utils.o)
 .debug_frame   0x00001198      0x25c .\CortexM3\ARM_GCC_541\Debug\Gaspedal_Watchdog.a(UART_Logs.o)
 .debug_frame   0x000013f4       0x30 .\CortexM3\ARM_GCC_541\Debug\Gaspedal_Watchdog.a(UART_Logs_INT.o)
 .debug_frame   0x00001424       0xe0 .\CortexM3\ARM_GCC_541\Debug\Gaspedal_Watchdog.a(UART_Logs_IntClock.o)
 .debug_frame   0x00001504      0x194 .\CortexM3\ARM_GCC_541\Debug\Gaspedal_Watchdog.a(CyFlash.o)
 .debug_frame   0x00001698      0x180 .\CortexM3\ARM_GCC_541\Debug\Gaspedal_Watchdog.a(CySpc.o)
 .debug_frame   0x00001818       0x2c .\CortexM3\ARM_GCC_541\Debug\Gaspedal_Watchdog.a(ErikaOS_ee_tnterm.o)
 .debug_frame   0x00001844       0x2c .\CortexM3\ARM_GCC_541\Debug\Gaspedal_Watchdog.a(ErikaOS_ee_tstub.o)
 .debug_frame   0x00001870       0x3c .\CortexM3\ARM_GCC_541\Debug\Gaspedal_Watchdog.a(ErikaOS_cortex_mx_ee_context.o)
 .debug_frame   0x000018ac       0x5c .\CortexM3\ARM_GCC_541\Debug\Gaspedal_Watchdog.a(ErikaOS_ee_thendin.o)
 .debug_frame   0x00001908       0x20 c:/program files (x86)/cypress/psoc creator/4.4/psoc creator/import/gnu/arm/5.4.1/bin/../lib/gcc/arm-none-eabi/5.4.1/../../../../arm-none-eabi/lib/armv7-m\libg_nano.a(lib_a-errno.o)
 .debug_frame   0x00001928       0x28 c:/program files (x86)/cypress/psoc creator/4.4/psoc creator/import/gnu/arm/5.4.1/bin/../lib/gcc/arm-none-eabi/5.4.1/../../../../arm-none-eabi/lib/armv7-m\libg_nano.a(lib_a-exit.o)
 .debug_frame   0x00001950       0x2c c:/program files (x86)/cypress/psoc creator/4.4/psoc creator/import/gnu/arm/5.4.1/bin/../lib/gcc/arm-none-eabi/5.4.1/../../../../arm-none-eabi/lib/armv7-m\libg_nano.a(lib_a-init.o)
 .debug_frame   0x0000197c       0x28 c:/program files (x86)/cypress/psoc creator/4.4/psoc creator/import/gnu/arm/5.4.1/bin/../lib/gcc/arm-none-eabi/5.4.1/../../../../arm-none-eabi/lib/armv7-m\libg_nano.a(lib_a-memcpy-stub.o)
 .debug_frame   0x000019a4       0x20 c:/program files (x86)/cypress/psoc creator/4.4/psoc creator/import/gnu/arm/5.4.1/bin/../lib/gcc/arm-none-eabi/5.4.1/../../../../arm-none-eabi/lib/armv7-m\libg_nano.a(lib_a-memset.o)

.debug_str      0x00000000     0x3f35
 *(.debug_str)
 .debug_str     0x00000000      0x4c8 .\CortexM3\ARM_GCC_541\Debug\main.o
                                0x52c (size before relaxing)
 .debug_str     0x000004c8      0x4f9 .\CortexM3\ARM_GCC_541\Debug\swc_control.o
                                0x76f (size before relaxing)
 .debug_str     0x000009c1       0x46 .\CortexM3\ARM_GCC_541\Debug\swc_output.o
                                0x2b8 (size before relaxing)
 .debug_str     0x00000a07       0xe3 .\CortexM3\ARM_GCC_541\Debug\tsk_control.o
                                0x350 (size before relaxing)
 .debug_str     0x00000aea       0xde .\CortexM3\ARM_GCC_541\Debug\tsk_output.o
                                0x3bf (size before relaxing)
 .debug_str     0x00000bc8       0x75 .\CortexM3\ARM_GCC_541\Debug\swc_input.o
                                0x6e4 (size before relaxing)
 .debug_str     0x00000c3d       0x84 .\CortexM3\ARM_GCC_541\Debug\tsk_input.o
                                0x351 (size before relaxing)
 .debug_str     0x00000cc1       0x1b .\CortexM3\ARM_GCC_541\Debug\rte.o
                                0x4d2 (size before relaxing)
 .debug_str     0x00000cdc       0x1b .\CortexM3\ARM_GCC_541\Debug\sc_brakelight.o
                                 0xfb (size before relaxing)
 .debug_str     0x00000cf7       0x19 .\CortexM3\ARM_GCC_541\Debug\sc_joystick.o
                                 0xf9 (size before relaxing)
 .debug_str     0x00000d10       0x16 .\CortexM3\ARM_GCC_541\Debug\sc_speed.o
                                 0xf6 (size before relaxing)
 .debug_str     0x00000d26       0x1b .\CortexM3\ARM_GCC_541\Debug\sc_speed_type.o
                                0x261 (size before relaxing)
 .debug_str     0x00000d41      0x2a0 .\CortexM3\ARM_GCC_541\Debug\sp_common.o
                                0x968 (size before relaxing)
 .debug_str     0x00000fe1       0x38 .\CortexM3\ARM_GCC_541\Debug\sc_brakelight_type.o
                                0x47d (size before relaxing)
 .debug_str     0x00001019       0x17 .\CortexM3\ARM_GCC_541\Debug\sc_engine.o
                                 0xf7 (size before relaxing)
 .debug_str     0x00001030       0x30 .\CortexM3\ARM_GCC_541\Debug\sc_engine_type.o
                                0x475 (size before relaxing)
 .debug_str     0x00001060       0x33 .\CortexM3\ARM_GCC_541\Debug\sc_joystick_type.o
                                0x478 (size before relaxing)
 .debug_str     0x00001093      0x1a2 .\CortexM3\ARM_GCC_541\Debug\cyfitter_cfg.o
                                0x354 (size before relaxing)
 .debug_str     0x00001235       0x75 .\CortexM3\ARM_GCC_541\Debug\cymetadata.o
                                0x1f4 (size before relaxing)
 .debug_str     0x000012aa      0x13f .\CortexM3\ARM_GCC_541\Debug\Cm3Start.o
                                0x31a (size before relaxing)
 .debug_str     0x000013e9      0x839 .\CortexM3\ARM_GCC_541\Debug\Gaspedal_Watchdog.a(CyLib.o)
                                0xa57 (size before relaxing)
 .debug_str     0x00001c22      0x365 .\CortexM3\ARM_GCC_541\Debug\Gaspedal_Watchdog.a(cyPm.o)
                                0x743 (size before relaxing)
 .debug_str     0x00001f87      0x5b5 .\CortexM3\ARM_GCC_541\Debug\Gaspedal_Watchdog.a(ErikaOS_ee_activate.o)
                                0x815 (size before relaxing)
 .debug_str     0x0000253c       0x97 .\CortexM3\ARM_GCC_541\Debug\Gaspedal_Watchdog.a(ErikaOS_ee_alsetrel.o)
                                0x60d (size before relaxing)
 .debug_str     0x000025d3      0x230 .\CortexM3\ARM_GCC_541\Debug\Gaspedal_Watchdog.a(ErikaOS_ee_altick.o)
                                0xa70 (size before relaxing)
 .debug_str     0x00002803       0x2c .\CortexM3\ARM_GCC_541\Debug\Gaspedal_Watchdog.a(ErikaOS_ee_evclear.o)
                                0x5ed (size before relaxing)
 .debug_str     0x0000282f       0x5b .\CortexM3\ARM_GCC_541\Debug\Gaspedal_Watchdog.a(ErikaOS_ee_evget.o)
                                0x55d (size before relaxing)
 .debug_str     0x0000288a       0x2a .\CortexM3\ARM_GCC_541\Debug\Gaspedal_Watchdog.a(ErikaOS_ee_evset.o)
                                0x7ed (size before relaxing)
 .debug_str     0x000028b4       0x8d .\CortexM3\ARM_GCC_541\Debug\Gaspedal_Watchdog.a(ErikaOS_ee_evwait.o)
                                0x831 (size before relaxing)
 .debug_str     0x00002941       0xc8 .\CortexM3\ARM_GCC_541\Debug\Gaspedal_Watchdog.a(ErikaOS_ee_irqendin.o)
                                0x6ca (size before relaxing)
 .debug_str     0x00002a09       0x2b .\CortexM3\ARM_GCC_541\Debug\Gaspedal_Watchdog.a(ErikaOS_ee_lookup.o)
                                0x499 (size before relaxing)
 .debug_str     0x00002a34       0x8a .\CortexM3\ARM_GCC_541\Debug\Gaspedal_Watchdog.a(ErikaOS_ee_rq_exchg.o)
                                0x50b (size before relaxing)
 .debug_str     0x00002abe       0x2d .\CortexM3\ARM_GCC_541\Debug\Gaspedal_Watchdog.a(ErikaOS_ee_rq_first.o)
                                0x4d6 (size before relaxing)
 .debug_str     0x00002aeb       0x38 .\CortexM3\ARM_GCC_541\Debug\Gaspedal_Watchdog.a(ErikaOS_ee_rq_inser.o)
                                0x510 (size before relaxing)
 .debug_str     0x00002b23      0x8a8 .\CortexM3\ARM_GCC_541\Debug\Gaspedal_Watchdog.a(ErikaOS_ee_startos.o)
                               0x173c (size before relaxing)
 .debug_str     0x000033cb       0x5b .\CortexM3\ARM_GCC_541\Debug\Gaspedal_Watchdog.a(ErikaOS_ee_terminat.o)
                                0x5fa (size before relaxing)
 .debug_str     0x00003426       0x71 .\CortexM3\ARM_GCC_541\Debug\Gaspedal_Watchdog.a(ErikaOS_cortex_mx_ee_utils.o)
                                0x53b (size before relaxing)
 .debug_str     0x00003497       0x37 .\CortexM3\ARM_GCC_541\Debug\Gaspedal_Watchdog.a(ErikaOS_common_ee_hal_structs.o)
                                0x4a5 (size before relaxing)
 .debug_str     0x000034ce      0x1b2 .\CortexM3\ARM_GCC_541\Debug\Gaspedal_Watchdog.a(ErikaOS_eecfg.o)
                                0x808 (size before relaxing)
 .debug_str     0x00003680      0x427 .\CortexM3\ARM_GCC_541\Debug\Gaspedal_Watchdog.a(UART_Logs.o)
                                0x670 (size before relaxing)
 .debug_str     0x00003aa7       0x6d .\CortexM3\ARM_GCC_541\Debug\Gaspedal_Watchdog.a(UART_Logs_INT.o)
                                0x2d5 (size before relaxing)
 .debug_str     0x00003b14      0x1b5 .\CortexM3\ARM_GCC_541\Debug\Gaspedal_Watchdog.a(UART_Logs_IntClock.o)
                                0x382 (size before relaxing)
 .debug_str     0x00003cc9       0x6c .\CortexM3\ARM_GCC_541\Debug\Gaspedal_Watchdog.a(CyFlash.o)
                                0x3d0 (size before relaxing)
 .debug_str     0x00003d35       0x64 .\CortexM3\ARM_GCC_541\Debug\Gaspedal_Watchdog.a(CySpc.o)
                                0x348 (size before relaxing)
 .debug_str     0x00003d99       0x56 .\CortexM3\ARM_GCC_541\Debug\Gaspedal_Watchdog.a(ErikaOS_ee_tnterm.o)
                                0x50c (size before relaxing)
 .debug_str     0x00003def       0x55 .\CortexM3\ARM_GCC_541\Debug\Gaspedal_Watchdog.a(ErikaOS_ee_tstub.o)
                                0x5e3 (size before relaxing)
 .debug_str     0x00003e44       0x8a .\CortexM3\ARM_GCC_541\Debug\Gaspedal_Watchdog.a(ErikaOS_cortex_mx_ee_context.o)
                                0x59a (size before relaxing)
 .debug_str     0x00003ece       0x67 .\CortexM3\ARM_GCC_541\Debug\Gaspedal_Watchdog.a(ErikaOS_ee_thendin.o)
                                0x760 (size before relaxing)

.debug_loc      0x00000000     0x3542
 *(.debug_loc)
 .debug_loc     0x00000000       0xa8 .\CortexM3\ARM_GCC_541\Debug\main.o
 .debug_loc     0x000000a8       0xaf .\CortexM3\ARM_GCC_541\Debug\swc_control.o
 .debug_loc     0x00000157       0x42 .\CortexM3\ARM_GCC_541\Debug\swc_output.o
 .debug_loc     0x00000199      0x14d .\CortexM3\ARM_GCC_541\Debug\swc_input.o
 .debug_loc     0x000002e6      0x10e .\CortexM3\ARM_GCC_541\Debug\rte.o
 .debug_loc     0x000003f4      0x13b .\CortexM3\ARM_GCC_541\Debug\sp_common.o
 .debug_loc     0x0000052f       0x21 .\CortexM3\ARM_GCC_541\Debug\sc_brakelight_type.o
 .debug_loc     0x00000550       0x21 .\CortexM3\ARM_GCC_541\Debug\sc_engine_type.o
 .debug_loc     0x00000571       0x21 .\CortexM3\ARM_GCC_541\Debug\sc_joystick_type.o
 .debug_loc     0x00000592      0x289 .\CortexM3\ARM_GCC_541\Debug\cyfitter_cfg.o
 .debug_loc     0x0000081b      0x144 .\CortexM3\ARM_GCC_541\Debug\Cm3Start.o
 .debug_loc     0x0000095f      0xa11 .\CortexM3\ARM_GCC_541\Debug\Gaspedal_Watchdog.a(CyLib.o)
 .debug_loc     0x00001370      0x1e4 .\CortexM3\ARM_GCC_541\Debug\Gaspedal_Watchdog.a(cyPm.o)
 .debug_loc     0x00001554      0x12d .\CortexM3\ARM_GCC_541\Debug\Gaspedal_Watchdog.a(ErikaOS_ee_activate.o)
 .debug_loc     0x00001681      0x1ed .\CortexM3\ARM_GCC_541\Debug\Gaspedal_Watchdog.a(ErikaOS_ee_alsetrel.o)
 .debug_loc     0x0000186e      0x46c .\CortexM3\ARM_GCC_541\Debug\Gaspedal_Watchdog.a(ErikaOS_ee_altick.o)
 .debug_loc     0x00001cda       0xbc .\CortexM3\ARM_GCC_541\Debug\Gaspedal_Watchdog.a(ErikaOS_ee_evclear.o)
 .debug_loc     0x00001d96       0xa4 .\CortexM3\ARM_GCC_541\Debug\Gaspedal_Watchdog.a(ErikaOS_ee_evget.o)
 .debug_loc     0x00001e3a      0x16b .\CortexM3\ARM_GCC_541\Debug\Gaspedal_Watchdog.a(ErikaOS_ee_evset.o)
 .debug_loc     0x00001fa5      0x13f .\CortexM3\ARM_GCC_541\Debug\Gaspedal_Watchdog.a(ErikaOS_ee_evwait.o)
 .debug_loc     0x000020e4       0x62 .\CortexM3\ARM_GCC_541\Debug\Gaspedal_Watchdog.a(ErikaOS_ee_irqendin.o)
 .debug_loc     0x00002146       0x4a .\CortexM3\ARM_GCC_541\Debug\Gaspedal_Watchdog.a(ErikaOS_ee_rq_exchg.o)
 .debug_loc     0x00002190       0x36 .\CortexM3\ARM_GCC_541\Debug\Gaspedal_Watchdog.a(ErikaOS_ee_rq_first.o)
 .debug_loc     0x000021c6       0x1e .\CortexM3\ARM_GCC_541\Debug\Gaspedal_Watchdog.a(ErikaOS_ee_rq_inser.o)
 .debug_loc     0x000021e4      0x1d8 .\CortexM3\ARM_GCC_541\Debug\Gaspedal_Watchdog.a(ErikaOS_ee_startos.o)
 .debug_loc     0x000023bc       0x50 .\CortexM3\ARM_GCC_541\Debug\Gaspedal_Watchdog.a(ErikaOS_ee_terminat.o)
 .debug_loc     0x0000240c      0x36c .\CortexM3\ARM_GCC_541\Debug\Gaspedal_Watchdog.a(UART_Logs.o)
 .debug_loc     0x00002778       0x45 .\CortexM3\ARM_GCC_541\Debug\Gaspedal_Watchdog.a(UART_Logs_INT.o)
 .debug_loc     0x000027bd      0x12c .\CortexM3\ARM_GCC_541\Debug\Gaspedal_Watchdog.a(UART_Logs_IntClock.o)
 .debug_loc     0x000028e9      0x3b2 .\CortexM3\ARM_GCC_541\Debug\Gaspedal_Watchdog.a(CyFlash.o)
 .debug_loc     0x00002c9b      0x705 .\CortexM3\ARM_GCC_541\Debug\Gaspedal_Watchdog.a(CySpc.o)
 .debug_loc     0x000033a0       0xc5 .\CortexM3\ARM_GCC_541\Debug\Gaspedal_Watchdog.a(ErikaOS_cortex_mx_ee_context.o)
 .debug_loc     0x00003465       0xdd .\CortexM3\ARM_GCC_541\Debug\Gaspedal_Watchdog.a(ErikaOS_ee_thendin.o)

.debug_macinfo
 *(.debug_macinfo)

.debug_ranges   0x00000000      0x920
 *(.debug_ranges)
 .debug_ranges  0x00000000       0x38 .\CortexM3\ARM_GCC_541\Debug\main.o
 .debug_ranges  0x00000038       0x10 .\CortexM3\ARM_GCC_541\Debug\swc_control.o
 .debug_ranges  0x00000048       0x18 .\CortexM3\ARM_GCC_541\Debug\swc_output.o
 .debug_ranges  0x00000060       0x10 .\CortexM3\ARM_GCC_541\Debug\tsk_control.o
 .debug_ranges  0x00000070       0x10 .\CortexM3\ARM_GCC_541\Debug\tsk_output.o
 .debug_ranges  0x00000080       0x10 .\CortexM3\ARM_GCC_541\Debug\swc_input.o
 .debug_ranges  0x00000090       0x10 .\CortexM3\ARM_GCC_541\Debug\tsk_input.o
 .debug_ranges  0x000000a0       0x18 .\CortexM3\ARM_GCC_541\Debug\rte.o
 .debug_ranges  0x000000b8       0x18 .\CortexM3\ARM_GCC_541\Debug\sp_common.o
 .debug_ranges  0x000000d0       0x10 .\CortexM3\ARM_GCC_541\Debug\sc_brakelight_type.o
 .debug_ranges  0x000000e0       0x10 .\CortexM3\ARM_GCC_541\Debug\sc_engine_type.o
 .debug_ranges  0x000000f0       0x10 .\CortexM3\ARM_GCC_541\Debug\sc_joystick_type.o
 .debug_ranges  0x00000100       0x48 .\CortexM3\ARM_GCC_541\Debug\cyfitter_cfg.o
 .debug_ranges  0x00000148       0x38 .\CortexM3\ARM_GCC_541\Debug\Cm3Start.o
 .debug_ranges  0x00000180      0x290 .\CortexM3\ARM_GCC_541\Debug\Gaspedal_Watchdog.a(CyLib.o)
 .debug_ranges  0x00000410       0x88 .\CortexM3\ARM_GCC_541\Debug\Gaspedal_Watchdog.a(cyPm.o)
 .debug_ranges  0x00000498       0x40 .\CortexM3\ARM_GCC_541\Debug\Gaspedal_Watchdog.a(ErikaOS_ee_activate.o)
 .debug_ranges  0x000004d8       0x10 .\CortexM3\ARM_GCC_541\Debug\Gaspedal_Watchdog.a(ErikaOS_ee_alsetrel.o)
 .debug_ranges  0x000004e8       0x78 .\CortexM3\ARM_GCC_541\Debug\Gaspedal_Watchdog.a(ErikaOS_ee_altick.o)
 .debug_ranges  0x00000560       0x28 .\CortexM3\ARM_GCC_541\Debug\Gaspedal_Watchdog.a(ErikaOS_ee_evclear.o)
 .debug_ranges  0x00000588       0x10 .\CortexM3\ARM_GCC_541\Debug\Gaspedal_Watchdog.a(ErikaOS_ee_evget.o)
 .debug_ranges  0x00000598       0x40 .\CortexM3\ARM_GCC_541\Debug\Gaspedal_Watchdog.a(ErikaOS_ee_evset.o)
 .debug_ranges  0x000005d8       0x10 .\CortexM3\ARM_GCC_541\Debug\Gaspedal_Watchdog.a(ErikaOS_ee_evwait.o)
 .debug_ranges  0x000005e8       0x20 .\CortexM3\ARM_GCC_541\Debug\Gaspedal_Watchdog.a(ErikaOS_ee_irqendin.o)
 .debug_ranges  0x00000608       0x10 .\CortexM3\ARM_GCC_541\Debug\Gaspedal_Watchdog.a(ErikaOS_ee_rq_exchg.o)
 .debug_ranges  0x00000618       0x10 .\CortexM3\ARM_GCC_541\Debug\Gaspedal_Watchdog.a(ErikaOS_ee_rq_first.o)
 .debug_ranges  0x00000628       0x10 .\CortexM3\ARM_GCC_541\Debug\Gaspedal_Watchdog.a(ErikaOS_ee_rq_inser.o)
 .debug_ranges  0x00000638       0x30 .\CortexM3\ARM_GCC_541\Debug\Gaspedal_Watchdog.a(ErikaOS_ee_startos.o)
 .debug_ranges  0x00000668       0x10 .\CortexM3\ARM_GCC_541\Debug\Gaspedal_Watchdog.a(ErikaOS_ee_terminat.o)
 .debug_ranges  0x00000678       0x10 .\CortexM3\ARM_GCC_541\Debug\Gaspedal_Watchdog.a(ErikaOS_cortex_mx_ee_utils.o)
 .debug_ranges  0x00000688       0xe0 .\CortexM3\ARM_GCC_541\Debug\Gaspedal_Watchdog.a(UART_Logs.o)
 .debug_ranges  0x00000768       0x18 .\CortexM3\ARM_GCC_541\Debug\Gaspedal_Watchdog.a(UART_Logs_INT.o)
 .debug_ranges  0x00000780       0x60 .\CortexM3\ARM_GCC_541\Debug\Gaspedal_Watchdog.a(UART_Logs_IntClock.o)
 .debug_ranges  0x000007e0       0x78 .\CortexM3\ARM_GCC_541\Debug\Gaspedal_Watchdog.a(CyFlash.o)
 .debug_ranges  0x00000858       0x70 .\CortexM3\ARM_GCC_541\Debug\Gaspedal_Watchdog.a(CySpc.o)
 .debug_ranges  0x000008c8       0x10 .\CortexM3\ARM_GCC_541\Debug\Gaspedal_Watchdog.a(ErikaOS_ee_tnterm.o)
 .debug_ranges  0x000008d8       0x10 .\CortexM3\ARM_GCC_541\Debug\Gaspedal_Watchdog.a(ErikaOS_ee_tstub.o)
 .debug_ranges  0x000008e8       0x18 .\CortexM3\ARM_GCC_541\Debug\Gaspedal_Watchdog.a(ErikaOS_cortex_mx_ee_context.o)
 .debug_ranges  0x00000900       0x20 .\CortexM3\ARM_GCC_541\Debug\Gaspedal_Watchdog.a(ErikaOS_ee_thendin.o)

.comment        0x00000000       0x6e
 .comment       0x00000000       0x6e .\CortexM3\ARM_GCC_541\Debug\main.o
                                 0x6f (size before relaxing)
 .comment       0x0000006e       0x6f .\CortexM3\ARM_GCC_541\Debug\swc_control.o
 .comment       0x0000006e       0x6f .\CortexM3\ARM_GCC_541\Debug\swc_output.o
 .comment       0x0000006e       0x6f .\CortexM3\ARM_GCC_541\Debug\tsk_control.o
 .comment       0x0000006e       0x6f .\CortexM3\ARM_GCC_541\Debug\tsk_output.o
 .comment       0x0000006e       0x6f .\CortexM3\ARM_GCC_541\Debug\swc_input.o
 .comment       0x0000006e       0x6f .\CortexM3\ARM_GCC_541\Debug\tsk_input.o
 .comment       0x0000006e       0x6f .\CortexM3\ARM_GCC_541\Debug\rte.o
 .comment       0x0000006e       0x6f .\CortexM3\ARM_GCC_541\Debug\sc_brakelight.o
 .comment       0x0000006e       0x6f .\CortexM3\ARM_GCC_541\Debug\sc_joystick.o
 .comment       0x0000006e       0x6f .\CortexM3\ARM_GCC_541\Debug\sc_speed.o
 .comment       0x0000006e       0x6f .\CortexM3\ARM_GCC_541\Debug\sc_speed_type.o
 .comment       0x0000006e       0x6f .\CortexM3\ARM_GCC_541\Debug\sp_common.o
 .comment       0x0000006e       0x6f .\CortexM3\ARM_GCC_541\Debug\sc_brakelight_type.o
 .comment       0x0000006e       0x6f .\CortexM3\ARM_GCC_541\Debug\sc_engine.o
 .comment       0x0000006e       0x6f .\CortexM3\ARM_GCC_541\Debug\sc_engine_type.o
 .comment       0x0000006e       0x6f .\CortexM3\ARM_GCC_541\Debug\sc_joystick_type.o
 .comment       0x0000006e       0x6f .\CortexM3\ARM_GCC_541\Debug\cyfitter_cfg.o
 .comment       0x0000006e       0x6f .\CortexM3\ARM_GCC_541\Debug\cymetadata.o
 .comment       0x0000006e       0x6f .\CortexM3\ARM_GCC_541\Debug\Cm3Start.o
 .comment       0x0000006e       0x6f .\CortexM3\ARM_GCC_541\Debug\Gaspedal_Watchdog.a(CyLib.o)
 .comment       0x0000006e       0x6f .\CortexM3\ARM_GCC_541\Debug\Gaspedal_Watchdog.a(cyPm.o)
 .comment       0x0000006e       0x6f .\CortexM3\ARM_GCC_541\Debug\Gaspedal_Watchdog.a(ErikaOS_ee_activate.o)
 .comment       0x0000006e       0x6f .\CortexM3\ARM_GCC_541\Debug\Gaspedal_Watchdog.a(ErikaOS_ee_alsetrel.o)
 .comment       0x0000006e       0x6f .\CortexM3\ARM_GCC_541\Debug\Gaspedal_Watchdog.a(ErikaOS_ee_altick.o)
 .comment       0x0000006e       0x6f .\CortexM3\ARM_GCC_541\Debug\Gaspedal_Watchdog.a(ErikaOS_ee_evclear.o)
 .comment       0x0000006e       0x6f .\CortexM3\ARM_GCC_541\Debug\Gaspedal_Watchdog.a(ErikaOS_ee_evget.o)
 .comment       0x0000006e       0x6f .\CortexM3\ARM_GCC_541\Debug\Gaspedal_Watchdog.a(ErikaOS_ee_evset.o)
 .comment       0x0000006e       0x6f .\CortexM3\ARM_GCC_541\Debug\Gaspedal_Watchdog.a(ErikaOS_ee_evwait.o)
 .comment       0x0000006e       0x6f .\CortexM3\ARM_GCC_541\Debug\Gaspedal_Watchdog.a(ErikaOS_ee_irqendin.o)
 .comment       0x0000006e       0x6f .\CortexM3\ARM_GCC_541\Debug\Gaspedal_Watchdog.a(ErikaOS_ee_lookup.o)
 .comment       0x0000006e       0x6f .\CortexM3\ARM_GCC_541\Debug\Gaspedal_Watchdog.a(ErikaOS_ee_rq_exchg.o)
 .comment       0x0000006e       0x6f .\CortexM3\ARM_GCC_541\Debug\Gaspedal_Watchdog.a(ErikaOS_ee_rq_first.o)
 .comment       0x0000006e       0x6f .\CortexM3\ARM_GCC_541\Debug\Gaspedal_Watchdog.a(ErikaOS_ee_rq_inser.o)
 .comment       0x0000006e       0x6f .\CortexM3\ARM_GCC_541\Debug\Gaspedal_Watchdog.a(ErikaOS_ee_startos.o)
 .comment       0x0000006e       0x6f .\CortexM3\ARM_GCC_541\Debug\Gaspedal_Watchdog.a(ErikaOS_ee_terminat.o)
 .comment       0x0000006e       0x6f .\CortexM3\ARM_GCC_541\Debug\Gaspedal_Watchdog.a(ErikaOS_cortex_mx_ee_utils.o)
 .comment       0x0000006e       0x6f .\CortexM3\ARM_GCC_541\Debug\Gaspedal_Watchdog.a(ErikaOS_common_ee_hal_structs.o)
 .comment       0x0000006e       0x6f .\CortexM3\ARM_GCC_541\Debug\Gaspedal_Watchdog.a(ErikaOS_eecfg.o)
 .comment       0x0000006e       0x6f .\CortexM3\ARM_GCC_541\Debug\Gaspedal_Watchdog.a(UART_Logs.o)
 .comment       0x0000006e       0x6f .\CortexM3\ARM_GCC_541\Debug\Gaspedal_Watchdog.a(UART_Logs_INT.o)
 .comment       0x0000006e       0x6f .\CortexM3\ARM_GCC_541\Debug\Gaspedal_Watchdog.a(UART_Logs_IntClock.o)
 .comment       0x0000006e       0x6f .\CortexM3\ARM_GCC_541\Debug\Gaspedal_Watchdog.a(CyFlash.o)
 .comment       0x0000006e       0x6f .\CortexM3\ARM_GCC_541\Debug\Gaspedal_Watchdog.a(CySpc.o)
 .comment       0x0000006e       0x6f .\CortexM3\ARM_GCC_541\Debug\Gaspedal_Watchdog.a(ErikaOS_ee_tnterm.o)
 .comment       0x0000006e       0x6f .\CortexM3\ARM_GCC_541\Debug\Gaspedal_Watchdog.a(ErikaOS_ee_tstub.o)
 .comment       0x0000006e       0x6f .\CortexM3\ARM_GCC_541\Debug\Gaspedal_Watchdog.a(ErikaOS_cortex_mx_ee_context.o)
 .comment       0x0000006e       0x6f .\CortexM3\ARM_GCC_541\Debug\Gaspedal_Watchdog.a(ErikaOS_ee_thendin.o)

.debug_weaknames
 *(.debug_weaknames)

.debug_funcnames
 *(.debug_funcnames)

.debug_typenames
 *(.debug_typenames)

.debug_varnames
 *(.debug_varnames)

.note.gnu.arm.ident
 *(.note.gnu.arm.ident)

.ARM.attributes
                0x00000000       0x2f
 *(.ARM.attributes)
 .ARM.attributes
                0x00000000       0x1d c:/program files (x86)/cypress/psoc creator/4.4/psoc creator/import/gnu/arm/5.4.1/bin/../lib/gcc/arm-none-eabi/5.4.1/armv7-m/crti.o
 .ARM.attributes
                0x0000001d       0x2d c:/program files (x86)/cypress/psoc creator/4.4/psoc creator/import/gnu/arm/5.4.1/bin/../lib/gcc/arm-none-eabi/5.4.1/armv7-m/crtbegin.o
 .ARM.attributes
                0x0000004a       0x1b c:/program files (x86)/cypress/psoc creator/4.4/psoc creator/import/gnu/arm/5.4.1/bin/../lib/gcc/arm-none-eabi/5.4.1/../../../../arm-none-eabi/lib/armv7-m/crt0.o
 .ARM.attributes
                0x00000065       0x33 .\CortexM3\ARM_GCC_541\Debug\main.o
 .ARM.attributes
                0x00000098       0x33 .\CortexM3\ARM_GCC_541\Debug\swc_control.o
 .ARM.attributes
                0x000000cb       0x33 .\CortexM3\ARM_GCC_541\Debug\swc_output.o
 .ARM.attributes
                0x000000fe       0x33 .\CortexM3\ARM_GCC_541\Debug\tsk_control.o
 .ARM.attributes
                0x00000131       0x33 .\CortexM3\ARM_GCC_541\Debug\tsk_output.o
 .ARM.attributes
                0x00000164       0x33 .\CortexM3\ARM_GCC_541\Debug\swc_input.o
 .ARM.attributes
                0x00000197       0x33 .\CortexM3\ARM_GCC_541\Debug\tsk_input.o
 .ARM.attributes
                0x000001ca       0x33 .\CortexM3\ARM_GCC_541\Debug\rte.o
 .ARM.attributes
                0x000001fd       0x33 .\CortexM3\ARM_GCC_541\Debug\sc_brakelight.o
 .ARM.attributes
                0x00000230       0x33 .\CortexM3\ARM_GCC_541\Debug\sc_joystick.o
 .ARM.attributes
                0x00000263       0x33 .\CortexM3\ARM_GCC_541\Debug\sc_speed.o
 .ARM.attributes
                0x00000296       0x33 .\CortexM3\ARM_GCC_541\Debug\sc_speed_type.o
 .ARM.attributes
                0x000002c9       0x33 .\CortexM3\ARM_GCC_541\Debug\sp_common.o
 .ARM.attributes
                0x000002fc       0x33 .\CortexM3\ARM_GCC_541\Debug\sc_brakelight_type.o
 .ARM.attributes
                0x0000032f       0x33 .\CortexM3\ARM_GCC_541\Debug\sc_engine.o
 .ARM.attributes
                0x00000362       0x33 .\CortexM3\ARM_GCC_541\Debug\sc_engine_type.o
 .ARM.attributes
                0x00000395       0x33 .\CortexM3\ARM_GCC_541\Debug\sc_joystick_type.o
 .ARM.attributes
                0x000003c8       0x33 .\CortexM3\ARM_GCC_541\Debug\cyfitter_cfg.o
 .ARM.attributes
                0x000003fb       0x33 .\CortexM3\ARM_GCC_541\Debug\cymetadata.o
 .ARM.attributes
                0x0000042e       0x33 .\CortexM3\ARM_GCC_541\Debug\Cm3Start.o
 .ARM.attributes
                0x00000461       0x33 .\CortexM3\ARM_GCC_541\Debug\Gaspedal_Watchdog.a(CyLib.o)
 .ARM.attributes
                0x00000494       0x33 .\CortexM3\ARM_GCC_541\Debug\Gaspedal_Watchdog.a(cyPm.o)
 .ARM.attributes
                0x000004c7       0x33 .\CortexM3\ARM_GCC_541\Debug\Gaspedal_Watchdog.a(ErikaOS_ee_activate.o)
 .ARM.attributes
                0x000004fa       0x33 .\CortexM3\ARM_GCC_541\Debug\Gaspedal_Watchdog.a(ErikaOS_ee_alsetrel.o)
 .ARM.attributes
                0x0000052d       0x33 .\CortexM3\ARM_GCC_541\Debug\Gaspedal_Watchdog.a(ErikaOS_ee_altick.o)
 .ARM.attributes
                0x00000560       0x33 .\CortexM3\ARM_GCC_541\Debug\Gaspedal_Watchdog.a(ErikaOS_ee_evclear.o)
 .ARM.attributes
                0x00000593       0x33 .\CortexM3\ARM_GCC_541\Debug\Gaspedal_Watchdog.a(ErikaOS_ee_evget.o)
 .ARM.attributes
                0x000005c6       0x33 .\CortexM3\ARM_GCC_541\Debug\Gaspedal_Watchdog.a(ErikaOS_ee_evset.o)
 .ARM.attributes
                0x000005f9       0x33 .\CortexM3\ARM_GCC_541\Debug\Gaspedal_Watchdog.a(ErikaOS_ee_evwait.o)
 .ARM.attributes
                0x0000062c       0x33 .\CortexM3\ARM_GCC_541\Debug\Gaspedal_Watchdog.a(ErikaOS_ee_irqendin.o)
 .ARM.attributes
                0x0000065f       0x33 .\CortexM3\ARM_GCC_541\Debug\Gaspedal_Watchdog.a(ErikaOS_ee_lookup.o)
 .ARM.attributes
                0x00000692       0x33 .\CortexM3\ARM_GCC_541\Debug\Gaspedal_Watchdog.a(ErikaOS_ee_rq_exchg.o)
 .ARM.attributes
                0x000006c5       0x33 .\CortexM3\ARM_GCC_541\Debug\Gaspedal_Watchdog.a(ErikaOS_ee_rq_first.o)
 .ARM.attributes
                0x000006f8       0x33 .\CortexM3\ARM_GCC_541\Debug\Gaspedal_Watchdog.a(ErikaOS_ee_rq_inser.o)
 .ARM.attributes
                0x0000072b       0x33 .\CortexM3\ARM_GCC_541\Debug\Gaspedal_Watchdog.a(ErikaOS_ee_startos.o)
 .ARM.attributes
                0x0000075e       0x33 .\CortexM3\ARM_GCC_541\Debug\Gaspedal_Watchdog.a(ErikaOS_ee_terminat.o)
 .ARM.attributes
                0x00000791       0x33 .\CortexM3\ARM_GCC_541\Debug\Gaspedal_Watchdog.a(ErikaOS_cortex_mx_ee_utils.o)
 .ARM.attributes
                0x000007c4       0x33 .\CortexM3\ARM_GCC_541\Debug\Gaspedal_Watchdog.a(ErikaOS_common_ee_hal_structs.o)
 .ARM.attributes
                0x000007f7       0x33 .\CortexM3\ARM_GCC_541\Debug\Gaspedal_Watchdog.a(ErikaOS_eecfg.o)
 .ARM.attributes
                0x0000082a       0x33 .\CortexM3\ARM_GCC_541\Debug\Gaspedal_Watchdog.a(UART_Logs.o)
 .ARM.attributes
                0x0000085d       0x33 .\CortexM3\ARM_GCC_541\Debug\Gaspedal_Watchdog.a(UART_Logs_INT.o)
 .ARM.attributes
                0x00000890       0x33 .\CortexM3\ARM_GCC_541\Debug\Gaspedal_Watchdog.a(UART_Logs_IntClock.o)
 .ARM.attributes
                0x000008c3       0x21 .\CortexM3\ARM_GCC_541\Debug\Gaspedal_Watchdog.a(CyBootAsmGnu.o)
 .ARM.attributes
                0x000008e4       0x21 .\CortexM3\ARM_GCC_541\Debug\Gaspedal_Watchdog.a(ErikaOS_ee_gnu_change_context_isr.o)
 .ARM.attributes
                0x00000905       0x21 .\CortexM3\ARM_GCC_541\Debug\Gaspedal_Watchdog.a(ErikaOS_ee_gnu_irq_stack.o)
 .ARM.attributes
                0x00000926       0x21 .\CortexM3\ARM_GCC_541\Debug\Gaspedal_Watchdog.a(ErikaOS_ee_gnu_multi_context.o)
 .ARM.attributes
                0x00000947       0x21 .\CortexM3\ARM_GCC_541\Debug\Gaspedal_Watchdog.a(ErikaOS_ee_gnu_oo.o)
 .ARM.attributes
                0x00000968       0x33 .\CortexM3\ARM_GCC_541\Debug\Gaspedal_Watchdog.a(CyFlash.o)
 .ARM.attributes
                0x0000099b       0x33 .\CortexM3\ARM_GCC_541\Debug\Gaspedal_Watchdog.a(CySpc.o)
 .ARM.attributes
                0x000009ce       0x33 .\CortexM3\ARM_GCC_541\Debug\Gaspedal_Watchdog.a(ErikaOS_ee_tnterm.o)
 .ARM.attributes
                0x00000a01       0x33 .\CortexM3\ARM_GCC_541\Debug\Gaspedal_Watchdog.a(ErikaOS_ee_tstub.o)
 .ARM.attributes
                0x00000a34       0x33 .\CortexM3\ARM_GCC_541\Debug\Gaspedal_Watchdog.a(ErikaOS_cortex_mx_ee_context.o)
 .ARM.attributes
                0x00000a67       0x33 .\CortexM3\ARM_GCC_541\Debug\Gaspedal_Watchdog.a(ErikaOS_ee_thendin.o)
 .ARM.attributes
                0x00000a9a       0x2d c:/program files (x86)/cypress/psoc creator/4.4/psoc creator/import/gnu/arm/5.4.1/bin/../lib/gcc/arm-none-eabi/5.4.1/../../../../arm-none-eabi/lib/armv7-m\libg_nano.a(lib_a-errno.o)
 .ARM.attributes
                0x00000ac7       0x2d c:/program files (x86)/cypress/psoc creator/4.4/psoc creator/import/gnu/arm/5.4.1/bin/../lib/gcc/arm-none-eabi/5.4.1/../../../../arm-none-eabi/lib/armv7-m\libg_nano.a(lib_a-exit.o)
 .ARM.attributes
                0x00000af4       0x2d c:/program files (x86)/cypress/psoc creator/4.4/psoc creator/import/gnu/arm/5.4.1/bin/../lib/gcc/arm-none-eabi/5.4.1/../../../../arm-none-eabi/lib/armv7-m\libg_nano.a(lib_a-impure.o)
 .ARM.attributes
                0x00000b21       0x2d c:/program files (x86)/cypress/psoc creator/4.4/psoc creator/import/gnu/arm/5.4.1/bin/../lib/gcc/arm-none-eabi/5.4.1/../../../../arm-none-eabi/lib/armv7-m\libg_nano.a(lib_a-init.o)
 .ARM.attributes
                0x00000b4e       0x2d c:/program files (x86)/cypress/psoc creator/4.4/psoc creator/import/gnu/arm/5.4.1/bin/../lib/gcc/arm-none-eabi/5.4.1/../../../../arm-none-eabi/lib/armv7-m\libg_nano.a(lib_a-memcpy-stub.o)
 .ARM.attributes
                0x00000b7b       0x2d c:/program files (x86)/cypress/psoc creator/4.4/psoc creator/import/gnu/arm/5.4.1/bin/../lib/gcc/arm-none-eabi/5.4.1/../../../../arm-none-eabi/lib/armv7-m\libg_nano.a(lib_a-memset.o)
 .ARM.attributes
                0x00000ba8       0x2d c:/program files (x86)/cypress/psoc creator/4.4/psoc creator/import/gnu/arm/5.4.1/bin/../lib/gcc/arm-none-eabi/5.4.1/armv7-m/crtend.o
 .ARM.attributes
                0x00000bd5       0x1d c:/program files (x86)/cypress/psoc creator/4.4/psoc creator/import/gnu/arm/5.4.1/bin/../lib/gcc/arm-none-eabi/5.4.1/armv7-m/crtn.o

/DISCARD/
 *(.note.GNU-stack)
OUTPUT(C:\Users\zakis\Documents\EAA\RTE_Gaspedal_Watchdog\LabOne\Gaspedal_Watchdog.cydsn\CortexM3\ARM_GCC_541\Debug\Gaspedal_Watchdog.elf elf32-littlearm)
